******************************************************************************
               TMS320C6x Linker PC v7.4.4                      
******************************************************************************
>> Linked Wed Jan 06 20:04:40 2021

OUTPUT FILE NAME:   <YCbCr2RGB_dsp.out>
ENTRY POINT SYMBOL: "_c_int00"  address: 000077e0


MEMORY CONFIGURATION

         name            origin    length      used     unused   attr    fill
----------------------  --------  ---------  --------  --------  ----  --------
  IRAM                  00000000   00040000  00009324  00036cdc  RWIX
  EMIFA_CS0             80000000   10000000  00000000  10000000  RWIX
  EMIFA_CS1             90000000   10000000  00000000  10000000  RWIX
  EMIFA_CS2             a0000000   10000000  00000000  10000000  RWIX
  EMIFA_CS3             b0000000   10000000  00000000  10000000  RWIX


SECTION ALLOCATION MAP

 output                                  attributes/
section   page    origin      length       input sections
--------  ----  ----------  ----------   ----------------
.text      0    00000000    00007ae0     
                  00000000    00000620     rts6400.lib : _printfi.obj (.text:__getarg_diouxp)
                  00000620    000005c0                 : divd.obj (.text:__divd)
                  00000be0    000004e0                 : _printfi.obj (.text:__setfield)
                  000010c0    000004c0                 : _printfi.obj (.text:__printfi)
                  00001580    00000420                 : fputs.obj (.text:_fputs)
                  000019a0    00000400                 : _printfi.obj (.text:_fcvt)
                  00001da0    000003e0                 : _printfi.obj (.text:__pproc_fge)
                  00002180    000003c0                 : _printfi.obj (.text:_ecvt)
                  00002540    00000320                 : _printfi.obj (.text:__pconv_e)
                  00002860    00000300                 : _printfi.obj (.text:__pproc_fwp)
                  00002b60    000002e0                 : memory.obj (.text:_free)
                  00002e40    000002c0                 : imath64.obj (.text:__divull)
                  00003100    000002a0                 : _printfi.obj (.text:__pproc_diouxp)
                  000033a0    00000280                 : mpyd.obj (.text:__mpyd)
                  00003620    00000260                 : frcaddd.obj (.text:__frcaddd)
                  00003880    00000260                 : _printfi.obj (.text:__pproc_str)
                  00003ae0    00000260                 : fputc.obj (.text:_fputc)
                  00003d40    00000240                 : addd.obj (.text:__addd)
                  00003f80    00000240                 : _printfi.obj (.text:__pconv_g)
                  000041c0    00000240                 : setvbuf.obj (.text:_setvbuf)
                  00004400    00000200                 : trgdrv.obj (.text:_HOSTrename)
                  00004600    00000200                 : _printfi.obj (.text:__mcpy)
                  00004800    000001c0                 : memory.obj (.text:_malloc)
                  000049c0    000001a0     YCbCr2RGB.obj (.text)
                  00004b60    000001a0     rts6400.lib : imath40.obj (.text:__divul)
                  00004d00    00000180                 : fseek.obj (.text:_fseek)
                  00004e80    00000180                 : lowlev.obj (.text:_getdevice)
                  00005000    00000160                 : _printfi.obj (.text:__ltostr)
                  00005160    00000160                 : _printfi.obj (.text:__pproc_fflags)
                  000052c0    00000140                 : fclose.obj (.text:__closefile)
                  00005400    00000120                 : trgdrv.obj (.text:_HOSTlseek)
                  00005520    00000120                 : frcmpyd.obj (.text:__frcmpyd)
                  00005640    00000120                 : _io_perm.obj (.text:__wrt_ok)
                  00005760    00000120                 : atoi.obj (.text:_atoi)
                  00005880    00000100                 : trgdrv.obj (.text:_HOSTopen)
                  00005980    00000100                 : trgdrv.obj (.text:_HOSTread)
                  00005a80    00000100                 : trgdrv.obj (.text:_HOSTwrite)
                  00005b80    00000100                 : frcmpyd_div.obj (.text:__frcmpyd_div)
                  00005c80    00000100                 : lowlev.obj (.text:_close)
                  00005d80    00000100                 : ltoa.obj (.text:_ltoa)
                  00005e80    00000100                 : memset.obj (.text:_memset)
                  00005f80    000000e0                 : trgdrv.obj (.text:_HOSTunlink)
                  00006060    000000e0                 : autoinit.obj (.text:__auto_init)
                  00006140    000000e0                 : cmpd.obj (.text:__cmpd)
                  00006220    000000e0                 : _printfi.obj (.text:__div)
                  00006300    000000e0                 : fflush.obj (.text:__doflush)
                  000063e0    000000e0                 : _printfi.obj (.text:__pconv_f)
                  000064c0    000000e0                 : memcpy64.obj (.text:_memcpy)
                  000065a0    000000e0                 : memory.obj (.text:_mremove)
                  00006680    000000e0                 : printf.obj (.text:_printf)
                  00006760    000000e0     main.obj (.text)
                  00006840    000000c0     rts6400.lib : trgdrv.obj (.text:_HOSTclose)
                  00006900    000000c0                 : fopen.obj (.text:__cleanup)
                  000069c0    000000c0                 : divu.obj (.text:__divu)
                  00006a80    000000c0                 : _printfi.obj (.text:__ecpy)
                  00006b40    000000c0                 : _printfi.obj (.text:__fcpy)
                  00006c00    000000c0                 : exit.obj (.text:_exit)
                  00006cc0    000000c0                 : lowlev.obj (.text:_lseek)
                  00006d80    000000c0                 : memory.obj (.text:_minsert)
                  00006e40    000000c0                 : lowlev.obj (.text:_write)
                  00006f00    000000a0                 : imath40.obj (.text:__divli)
                  00006fa0    000000a0                 : fixdi.obj (.text:__fixdi)
                  00007040    000000a0                 : fixdli.obj (.text:__fixdli)
                  000070e0    000000a0                 : renormd.obj (.text:__renormd)
                  00007180    000000a0                 : cpy_tbl.obj (.text:_copy_in)
                  00007220    000000a0                 : lowlev.obj (.text:_finddevice)
                  000072c0    00000080                 : cpp_init.obj (.text:___TI_cpp_init)
                  00007340    00000080                 : fltlid.obj (.text:__fltlid)
                  000073c0    00000080                 : llshift.obj (.text:__llshl)
                  00007440    00000080                 : mpyll.obj (.text:__mpyll)
                  000074c0    00000080                 : memccpy.obj (.text:_memccpy)
                  00007540    00000080                 : trgmsg.obj (.text:_readmsg)
                  000075c0    00000080                 : lowlev.obj (.text:_unlink)
                  00007640    00000080     multiply32.obj (.text)
                  000076c0    00000060     rts6400.lib : llshift.obj (.text:__llshru)
                  00007720    00000060                 : imath40.obj (.text:__remli)
                  00007780    00000060                 : imath64.obj (.text:__subcull)
                  000077e0    00000060                 : boot.obj (.text:_c_int00)
                  00007840    00000060                 : trgmsg.obj (.text:_writemsg)
                  000078a0    00000040                 : isinf.obj (.text:___isinf)
                  000078e0    00000040                 : _printfi.obj (.text:___isnan)
                  00007920    00000040                 : args_main.obj (.text:__args_main)
                  00007960    00000040                 : negd.obj (.text:__negd)
                  000079a0    00000040                 : subd.obj (.text:__subd)
                  000079e0    00000040     rounding.obj (.text)
                  00007a20    00000020     rts6400.lib : negll.obj (.text:__negll)
                  00007a40    00000020                 : _lock.obj (.text:__nop)
                  00007a60    00000020                 : printf.obj (.text:__outc)
                  00007a80    00000020                 : printf.obj (.text:__outs)
                  00007aa0    00000020                 : exit.obj (.text:_abort)
                  00007ac0    00000020                 : remove.obj (.text:_remove)

.bss       0    00000000    00000000     UNINITIALIZED

.data      0    00000000    00000000     UNINITIALIZED

.pinit     0    00000000    00000000     UNINITIALIZED

.stack     0    00007ae0    00000800     UNINITIALIZED
                  00007ae0    00000008     rts6400.lib : boot.obj (.stack)
                  00007ae8    000007f8     --HOLE--

.sysmem    0    000082e0    00000800     UNINITIALIZED
                  000082e0    00000008     rts6400.lib : memory.obj (.sysmem)
                  000082e8    000007f8     --HOLE--

.far       0    00008ae0    00000468     UNINITIALIZED
                  00008ae0    00000324     rts6400.lib : defs.obj (.far)
                  00008e04    00000004                 : fopen.obj (.far)
                  00008e08    0000011c                 : lowlev.obj (.far)
                  00008f24    0000000c                 : exit.obj (.far)
                  00008f30    00000008                 : _lock.obj (.far)
                  00008f38    00000008                 : memory.obj (.far)
                  00008f40    00000008                 : trgdrv.obj (.far)

.const     0    00008f48    00000168     
                  00008f48    00000101     rts6400.lib : ctype.obj (.const:.string:__ctypes_)
                  00009049    00000002                 : fputs.obj (.const:.string)
                  0000904b    00000001     --HOLE-- [fill = 0]
                  0000904c    00000024     main.obj (.const:.string)
                  00009070    00000023     rts6400.lib : _printfi.obj (.const:.string)
                  00009093    00000005     --HOLE-- [fill = 0]
                  00009098    0000000c     main.obj (.const:_$P$T0$1)
                  000090a4    00000004     --HOLE-- [fill = 0]
                  000090a8    00000008     rts6400.lib : divd.obj (.const:.string:_initial_approx$1)

.cinit     0    000090b0    00000154     
                  000090b0    0000005c     rts6400.lib : defs.obj (.cinit)
                  0000910c    00000004     --HOLE-- [fill = 0]
                  00009110    0000005c                 : lowlev.obj (.cinit)
                  0000916c    00000004     --HOLE-- [fill = 0]
                  00009170    0000002c                 : exit.obj (.cinit)
                  0000919c    00000004     --HOLE-- [fill = 0]
                  000091a0    0000002c                 : memory.obj (.cinit)
                  000091cc    00000004     --HOLE-- [fill = 0]
                  000091d0    0000001c                 : _lock.obj (.cinit)
                  000091ec    00000004     --HOLE-- [fill = 0]
                  000091f0    0000000c                 : fopen.obj (.cinit)
                  000091fc    00000004     --HOLE-- [fill = 0]
                  00009200    00000004     (.pad.cinit) [fill = 0]

.cio       0    00009208    00000120     UNINITIALIZED
                  00009208    00000120     rts6400.lib : trgmsg.obj (.cio)


GLOBAL SYMBOLS: SORTED ALPHABETICALLY BY Name 

address    name
--------   ----
00000000   $bss
00000000   .bss
00000000   .data
00000000   .text
00007aa0   C$$EXIT
00007898   C$$IO$$
00006840   _HOSTclose
00005400   _HOSTlseek
00005880   _HOSTopen
00005980   _HOSTread
00004400   _HOSTrename
00005f80   _HOSTunlink
00005a80   _HOSTwrite
000049c0   _YCbCr2RGB
00009208   __CIOBUF_
000082e0   __STACK_END
00000800   __STACK_SIZE
00000800   __SYSMEM_SIZE
00000001   __TI_args_main
000072c0   ___TI_cpp_init
00008f2c   ___TI_enable_exit_profile_output
ffffffff   ___TI_pprof_out_hndl
ffffffff   ___TI_prof_data_size
ffffffff   ___TI_prof_data_start
ffffffff   ___binit__
00000000   ___bss__
ffffffff   ___c_args__
000090b0   ___cinit__
00000000   ___data__
00000000   ___edata__
00000000   ___end__
00007ae0   ___etext__
000078a0   ___isinf
ffffffff   ___pinit__
00000000   ___text__
00003d40   __addd
00007920   __args_main
00006060   __auto_init
000069c0   __c6xabi_divu
00006900   __cleanup
00008f24   __cleanup_ptr
000052c0   __closefile
00006140   __cmpd
00008f48   __ctypes_
00000620   __divd
00006f00   __divli
000069c0   __divu
00004b60   __divul
00002e40   __divull
00006300   __doflush
00008f28   __dtors_ptr
00006fa0   __fixdi
00007040   __fixdli
00007340   __fltlid
00003620   __frcaddd
00005520   __frcmpyd
00005b80   __frcmpyd_div
00008e00   __ft_end
00008ae0   __ftable
000073c0   __llshl
000076c0   __llshru
00008f30   __lock
000033a0   __mpyd
00007440   __mpyll
00007960   __negd
00007a20   __negll
00007a40   __nop
000010c0   __printfi
00007720   __remli
000070e0   __renormd
00007ae0   __stack
00007780   __subcull
000079a0   __subd
000082e0   __sys_memory
00008cc0   __tmpnams
00008f34   __unlock
00005640   __wrt_ok
00007aa0   _abort
00005760   _atoi
000077e0   _c_int00
00005c80   _close
00007180   _copy_in
00006c00   _exit
00003ae0   _fputc
00001580   _fputs
00002b60   _free
00004d00   _fseek
00006cc0   _lseek
00005d80   _ltoa
00006760   _main
00004800   _malloc
000074c0   _memccpy
000064c0   _memcpy
00005e80   _memset
00007640   _multiply32
000079e0   _my_rounding
00006680   _printf
00003ae0   _putc
00007540   _readmsg
00007ac0   _remove
000041c0   _setvbuf
000075c0   _unlink
00006e40   _write
00007840   _writemsg
ffffffff   binit
000090b0   cinit
00000000   edata
00000000   end
00007ae0   etext
ffffffff   pinit


GLOBAL SYMBOLS: SORTED BY Symbol Address 

address    name
--------   ----
00000000   $bss
00000000   .bss
00000000   .data
00000000   .text
00000000   ___bss__
00000000   ___data__
00000000   ___edata__
00000000   ___end__
00000000   ___text__
00000000   edata
00000000   end
00000001   __TI_args_main
00000620   __divd
00000800   __STACK_SIZE
00000800   __SYSMEM_SIZE
000010c0   __printfi
00001580   _fputs
00002b60   _free
00002e40   __divull
000033a0   __mpyd
00003620   __frcaddd
00003ae0   _fputc
00003ae0   _putc
00003d40   __addd
000041c0   _setvbuf
00004400   _HOSTrename
00004800   _malloc
000049c0   _YCbCr2RGB
00004b60   __divul
00004d00   _fseek
000052c0   __closefile
00005400   _HOSTlseek
00005520   __frcmpyd
00005640   __wrt_ok
00005760   _atoi
00005880   _HOSTopen
00005980   _HOSTread
00005a80   _HOSTwrite
00005b80   __frcmpyd_div
00005c80   _close
00005d80   _ltoa
00005e80   _memset
00005f80   _HOSTunlink
00006060   __auto_init
00006140   __cmpd
00006300   __doflush
000064c0   _memcpy
00006680   _printf
00006760   _main
00006840   _HOSTclose
00006900   __cleanup
000069c0   __c6xabi_divu
000069c0   __divu
00006c00   _exit
00006cc0   _lseek
00006e40   _write
00006f00   __divli
00006fa0   __fixdi
00007040   __fixdli
000070e0   __renormd
00007180   _copy_in
000072c0   ___TI_cpp_init
00007340   __fltlid
000073c0   __llshl
00007440   __mpyll
000074c0   _memccpy
00007540   _readmsg
000075c0   _unlink
00007640   _multiply32
000076c0   __llshru
00007720   __remli
00007780   __subcull
000077e0   _c_int00
00007840   _writemsg
00007898   C$$IO$$
000078a0   ___isinf
00007920   __args_main
00007960   __negd
000079a0   __subd
000079e0   _my_rounding
00007a20   __negll
00007a40   __nop
00007aa0   C$$EXIT
00007aa0   _abort
00007ac0   _remove
00007ae0   ___etext__
00007ae0   __stack
00007ae0   etext
000082e0   __STACK_END
000082e0   __sys_memory
00008ae0   __ftable
00008cc0   __tmpnams
00008e00   __ft_end
00008f24   __cleanup_ptr
00008f28   __dtors_ptr
00008f2c   ___TI_enable_exit_profile_output
00008f30   __lock
00008f34   __unlock
00008f48   __ctypes_
000090b0   ___cinit__
000090b0   cinit
00009208   __CIOBUF_
ffffffff   ___TI_pprof_out_hndl
ffffffff   ___TI_prof_data_size
ffffffff   ___TI_prof_data_start
ffffffff   ___binit__
ffffffff   ___c_args__
ffffffff   ___pinit__
ffffffff   binit
ffffffff   pinit

[110 symbols]
