<?xml version="1.0"?>
<link_info>
   <banner>TMS320C6x Linker PC v7.4.4</banner>
   <copyright>Copyright (c) 1996-2013 Texas Instruments Incorporated</copyright>
   <link_time>0x5fde04e9</link_time>
   <output_file>YCbCr2RGB.out</output_file>
   <entry_point>
      <name>_c_int00</name>
      <address>0x9140</address>
   </entry_point>
   <input_file_list>
      <input_file id="fl-2">
         <path>.\</path>
         <kind>object</kind>
         <file>multiply32.obj</file>
         <name>multiply32.obj</name>
      </input_file>
      <input_file id="fl-3">
         <path>.\</path>
         <kind>object</kind>
         <file>matrix_multipy.obj</file>
         <name>matrix_multipy.obj</name>
      </input_file>
      <input_file id="fl-4">
         <path>.\</path>
         <kind>object</kind>
         <file>main.obj</file>
         <name>main.obj</name>
      </input_file>
      <input_file id="fl-7f">
         <path>F:\software\ccs\ccsv5\tools\compiler\c6000_7.4.4\lib\</path>
         <kind>archive</kind>
         <file>rts6400.lib</file>
         <name>addd.obj</name>
      </input_file>
      <input_file id="fl-80">
         <path>F:\software\ccs\ccsv5\tools\compiler\c6000_7.4.4\lib\</path>
         <kind>archive</kind>
         <file>rts6400.lib</file>
         <name>addf.obj</name>
      </input_file>
      <input_file id="fl-81">
         <path>F:\software\ccs\ccsv5\tools\compiler\c6000_7.4.4\lib\</path>
         <kind>archive</kind>
         <file>rts6400.lib</file>
         <name>boot.obj</name>
      </input_file>
      <input_file id="fl-82">
         <path>F:\software\ccs\ccsv5\tools\compiler\c6000_7.4.4\lib\</path>
         <kind>archive</kind>
         <file>rts6400.lib</file>
         <name>cvtdf.obj</name>
      </input_file>
      <input_file id="fl-83">
         <path>F:\software\ccs\ccsv5\tools\compiler\c6000_7.4.4\lib\</path>
         <kind>archive</kind>
         <file>rts6400.lib</file>
         <name>cvtfd.obj</name>
      </input_file>
      <input_file id="fl-84">
         <path>F:\software\ccs\ccsv5\tools\compiler\c6000_7.4.4\lib\</path>
         <kind>archive</kind>
         <file>rts6400.lib</file>
         <name>exit.obj</name>
      </input_file>
      <input_file id="fl-85">
         <path>F:\software\ccs\ccsv5\tools\compiler\c6000_7.4.4\lib\</path>
         <kind>archive</kind>
         <file>rts6400.lib</file>
         <name>fltid.obj</name>
      </input_file>
      <input_file id="fl-86">
         <path>F:\software\ccs\ccsv5\tools\compiler\c6000_7.4.4\lib\</path>
         <kind>archive</kind>
         <file>rts6400.lib</file>
         <name>fltif.obj</name>
      </input_file>
      <input_file id="fl-87">
         <path>F:\software\ccs\ccsv5\tools\compiler\c6000_7.4.4\lib\</path>
         <kind>archive</kind>
         <file>rts6400.lib</file>
         <name>frcaddd.obj</name>
      </input_file>
      <input_file id="fl-88">
         <path>F:\software\ccs\ccsv5\tools\compiler\c6000_7.4.4\lib\</path>
         <kind>archive</kind>
         <file>rts6400.lib</file>
         <name>pow.obj</name>
      </input_file>
      <input_file id="fl-89">
         <path>F:\software\ccs\ccsv5\tools\compiler\c6000_7.4.4\lib\</path>
         <kind>archive</kind>
         <file>rts6400.lib</file>
         <name>printf.obj</name>
      </input_file>
      <input_file id="fl-8a">
         <path>F:\software\ccs\ccsv5\tools\compiler\c6000_7.4.4\lib\</path>
         <kind>archive</kind>
         <file>rts6400.lib</file>
         <name>renormd.obj</name>
      </input_file>
      <input_file id="fl-8b">
         <path>F:\software\ccs\ccsv5\tools\compiler\c6000_7.4.4\lib\</path>
         <kind>archive</kind>
         <file>rts6400.lib</file>
         <name>round.obj</name>
      </input_file>
      <input_file id="fl-8c">
         <path>F:\software\ccs\ccsv5\tools\compiler\c6000_7.4.4\lib\</path>
         <kind>archive</kind>
         <file>rts6400.lib</file>
         <name>subd.obj</name>
      </input_file>
      <input_file id="fl-8d">
         <path>F:\software\ccs\ccsv5\tools\compiler\c6000_7.4.4\lib\</path>
         <kind>archive</kind>
         <file>rts6400.lib</file>
         <name>trunc.obj</name>
      </input_file>
      <input_file id="fl-8e">
         <path>F:\software\ccs\ccsv5\tools\compiler\c6000_7.4.4\lib\</path>
         <kind>archive</kind>
         <file>rts6400.lib</file>
         <name>_lock.obj</name>
      </input_file>
      <input_file id="fl-8f">
         <path>F:\software\ccs\ccsv5\tools\compiler\c6000_7.4.4\lib\</path>
         <kind>archive</kind>
         <file>rts6400.lib</file>
         <name>_printfi.obj</name>
      </input_file>
      <input_file id="fl-90">
         <path>F:\software\ccs\ccsv5\tools\compiler\c6000_7.4.4\lib\</path>
         <kind>archive</kind>
         <file>rts6400.lib</file>
         <name>args_main.obj</name>
      </input_file>
      <input_file id="fl-91">
         <path>F:\software\ccs\ccsv5\tools\compiler\c6000_7.4.4\lib\</path>
         <kind>archive</kind>
         <file>rts6400.lib</file>
         <name>atoi.obj</name>
      </input_file>
      <input_file id="fl-92">
         <path>F:\software\ccs\ccsv5\tools\compiler\c6000_7.4.4\lib\</path>
         <kind>archive</kind>
         <file>rts6400.lib</file>
         <name>autoinit.obj</name>
      </input_file>
      <input_file id="fl-93">
         <path>F:\software\ccs\ccsv5\tools\compiler\c6000_7.4.4\lib\</path>
         <kind>archive</kind>
         <file>rts6400.lib</file>
         <name>cmpd.obj</name>
      </input_file>
      <input_file id="fl-94">
         <path>F:\software\ccs\ccsv5\tools\compiler\c6000_7.4.4\lib\</path>
         <kind>archive</kind>
         <file>rts6400.lib</file>
         <name>cpp_init.obj</name>
      </input_file>
      <input_file id="fl-95">
         <path>F:\software\ccs\ccsv5\tools\compiler\c6000_7.4.4\lib\</path>
         <kind>archive</kind>
         <file>rts6400.lib</file>
         <name>cpy_tbl.obj</name>
      </input_file>
      <input_file id="fl-96">
         <path>F:\software\ccs\ccsv5\tools\compiler\c6000_7.4.4\lib\</path>
         <kind>archive</kind>
         <file>rts6400.lib</file>
         <name>ctype.obj</name>
      </input_file>
      <input_file id="fl-97">
         <path>F:\software\ccs\ccsv5\tools\compiler\c6000_7.4.4\lib\</path>
         <kind>archive</kind>
         <file>rts6400.lib</file>
         <name>defs.obj</name>
      </input_file>
      <input_file id="fl-98">
         <path>F:\software\ccs\ccsv5\tools\compiler\c6000_7.4.4\lib\</path>
         <kind>archive</kind>
         <file>rts6400.lib</file>
         <name>divd.obj</name>
      </input_file>
      <input_file id="fl-99">
         <path>F:\software\ccs\ccsv5\tools\compiler\c6000_7.4.4\lib\</path>
         <kind>archive</kind>
         <file>rts6400.lib</file>
         <name>divu.obj</name>
      </input_file>
      <input_file id="fl-9a">
         <path>F:\software\ccs\ccsv5\tools\compiler\c6000_7.4.4\lib\</path>
         <kind>archive</kind>
         <file>rts6400.lib</file>
         <name>errno.obj</name>
      </input_file>
      <input_file id="fl-9b">
         <path>F:\software\ccs\ccsv5\tools\compiler\c6000_7.4.4\lib\</path>
         <kind>archive</kind>
         <file>rts6400.lib</file>
         <name>fixdi.obj</name>
      </input_file>
      <input_file id="fl-9c">
         <path>F:\software\ccs\ccsv5\tools\compiler\c6000_7.4.4\lib\</path>
         <kind>archive</kind>
         <file>rts6400.lib</file>
         <name>fixdli.obj</name>
      </input_file>
      <input_file id="fl-9d">
         <path>F:\software\ccs\ccsv5\tools\compiler\c6000_7.4.4\lib\</path>
         <kind>archive</kind>
         <file>rts6400.lib</file>
         <name>fltlid.obj</name>
      </input_file>
      <input_file id="fl-9e">
         <path>F:\software\ccs\ccsv5\tools\compiler\c6000_7.4.4\lib\</path>
         <kind>archive</kind>
         <file>rts6400.lib</file>
         <name>fputc.obj</name>
      </input_file>
      <input_file id="fl-9f">
         <path>F:\software\ccs\ccsv5\tools\compiler\c6000_7.4.4\lib\</path>
         <kind>archive</kind>
         <file>rts6400.lib</file>
         <name>fputs.obj</name>
      </input_file>
      <input_file id="fl-a0">
         <path>F:\software\ccs\ccsv5\tools\compiler\c6000_7.4.4\lib\</path>
         <kind>archive</kind>
         <file>rts6400.lib</file>
         <name>frcmpyd_div.obj</name>
      </input_file>
      <input_file id="fl-a1">
         <path>F:\software\ccs\ccsv5\tools\compiler\c6000_7.4.4\lib\</path>
         <kind>archive</kind>
         <file>rts6400.lib</file>
         <name>frexp.obj</name>
      </input_file>
      <input_file id="fl-a2">
         <path>F:\software\ccs\ccsv5\tools\compiler\c6000_7.4.4\lib\</path>
         <kind>archive</kind>
         <file>rts6400.lib</file>
         <name>imath40.obj</name>
      </input_file>
      <input_file id="fl-a3">
         <path>F:\software\ccs\ccsv5\tools\compiler\c6000_7.4.4\lib\</path>
         <kind>archive</kind>
         <file>rts6400.lib</file>
         <name>imath64.obj</name>
      </input_file>
      <input_file id="fl-a4">
         <path>F:\software\ccs\ccsv5\tools\compiler\c6000_7.4.4\lib\</path>
         <kind>archive</kind>
         <file>rts6400.lib</file>
         <name>isinf.obj</name>
      </input_file>
      <input_file id="fl-a5">
         <path>F:\software\ccs\ccsv5\tools\compiler\c6000_7.4.4\lib\</path>
         <kind>archive</kind>
         <file>rts6400.lib</file>
         <name>ldexp.obj</name>
      </input_file>
      <input_file id="fl-a6">
         <path>F:\software\ccs\ccsv5\tools\compiler\c6000_7.4.4\lib\</path>
         <kind>archive</kind>
         <file>rts6400.lib</file>
         <name>llshift.obj</name>
      </input_file>
      <input_file id="fl-a7">
         <path>F:\software\ccs\ccsv5\tools\compiler\c6000_7.4.4\lib\</path>
         <kind>archive</kind>
         <file>rts6400.lib</file>
         <name>lowlev.obj</name>
      </input_file>
      <input_file id="fl-a8">
         <path>F:\software\ccs\ccsv5\tools\compiler\c6000_7.4.4\lib\</path>
         <kind>archive</kind>
         <file>rts6400.lib</file>
         <name>ltoa.obj</name>
      </input_file>
      <input_file id="fl-a9">
         <path>F:\software\ccs\ccsv5\tools\compiler\c6000_7.4.4\lib\</path>
         <kind>archive</kind>
         <file>rts6400.lib</file>
         <name>memccpy.obj</name>
      </input_file>
      <input_file id="fl-aa">
         <path>F:\software\ccs\ccsv5\tools\compiler\c6000_7.4.4\lib\</path>
         <kind>archive</kind>
         <file>rts6400.lib</file>
         <name>memcpy64.obj</name>
      </input_file>
      <input_file id="fl-ab">
         <path>F:\software\ccs\ccsv5\tools\compiler\c6000_7.4.4\lib\</path>
         <kind>archive</kind>
         <file>rts6400.lib</file>
         <name>memset.obj</name>
      </input_file>
      <input_file id="fl-ac">
         <path>F:\software\ccs\ccsv5\tools\compiler\c6000_7.4.4\lib\</path>
         <kind>archive</kind>
         <file>rts6400.lib</file>
         <name>modf.obj</name>
      </input_file>
      <input_file id="fl-ad">
         <path>F:\software\ccs\ccsv5\tools\compiler\c6000_7.4.4\lib\</path>
         <kind>archive</kind>
         <file>rts6400.lib</file>
         <name>mpyd.obj</name>
      </input_file>
      <input_file id="fl-ae">
         <path>F:\software\ccs\ccsv5\tools\compiler\c6000_7.4.4\lib\</path>
         <kind>archive</kind>
         <file>rts6400.lib</file>
         <name>mpyll.obj</name>
      </input_file>
      <input_file id="fl-af">
         <path>F:\software\ccs\ccsv5\tools\compiler\c6000_7.4.4\lib\</path>
         <kind>archive</kind>
         <file>rts6400.lib</file>
         <name>negd.obj</name>
      </input_file>
      <input_file id="fl-b0">
         <path>F:\software\ccs\ccsv5\tools\compiler\c6000_7.4.4\lib\</path>
         <kind>archive</kind>
         <file>rts6400.lib</file>
         <name>negll.obj</name>
      </input_file>
      <input_file id="fl-b1">
         <path>F:\software\ccs\ccsv5\tools\compiler\c6000_7.4.4\lib\</path>
         <kind>archive</kind>
         <file>rts6400.lib</file>
         <name>trgdrv.obj</name>
      </input_file>
      <input_file id="fl-b2">
         <path>F:\software\ccs\ccsv5\tools\compiler\c6000_7.4.4\lib\</path>
         <kind>archive</kind>
         <file>rts6400.lib</file>
         <name>trgmsg.obj</name>
      </input_file>
      <input_file id="fl-b3">
         <path>F:\software\ccs\ccsv5\tools\compiler\c6000_7.4.4\lib\</path>
         <kind>archive</kind>
         <file>rts6400.lib</file>
         <name>_io_perm.obj</name>
      </input_file>
      <input_file id="fl-b4">
         <path>F:\software\ccs\ccsv5\tools\compiler\c6000_7.4.4\lib\</path>
         <kind>archive</kind>
         <file>rts6400.lib</file>
         <name>abs.obj</name>
      </input_file>
      <input_file id="fl-b5">
         <path>F:\software\ccs\ccsv5\tools\compiler\c6000_7.4.4\lib\</path>
         <kind>archive</kind>
         <file>rts6400.lib</file>
         <name>fflush.obj</name>
      </input_file>
      <input_file id="fl-b6">
         <path>F:\software\ccs\ccsv5\tools\compiler\c6000_7.4.4\lib\</path>
         <kind>archive</kind>
         <file>rts6400.lib</file>
         <name>frcmpyd.obj</name>
      </input_file>
      <input_file id="fl-b7">
         <path>F:\software\ccs\ccsv5\tools\compiler\c6000_7.4.4\lib\</path>
         <kind>archive</kind>
         <file>rts6400.lib</file>
         <name>fseek.obj</name>
      </input_file>
      <input_file id="fl-b8">
         <path>F:\software\ccs\ccsv5\tools\compiler\c6000_7.4.4\lib\</path>
         <kind>archive</kind>
         <file>rts6400.lib</file>
         <name>setvbuf.obj</name>
      </input_file>
      <input_file id="fl-b9">
         <path>F:\software\ccs\ccsv5\tools\compiler\c6000_7.4.4\lib\</path>
         <kind>archive</kind>
         <file>rts6400.lib</file>
         <name>fopen.obj</name>
      </input_file>
      <input_file id="fl-ba">
         <path>F:\software\ccs\ccsv5\tools\compiler\c6000_7.4.4\lib\</path>
         <kind>archive</kind>
         <file>rts6400.lib</file>
         <name>memory.obj</name>
      </input_file>
      <input_file id="fl-bb">
         <path>F:\software\ccs\ccsv5\tools\compiler\c6000_7.4.4\lib\</path>
         <kind>archive</kind>
         <file>rts6400.lib</file>
         <name>fclose.obj</name>
      </input_file>
      <input_file id="fl-bc">
         <path>F:\software\ccs\ccsv5\tools\compiler\c6000_7.4.4\lib\</path>
         <kind>archive</kind>
         <file>rts6400.lib</file>
         <name>remove.obj</name>
      </input_file>
   </input_file_list>
   <object_component_list>
      <object_component id="oc-10b">
         <name>.text:_pow</name>
         <load_address>0x0</load_address>
         <run_address>0x0</run_address>
         <size>0xc60</size>
         <input_file_ref idref="fl-88"/>
      </object_component>
      <object_component id="oc-13a">
         <name>.text:__getarg_diouxp</name>
         <load_address>0xc60</load_address>
         <run_address>0xc60</run_address>
         <size>0x620</size>
         <input_file_ref idref="fl-8f"/>
      </object_component>
      <object_component id="oc-118">
         <name>.text:__divd</name>
         <load_address>0x1280</load_address>
         <run_address>0x1280</run_address>
         <size>0x5c0</size>
         <input_file_ref idref="fl-98"/>
      </object_component>
      <object_component id="oc-122">
         <name>.text:__setfield</name>
         <load_address>0x1840</load_address>
         <run_address>0x1840</run_address>
         <size>0x4e0</size>
         <input_file_ref idref="fl-8f"/>
      </object_component>
      <object_component id="oc-111">
         <name>.text:__printfi</name>
         <load_address>0x1d20</load_address>
         <run_address>0x1d20</run_address>
         <size>0x4c0</size>
         <input_file_ref idref="fl-8f"/>
      </object_component>
      <object_component id="oc-11f">
         <name>.text:_fputs</name>
         <load_address>0x21e0</load_address>
         <run_address>0x21e0</run_address>
         <size>0x420</size>
         <input_file_ref idref="fl-9f"/>
      </object_component>
      <object_component id="oc-144">
         <name>.text:_fcvt</name>
         <load_address>0x2600</load_address>
         <run_address>0x2600</run_address>
         <size>0x400</size>
         <input_file_ref idref="fl-8f"/>
      </object_component>
      <object_component id="oc-12e">
         <name>.text:__pproc_fge</name>
         <load_address>0x2a00</load_address>
         <run_address>0x2a00</run_address>
         <size>0x3e0</size>
         <input_file_ref idref="fl-8f"/>
      </object_component>
      <object_component id="oc-141">
         <name>.text:_ecvt</name>
         <load_address>0x2de0</load_address>
         <run_address>0x2de0</run_address>
         <size>0x3c0</size>
         <input_file_ref idref="fl-8f"/>
      </object_component>
      <object_component id="oc-10f">
         <name>.text:__addf</name>
         <load_address>0x31a0</load_address>
         <run_address>0x31a0</run_address>
         <size>0x380</size>
         <input_file_ref idref="fl-80"/>
      </object_component>
      <object_component id="oc-139">
         <name>.text:__pconv_e</name>
         <load_address>0x3520</load_address>
         <run_address>0x3520</run_address>
         <size>0x320</size>
         <input_file_ref idref="fl-8f"/>
      </object_component>
      <object_component id="oc-100">
         <name>.text</name>
         <load_address>0x3840</load_address>
         <run_address>0x3840</run_address>
         <size>0x320</size>
         <input_file_ref idref="fl-4"/>
      </object_component>
      <object_component id="oc-121">
         <name>.text:__pproc_fwp</name>
         <load_address>0x3b60</load_address>
         <run_address>0x3b60</run_address>
         <size>0x300</size>
         <input_file_ref idref="fl-8f"/>
      </object_component>
      <object_component id="oc-13e">
         <name>.text:_free</name>
         <load_address>0x3e60</load_address>
         <run_address>0x3e60</run_address>
         <size>0x2e0</size>
         <input_file_ref idref="fl-ba"/>
      </object_component>
      <object_component id="oc-14f">
         <name>.text:__divull</name>
         <load_address>0x4140</load_address>
         <run_address>0x4140</run_address>
         <size>0x2c0</size>
         <input_file_ref idref="fl-a3"/>
      </object_component>
      <object_component id="oc-12f">
         <name>.text:__pproc_diouxp</name>
         <load_address>0x4400</load_address>
         <run_address>0x4400</run_address>
         <size>0x2a0</size>
         <input_file_ref idref="fl-8f"/>
      </object_component>
      <object_component id="oc-119">
         <name>.text:__mpyd</name>
         <load_address>0x46a0</load_address>
         <run_address>0x46a0</run_address>
         <size>0x280</size>
         <input_file_ref idref="fl-ad"/>
      </object_component>
      <object_component id="oc-11e">
         <name>.text:__frcaddd</name>
         <load_address>0x4920</load_address>
         <run_address>0x4920</run_address>
         <size>0x260</size>
         <input_file_ref idref="fl-87"/>
      </object_component>
      <object_component id="oc-123">
         <name>.text:__pproc_str</name>
         <load_address>0x4b80</load_address>
         <run_address>0x4b80</run_address>
         <size>0x260</size>
         <input_file_ref idref="fl-8f"/>
      </object_component>
      <object_component id="oc-124">
         <name>.text:_fputc</name>
         <load_address>0x4de0</load_address>
         <run_address>0x4de0</run_address>
         <size>0x260</size>
         <input_file_ref idref="fl-9e"/>
      </object_component>
      <object_component id="oc-10c">
         <name>.text:__addd</name>
         <load_address>0x5040</load_address>
         <run_address>0x5040</run_address>
         <size>0x240</size>
         <input_file_ref idref="fl-7f"/>
      </object_component>
      <object_component id="oc-137">
         <name>.text:__pconv_g</name>
         <load_address>0x5280</load_address>
         <run_address>0x5280</run_address>
         <size>0x240</size>
         <input_file_ref idref="fl-8f"/>
      </object_component>
      <object_component id="oc-116">
         <name>.text:_ldexp</name>
         <load_address>0x54c0</load_address>
         <run_address>0x54c0</run_address>
         <size>0x240</size>
         <input_file_ref idref="fl-a5"/>
      </object_component>
      <object_component id="oc-133">
         <name>.text:_setvbuf</name>
         <load_address>0x5700</load_address>
         <run_address>0x5700</run_address>
         <size>0x240</size>
         <input_file_ref idref="fl-b8"/>
      </object_component>
      <object_component id="oc-fc">
         <name>.text:_HOSTrename</name>
         <load_address>0x5940</load_address>
         <run_address>0x5940</run_address>
         <size>0x200</size>
         <input_file_ref idref="fl-b1"/>
      </object_component>
      <object_component id="oc-143">
         <name>.text:__mcpy</name>
         <load_address>0x5b40</load_address>
         <run_address>0x5b40</run_address>
         <size>0x200</size>
         <input_file_ref idref="fl-8f"/>
      </object_component>
      <object_component id="oc-114">
         <name>.text:_frexp</name>
         <load_address>0x5d40</load_address>
         <run_address>0x5d40</run_address>
         <size>0x1e0</size>
         <input_file_ref idref="fl-a1"/>
      </object_component>
      <object_component id="oc-13f">
         <name>.text:_malloc</name>
         <load_address>0x5f20</load_address>
         <run_address>0x5f20</run_address>
         <size>0x1c0</size>
         <input_file_ref idref="fl-ba"/>
      </object_component>
      <object_component id="oc-14e">
         <name>.text:__divul</name>
         <load_address>0x60e0</load_address>
         <run_address>0x60e0</run_address>
         <size>0x1a0</size>
         <input_file_ref idref="fl-a2"/>
      </object_component>
      <object_component id="oc-132">
         <name>.text:_fseek</name>
         <load_address>0x6280</load_address>
         <run_address>0x6280</run_address>
         <size>0x180</size>
         <input_file_ref idref="fl-b7"/>
      </object_component>
      <object_component id="oc-158">
         <name>.text:_getdevice</name>
         <load_address>0x6400</load_address>
         <run_address>0x6400</run_address>
         <size>0x180</size>
         <input_file_ref idref="fl-a7"/>
      </object_component>
      <object_component id="oc-13c">
         <name>.text:__ltostr</name>
         <load_address>0x6580</load_address>
         <run_address>0x6580</run_address>
         <size>0x160</size>
         <input_file_ref idref="fl-8f"/>
      </object_component>
      <object_component id="oc-11a">
         <name>.text:__nround</name>
         <load_address>0x66e0</load_address>
         <run_address>0x66e0</run_address>
         <size>0x160</size>
         <input_file_ref idref="fl-8b"/>
      </object_component>
      <object_component id="oc-120">
         <name>.text:__pproc_fflags</name>
         <load_address>0x6840</load_address>
         <run_address>0x6840</run_address>
         <size>0x160</size>
         <input_file_ref idref="fl-8f"/>
      </object_component>
      <object_component id="oc-149">
         <name>.text:__closefile</name>
         <load_address>0x69a0</load_address>
         <run_address>0x69a0</run_address>
         <size>0x140</size>
         <input_file_ref idref="fl-bb"/>
      </object_component>
      <object_component id="oc-fa">
         <name>.text:_HOSTlseek</name>
         <load_address>0x6ae0</load_address>
         <run_address>0x6ae0</run_address>
         <size>0x120</size>
         <input_file_ref idref="fl-b1"/>
      </object_component>
      <object_component id="oc-127">
         <name>.text:__frcmpyd</name>
         <load_address>0x6c00</load_address>
         <run_address>0x6c00</run_address>
         <size>0x120</size>
         <input_file_ref idref="fl-b6"/>
      </object_component>
      <object_component id="oc-129">
         <name>.text:__wrt_ok</name>
         <load_address>0x6d20</load_address>
         <run_address>0x6d20</run_address>
         <size>0x120</size>
         <input_file_ref idref="fl-b3"/>
      </object_component>
      <object_component id="oc-12d">
         <name>.text:_atoi</name>
         <load_address>0x6e40</load_address>
         <run_address>0x6e40</run_address>
         <size>0x120</size>
         <input_file_ref idref="fl-91"/>
      </object_component>
      <object_component id="oc-104">
         <name>.text</name>
         <load_address>0x6f60</load_address>
         <run_address>0x6f60</run_address>
         <size>0x120</size>
         <input_file_ref idref="fl-3"/>
      </object_component>
      <object_component id="oc-f6">
         <name>.text:_HOSTopen</name>
         <load_address>0x7080</load_address>
         <run_address>0x7080</run_address>
         <size>0x100</size>
         <input_file_ref idref="fl-b1"/>
      </object_component>
      <object_component id="oc-f8">
         <name>.text:_HOSTread</name>
         <load_address>0x7180</load_address>
         <run_address>0x7180</run_address>
         <size>0x100</size>
         <input_file_ref idref="fl-b1"/>
      </object_component>
      <object_component id="oc-f9">
         <name>.text:_HOSTwrite</name>
         <load_address>0x7280</load_address>
         <run_address>0x7280</run_address>
         <size>0x100</size>
         <input_file_ref idref="fl-b1"/>
      </object_component>
      <object_component id="oc-126">
         <name>.text:__frcmpyd_div</name>
         <load_address>0x7380</load_address>
         <run_address>0x7380</run_address>
         <size>0x100</size>
         <input_file_ref idref="fl-a0"/>
      </object_component>
      <object_component id="oc-150">
         <name>.text:_close</name>
         <load_address>0x7480</load_address>
         <run_address>0x7480</run_address>
         <size>0x100</size>
         <input_file_ref idref="fl-a7"/>
      </object_component>
      <object_component id="oc-14b">
         <name>.text:_ltoa</name>
         <load_address>0x7580</load_address>
         <run_address>0x7580</run_address>
         <size>0x100</size>
         <input_file_ref idref="fl-a8"/>
      </object_component>
      <object_component id="oc-12c">
         <name>.text:_memset</name>
         <load_address>0x7680</load_address>
         <run_address>0x7680</run_address>
         <size>0x100</size>
         <input_file_ref idref="fl-ab"/>
      </object_component>
      <object_component id="oc-fb">
         <name>.text:_HOSTunlink</name>
         <load_address>0x7780</load_address>
         <run_address>0x7780</run_address>
         <size>0xe0</size>
         <input_file_ref idref="fl-b1"/>
      </object_component>
      <object_component id="oc-f2">
         <name>.text:__auto_init</name>
         <load_address>0x7860</load_address>
         <run_address>0x7860</run_address>
         <size>0xe0</size>
         <input_file_ref idref="fl-92"/>
      </object_component>
      <object_component id="oc-113">
         <name>.text:__cmpd</name>
         <load_address>0x7940</load_address>
         <run_address>0x7940</run_address>
         <size>0xe0</size>
         <input_file_ref idref="fl-93"/>
      </object_component>
      <object_component id="oc-146">
         <name>.text:__div</name>
         <load_address>0x7a20</load_address>
         <run_address>0x7a20</run_address>
         <size>0xe0</size>
         <input_file_ref idref="fl-8f"/>
      </object_component>
      <object_component id="oc-12a">
         <name>.text:__doflush</name>
         <load_address>0x7b00</load_address>
         <run_address>0x7b00</run_address>
         <size>0xe0</size>
         <input_file_ref idref="fl-b5"/>
      </object_component>
      <object_component id="oc-138">
         <name>.text:__pconv_f</name>
         <load_address>0x7be0</load_address>
         <run_address>0x7be0</run_address>
         <size>0xe0</size>
         <input_file_ref idref="fl-8f"/>
      </object_component>
      <object_component id="oc-fe">
         <name>.text:_memcpy</name>
         <load_address>0x7cc0</load_address>
         <run_address>0x7cc0</run_address>
         <size>0xe0</size>
         <input_file_ref idref="fl-aa"/>
      </object_component>
      <object_component id="oc-11c">
         <name>.text:_modf</name>
         <load_address>0x7da0</load_address>
         <run_address>0x7da0</run_address>
         <size>0xe0</size>
         <input_file_ref idref="fl-ac"/>
      </object_component>
      <object_component id="oc-147">
         <name>.text:_mremove</name>
         <load_address>0x7e80</load_address>
         <run_address>0x7e80</run_address>
         <size>0xe0</size>
         <input_file_ref idref="fl-ba"/>
      </object_component>
      <object_component id="oc-106">
         <name>.text:_printf</name>
         <load_address>0x7f60</load_address>
         <run_address>0x7f60</run_address>
         <size>0xe0</size>
         <input_file_ref idref="fl-89"/>
      </object_component>
      <object_component id="oc-f7">
         <name>.text:_HOSTclose</name>
         <load_address>0x8040</load_address>
         <run_address>0x8040</run_address>
         <size>0xc0</size>
         <input_file_ref idref="fl-b1"/>
      </object_component>
      <object_component id="oc-140">
         <name>.text:__cleanup</name>
         <load_address>0x8100</load_address>
         <run_address>0x8100</run_address>
         <size>0xc0</size>
         <input_file_ref idref="fl-b9"/>
      </object_component>
      <object_component id="oc-10d">
         <name>.text:__cvtdf</name>
         <load_address>0x81c0</load_address>
         <run_address>0x81c0</run_address>
         <size>0xc0</size>
         <input_file_ref idref="fl-82"/>
      </object_component>
      <object_component id="oc-14d">
         <name>.text:__divu</name>
         <load_address>0x8280</load_address>
         <run_address>0x8280</run_address>
         <size>0xc0</size>
         <input_file_ref idref="fl-99"/>
      </object_component>
      <object_component id="oc-142">
         <name>.text:__ecpy</name>
         <load_address>0x8340</load_address>
         <run_address>0x8340</run_address>
         <size>0xc0</size>
         <input_file_ref idref="fl-8f"/>
      </object_component>
      <object_component id="oc-145">
         <name>.text:__fcpy</name>
         <load_address>0x8400</load_address>
         <run_address>0x8400</run_address>
         <size>0xc0</size>
         <input_file_ref idref="fl-8f"/>
      </object_component>
      <object_component id="oc-f4">
         <name>.text:_exit</name>
         <load_address>0x84c0</load_address>
         <run_address>0x84c0</run_address>
         <size>0xc0</size>
         <input_file_ref idref="fl-84"/>
      </object_component>
      <object_component id="oc-13d">
         <name>.text:_lseek</name>
         <load_address>0x8580</load_address>
         <run_address>0x8580</run_address>
         <size>0xc0</size>
         <input_file_ref idref="fl-a7"/>
      </object_component>
      <object_component id="oc-148">
         <name>.text:_minsert</name>
         <load_address>0x8640</load_address>
         <run_address>0x8640</run_address>
         <size>0xc0</size>
         <input_file_ref idref="fl-ba"/>
      </object_component>
      <object_component id="oc-12b">
         <name>.text:_write</name>
         <load_address>0x8700</load_address>
         <run_address>0x8700</run_address>
         <size>0xc0</size>
         <input_file_ref idref="fl-a7"/>
      </object_component>
      <object_component id="oc-153">
         <name>.text:__divli</name>
         <load_address>0x87c0</load_address>
         <run_address>0x87c0</run_address>
         <size>0xa0</size>
         <input_file_ref idref="fl-a2"/>
      </object_component>
      <object_component id="oc-115">
         <name>.text:__fixdi</name>
         <load_address>0x8860</load_address>
         <run_address>0x8860</run_address>
         <size>0xa0</size>
         <input_file_ref idref="fl-9b"/>
      </object_component>
      <object_component id="oc-14a">
         <name>.text:__fixdli</name>
         <load_address>0x8900</load_address>
         <run_address>0x8900</run_address>
         <size>0xa0</size>
         <input_file_ref idref="fl-9c"/>
      </object_component>
      <object_component id="oc-128">
         <name>.text:__renormd</name>
         <load_address>0x89a0</load_address>
         <run_address>0x89a0</run_address>
         <size>0xa0</size>
         <input_file_ref idref="fl-8a"/>
      </object_component>
      <object_component id="oc-fd">
         <name>.text:_copy_in</name>
         <load_address>0x8a40</load_address>
         <run_address>0x8a40</run_address>
         <size>0xa0</size>
         <input_file_ref idref="fl-95"/>
      </object_component>
      <object_component id="oc-159">
         <name>.text:_finddevice</name>
         <load_address>0x8ae0</load_address>
         <run_address>0x8ae0</run_address>
         <size>0xa0</size>
         <input_file_ref idref="fl-a7"/>
      </object_component>
      <object_component id="oc-ff">
         <name>.text:___TI_cpp_init</name>
         <load_address>0x8b80</load_address>
         <run_address>0x8b80</run_address>
         <size>0x80</size>
         <input_file_ref idref="fl-94"/>
      </object_component>
      <object_component id="oc-14c">
         <name>.text:__fltlid</name>
         <load_address>0x8c00</load_address>
         <run_address>0x8c00</run_address>
         <size>0x80</size>
         <input_file_ref idref="fl-9d"/>
      </object_component>
      <object_component id="oc-154">
         <name>.text:__llshl</name>
         <load_address>0x8c80</load_address>
         <run_address>0x8c80</run_address>
         <size>0x80</size>
         <input_file_ref idref="fl-a6"/>
      </object_component>
      <object_component id="oc-131">
         <name>.text:__mpyll</name>
         <load_address>0x8d00</load_address>
         <run_address>0x8d00</run_address>
         <size>0x80</size>
         <input_file_ref idref="fl-ae"/>
      </object_component>
      <object_component id="oc-130">
         <name>.text:_memccpy</name>
         <load_address>0x8d80</load_address>
         <run_address>0x8d80</run_address>
         <size>0x80</size>
         <input_file_ref idref="fl-a9"/>
      </object_component>
      <object_component id="oc-103">
         <name>.text:_readmsg</name>
         <load_address>0x8e00</load_address>
         <run_address>0x8e00</run_address>
         <size>0x80</size>
         <input_file_ref idref="fl-b2"/>
      </object_component>
      <object_component id="oc-157">
         <name>.text:_unlink</name>
         <load_address>0x8e80</load_address>
         <run_address>0x8e80</run_address>
         <size>0x80</size>
         <input_file_ref idref="fl-a7"/>
      </object_component>
      <object_component id="oc-105">
         <name>.text:__cvtfd</name>
         <load_address>0x8f00</load_address>
         <run_address>0x8f00</run_address>
         <size>0x60</size>
         <input_file_ref idref="fl-83"/>
      </object_component>
      <object_component id="oc-10a">
         <name>.text:__fltid</name>
         <load_address>0x8f60</load_address>
         <run_address>0x8f60</run_address>
         <size>0x60</size>
         <input_file_ref idref="fl-85"/>
      </object_component>
      <object_component id="oc-10e">
         <name>.text:__fltif</name>
         <load_address>0x8fc0</load_address>
         <run_address>0x8fc0</run_address>
         <size>0x60</size>
         <input_file_ref idref="fl-86"/>
      </object_component>
      <object_component id="oc-156">
         <name>.text:__llshru</name>
         <load_address>0x9020</load_address>
         <run_address>0x9020</run_address>
         <size>0x60</size>
         <input_file_ref idref="fl-a6"/>
      </object_component>
      <object_component id="oc-152">
         <name>.text:__remli</name>
         <load_address>0x9080</load_address>
         <run_address>0x9080</run_address>
         <size>0x60</size>
         <input_file_ref idref="fl-a2"/>
      </object_component>
      <object_component id="oc-155">
         <name>.text:__subcull</name>
         <load_address>0x90e0</load_address>
         <run_address>0x90e0</run_address>
         <size>0x60</size>
         <input_file_ref idref="fl-a3"/>
      </object_component>
      <object_component id="oc-17">
         <name>.text:_c_int00</name>
         <load_address>0x9140</load_address>
         <run_address>0x9140</run_address>
         <size>0x60</size>
         <input_file_ref idref="fl-81"/>
      </object_component>
      <object_component id="oc-102">
         <name>.text:_writemsg</name>
         <load_address>0x91a0</load_address>
         <run_address>0x91a0</run_address>
         <size>0x60</size>
         <input_file_ref idref="fl-b2"/>
      </object_component>
      <object_component id="oc-109">
         <name>.text</name>
         <load_address>0x9200</load_address>
         <run_address>0x9200</run_address>
         <size>0x60</size>
         <input_file_ref idref="fl-2"/>
      </object_component>
      <object_component id="oc-136">
         <name>.text:___isinf</name>
         <load_address>0x9260</load_address>
         <run_address>0x9260</run_address>
         <size>0x40</size>
         <input_file_ref idref="fl-a4"/>
      </object_component>
      <object_component id="oc-135">
         <name>.text:___isnan</name>
         <load_address>0x92a0</load_address>
         <run_address>0x92a0</run_address>
         <size>0x40</size>
         <input_file_ref idref="fl-8f"/>
      </object_component>
      <object_component id="oc-f3">
         <name>.text:__args_main</name>
         <load_address>0x92e0</load_address>
         <run_address>0x92e0</run_address>
         <size>0x40</size>
         <input_file_ref idref="fl-90"/>
      </object_component>
      <object_component id="oc-11d">
         <name>.text:__negd</name>
         <load_address>0x9320</load_address>
         <run_address>0x9320</run_address>
         <size>0x40</size>
         <input_file_ref idref="fl-af"/>
      </object_component>
      <object_component id="oc-117">
         <name>.text:__subd</name>
         <load_address>0x9360</load_address>
         <run_address>0x9360</run_address>
         <size>0x40</size>
         <input_file_ref idref="fl-8c"/>
      </object_component>
      <object_component id="oc-13b">
         <name>.text:__negll</name>
         <load_address>0x93a0</load_address>
         <run_address>0x93a0</run_address>
         <size>0x20</size>
         <input_file_ref idref="fl-b0"/>
      </object_component>
      <object_component id="oc-f5">
         <name>.text:__nop</name>
         <load_address>0x93c0</load_address>
         <run_address>0x93c0</run_address>
         <size>0x20</size>
         <input_file_ref idref="fl-8e"/>
      </object_component>
      <object_component id="oc-112">
         <name>.text:__outc</name>
         <load_address>0x93e0</load_address>
         <run_address>0x93e0</run_address>
         <size>0x20</size>
         <input_file_ref idref="fl-89"/>
      </object_component>
      <object_component id="oc-110">
         <name>.text:__outs</name>
         <load_address>0x9400</load_address>
         <run_address>0x9400</run_address>
         <size>0x20</size>
         <input_file_ref idref="fl-89"/>
      </object_component>
      <object_component id="oc-11b">
         <name>.text:__trunc</name>
         <load_address>0x9420</load_address>
         <run_address>0x9420</run_address>
         <size>0x20</size>
         <input_file_ref idref="fl-8d"/>
      </object_component>
      <object_component id="oc-101">
         <name>.text:_abort</name>
         <load_address>0x9440</load_address>
         <run_address>0x9440</run_address>
         <size>0x20</size>
         <input_file_ref idref="fl-84"/>
      </object_component>
      <object_component id="oc-151">
         <name>.text:_remove</name>
         <load_address>0x9460</load_address>
         <run_address>0x9460</run_address>
         <size>0x20</size>
         <input_file_ref idref="fl-bc"/>
      </object_component>
      <object_component id="oc-2c">
         <name>.stack</name>
         <uninitialized>true</uninitialized>
         <run_address>0x9480</run_address>
         <size>0x8</size>
         <input_file_ref idref="fl-81"/>
      </object_component>
      <object_component id="oc-178">
         <name>.stack</name>
         <uninitialized>true</uninitialized>
         <run_address>0x9480</run_address>
         <size>0x0</size>
      </object_component>
      <object_component id="oc-cc">
         <name>.cio</name>
         <uninitialized>true</uninitialized>
         <run_address>0xae38</run_address>
         <size>0x120</size>
         <input_file_ref idref="fl-b2"/>
      </object_component>
      <object_component id="oc-134">
         <name>.const:.string:__ctypes_</name>
         <load_address>0xacb8</load_address>
         <run_address>0xacb8</run_address>
         <size>0x101</size>
         <input_file_ref idref="fl-96"/>
      </object_component>
      <object_component id="oc-5d">
         <name>.const:.string</name>
         <load_address>0xadb9</load_address>
         <run_address>0xadb9</run_address>
         <size>0x23</size>
         <input_file_ref idref="fl-8f"/>
      </object_component>
      <object_component id="oc-8f">
         <name>.const:.string</name>
         <load_address>0xaddc</load_address>
         <run_address>0xaddc</run_address>
         <size>0x2</size>
         <input_file_ref idref="fl-9f"/>
      </object_component>
      <object_component id="oc-107">
         <name>.const:_$P$T0$1</name>
         <load_address>0xade0</load_address>
         <run_address>0xade0</run_address>
         <size>0x1c</size>
         <input_file_ref idref="fl-4"/>
      </object_component>
      <object_component id="oc-108">
         <name>.const:_$P$T1$2</name>
         <load_address>0xae00</load_address>
         <run_address>0xae00</run_address>
         <size>0x1c</size>
         <input_file_ref idref="fl-4"/>
      </object_component>
      <object_component id="oc-21">
         <name>.const:.string</name>
         <load_address>0xae1c</load_address>
         <run_address>0xae1c</run_address>
         <size>0x14</size>
         <input_file_ref idref="fl-4"/>
      </object_component>
      <object_component id="oc-125">
         <name>.const:.string:_initial_approx$1</name>
         <load_address>0xae30</load_address>
         <run_address>0xae30</run_address>
         <size>0x8</size>
         <input_file_ref idref="fl-98"/>
      </object_component>
      <object_component id="oc-e9">
         <name>.sysmem</name>
         <uninitialized>true</uninitialized>
         <run_address>0x9c80</run_address>
         <size>0x8</size>
         <input_file_ref idref="fl-ba"/>
      </object_component>
      <object_component id="oc-179">
         <name>.sysmem</name>
         <uninitialized>true</uninitialized>
         <run_address>0x9c80</run_address>
         <size>0x0</size>
      </object_component>
      <object_component id="oc-37">
         <name>.far</name>
         <uninitialized>true</uninitialized>
         <run_address>0xa9e4</run_address>
         <size>0xc</size>
         <input_file_ref idref="fl-84"/>
      </object_component>
      <object_component id="oc-45">
         <name>.far</name>
         <uninitialized>true</uninitialized>
         <run_address>0xa7a8</run_address>
         <size>0x120</size>
         <input_file_ref idref="fl-88"/>
      </object_component>
      <object_component id="oc-59">
         <name>.far</name>
         <uninitialized>true</uninitialized>
         <run_address>0xa9f0</run_address>
         <size>0x8</size>
         <input_file_ref idref="fl-8e"/>
      </object_component>
      <object_component id="oc-76">
         <name>.far</name>
         <uninitialized>true</uninitialized>
         <run_address>0xa480</run_address>
         <size>0x324</size>
         <input_file_ref idref="fl-97"/>
      </object_component>
      <object_component id="oc-80">
         <name>.far</name>
         <uninitialized>true</uninitialized>
         <run_address>0xa7a4</run_address>
         <size>0x4</size>
         <input_file_ref idref="fl-9a"/>
      </object_component>
      <object_component id="oc-a9">
         <name>.far</name>
         <uninitialized>true</uninitialized>
         <run_address>0xa8c8</run_address>
         <size>0x11c</size>
         <input_file_ref idref="fl-a7"/>
      </object_component>
      <object_component id="oc-c8">
         <name>.far</name>
         <uninitialized>true</uninitialized>
         <run_address>0xaa00</run_address>
         <size>0x8</size>
         <input_file_ref idref="fl-b1"/>
      </object_component>
      <object_component id="oc-e3">
         <name>.far</name>
         <uninitialized>true</uninitialized>
         <run_address>0xaa08</run_address>
         <size>0x4</size>
         <input_file_ref idref="fl-b9"/>
      </object_component>
      <object_component id="oc-e8">
         <name>.far</name>
         <uninitialized>true</uninitialized>
         <run_address>0xa9f8</run_address>
         <size>0x8</size>
         <input_file_ref idref="fl-ba"/>
      </object_component>
      <object_component id="oc-44">
         <name>.cinit</name>
         <load_address>0xaa10</load_address>
         <run_address>0xaa10</run_address>
         <size>0x140</size>
         <input_file_ref idref="fl-88"/>
      </object_component>
      <object_component id="oc-75">
         <name>.cinit</name>
         <load_address>0xab50</load_address>
         <run_address>0xab50</run_address>
         <size>0x5c</size>
         <input_file_ref idref="fl-97"/>
      </object_component>
      <object_component id="oc-a8">
         <name>.cinit</name>
         <load_address>0xabb0</load_address>
         <run_address>0xabb0</run_address>
         <size>0x5c</size>
         <input_file_ref idref="fl-a7"/>
      </object_component>
      <object_component id="oc-36">
         <name>.cinit</name>
         <load_address>0xac10</load_address>
         <run_address>0xac10</run_address>
         <size>0x2c</size>
         <input_file_ref idref="fl-84"/>
      </object_component>
      <object_component id="oc-e7">
         <name>.cinit</name>
         <load_address>0xac40</load_address>
         <run_address>0xac40</run_address>
         <size>0x2c</size>
         <input_file_ref idref="fl-ba"/>
      </object_component>
      <object_component id="oc-58">
         <name>.cinit</name>
         <load_address>0xac70</load_address>
         <run_address>0xac70</run_address>
         <size>0x1c</size>
         <input_file_ref idref="fl-8e"/>
      </object_component>
      <object_component id="oc-7f">
         <name>.cinit</name>
         <load_address>0xac90</load_address>
         <run_address>0xac90</run_address>
         <size>0xc</size>
         <input_file_ref idref="fl-9a"/>
      </object_component>
      <object_component id="oc-e2">
         <name>.cinit</name>
         <load_address>0xaca0</load_address>
         <run_address>0xaca0</run_address>
         <size>0xc</size>
         <input_file_ref idref="fl-b9"/>
      </object_component>
      <object_component id="oc-18">
         <name>.debug_info</name>
         <load_address>0x0</load_address>
         <run_address>0x0</run_address>
         <size>0x72a</size>
         <input_file_ref idref="fl-2"/>
      </object_component>
      <object_component id="oc-1c">
         <name>.debug_info</name>
         <load_address>0x72a</load_address>
         <run_address>0x72a</run_address>
         <size>0x7e8</size>
         <input_file_ref idref="fl-3"/>
      </object_component>
      <object_component id="oc-20">
         <name>.debug_info</name>
         <load_address>0xf12</load_address>
         <run_address>0xf12</run_address>
         <size>0xb16</size>
         <input_file_ref idref="fl-4"/>
      </object_component>
      <object_component id="oc-25">
         <name>.debug_info</name>
         <load_address>0x1a28</load_address>
         <run_address>0x1a28</run_address>
         <size>0x6d4</size>
         <input_file_ref idref="fl-7f"/>
      </object_component>
      <object_component id="oc-28">
         <name>.debug_info</name>
         <load_address>0x20fc</load_address>
         <run_address>0x20fc</run_address>
         <size>0x6b1</size>
         <input_file_ref idref="fl-80"/>
      </object_component>
      <object_component id="oc-2b">
         <name>.debug_info</name>
         <load_address>0x27ad</load_address>
         <run_address>0x27ad</run_address>
         <size>0x6f5</size>
         <input_file_ref idref="fl-81"/>
      </object_component>
      <object_component id="oc-2f">
         <name>.debug_info</name>
         <load_address>0x2ea2</load_address>
         <run_address>0x2ea2</run_address>
         <size>0x68e</size>
         <input_file_ref idref="fl-82"/>
      </object_component>
      <object_component id="oc-32">
         <name>.debug_info</name>
         <load_address>0x3530</load_address>
         <run_address>0x3530</run_address>
         <size>0x688</size>
         <input_file_ref idref="fl-83"/>
      </object_component>
      <object_component id="oc-35">
         <name>.debug_info</name>
         <load_address>0x3bb8</load_address>
         <run_address>0x3bb8</run_address>
         <size>0x7c2</size>
         <input_file_ref idref="fl-84"/>
      </object_component>
      <object_component id="oc-3a">
         <name>.debug_info</name>
         <load_address>0x437a</load_address>
         <run_address>0x437a</run_address>
         <size>0x691</size>
         <input_file_ref idref="fl-85"/>
      </object_component>
      <object_component id="oc-3d">
         <name>.debug_info</name>
         <load_address>0x4a0b</load_address>
         <run_address>0x4a0b</run_address>
         <size>0x649</size>
         <input_file_ref idref="fl-86"/>
      </object_component>
      <object_component id="oc-40">
         <name>.debug_info</name>
         <load_address>0x5054</load_address>
         <run_address>0x5054</run_address>
         <size>0x6e0</size>
         <input_file_ref idref="fl-87"/>
      </object_component>
      <object_component id="oc-43">
         <name>.debug_info</name>
         <load_address>0x5734</load_address>
         <run_address>0x5734</run_address>
         <size>0xc8f</size>
         <input_file_ref idref="fl-88"/>
      </object_component>
      <object_component id="oc-48">
         <name>.debug_info</name>
         <load_address>0x63c3</load_address>
         <run_address>0x63c3</run_address>
         <size>0x8ec</size>
         <input_file_ref idref="fl-89"/>
      </object_component>
      <object_component id="oc-4b">
         <name>.debug_info</name>
         <load_address>0x6caf</load_address>
         <run_address>0x6caf</run_address>
         <size>0x6f8</size>
         <input_file_ref idref="fl-8a"/>
      </object_component>
      <object_component id="oc-4e">
         <name>.debug_info</name>
         <load_address>0x73a7</load_address>
         <run_address>0x73a7</run_address>
         <size>0x690</size>
         <input_file_ref idref="fl-8b"/>
      </object_component>
      <object_component id="oc-51">
         <name>.debug_info</name>
         <load_address>0x7a37</load_address>
         <run_address>0x7a37</run_address>
         <size>0x62e</size>
         <input_file_ref idref="fl-8c"/>
      </object_component>
      <object_component id="oc-54">
         <name>.debug_info</name>
         <load_address>0x8065</load_address>
         <run_address>0x8065</run_address>
         <size>0x63b</size>
         <input_file_ref idref="fl-8d"/>
      </object_component>
      <object_component id="oc-57">
         <name>.debug_info</name>
         <load_address>0x86a0</load_address>
         <run_address>0x86a0</run_address>
         <size>0x636</size>
         <input_file_ref idref="fl-8e"/>
      </object_component>
      <object_component id="oc-5c">
         <name>.debug_info</name>
         <load_address>0x8cd6</load_address>
         <run_address>0x8cd6</run_address>
         <size>0x292c</size>
         <input_file_ref idref="fl-8f"/>
      </object_component>
      <object_component id="oc-60">
         <name>.debug_info</name>
         <load_address>0xb602</load_address>
         <run_address>0xb602</run_address>
         <size>0x6cb</size>
         <input_file_ref idref="fl-90"/>
      </object_component>
      <object_component id="oc-63">
         <name>.debug_info</name>
         <load_address>0xbccd</load_address>
         <run_address>0xbccd</run_address>
         <size>0x6d8</size>
         <input_file_ref idref="fl-91"/>
      </object_component>
      <object_component id="oc-66">
         <name>.debug_info</name>
         <load_address>0xc3a5</load_address>
         <run_address>0xc3a5</run_address>
         <size>0x841</size>
         <input_file_ref idref="fl-92"/>
      </object_component>
      <object_component id="oc-69">
         <name>.debug_info</name>
         <load_address>0xcbe6</load_address>
         <run_address>0xcbe6</run_address>
         <size>0x68f</size>
         <input_file_ref idref="fl-93"/>
      </object_component>
      <object_component id="oc-6c">
         <name>.debug_info</name>
         <load_address>0xd275</load_address>
         <run_address>0xd275</run_address>
         <size>0x6b9</size>
         <input_file_ref idref="fl-94"/>
      </object_component>
      <object_component id="oc-6f">
         <name>.debug_info</name>
         <load_address>0xd92e</load_address>
         <run_address>0xd92e</run_address>
         <size>0x7af</size>
         <input_file_ref idref="fl-95"/>
      </object_component>
      <object_component id="oc-72">
         <name>.debug_info</name>
         <load_address>0xe0dd</load_address>
         <run_address>0xe0dd</run_address>
         <size>0x5e4</size>
         <input_file_ref idref="fl-96"/>
      </object_component>
      <object_component id="oc-74">
         <name>.debug_info</name>
         <load_address>0xe6c1</load_address>
         <run_address>0xe6c1</run_address>
         <size>0x6d1</size>
         <input_file_ref idref="fl-97"/>
      </object_component>
      <object_component id="oc-78">
         <name>.debug_info</name>
         <load_address>0xed92</load_address>
         <run_address>0xed92</run_address>
         <size>0x993</size>
         <input_file_ref idref="fl-98"/>
      </object_component>
      <object_component id="oc-7b">
         <name>.debug_info</name>
         <load_address>0xf725</load_address>
         <run_address>0xf725</run_address>
         <size>0xbc</size>
         <input_file_ref idref="fl-99"/>
      </object_component>
      <object_component id="oc-7e">
         <name>.debug_info</name>
         <load_address>0xf7e1</load_address>
         <run_address>0xf7e1</run_address>
         <size>0x5cc</size>
         <input_file_ref idref="fl-9a"/>
      </object_component>
      <object_component id="oc-82">
         <name>.debug_info</name>
         <load_address>0xfdad</load_address>
         <run_address>0xfdad</run_address>
         <size>0x67e</size>
         <input_file_ref idref="fl-9b"/>
      </object_component>
      <object_component id="oc-85">
         <name>.debug_info</name>
         <load_address>0x1042b</load_address>
         <run_address>0x1042b</run_address>
         <size>0x681</size>
         <input_file_ref idref="fl-9c"/>
      </object_component>
      <object_component id="oc-88">
         <name>.debug_info</name>
         <load_address>0x10aac</load_address>
         <run_address>0x10aac</run_address>
         <size>0x69a</size>
         <input_file_ref idref="fl-9d"/>
      </object_component>
      <object_component id="oc-8b">
         <name>.debug_info</name>
         <load_address>0x11146</load_address>
         <run_address>0x11146</run_address>
         <size>0x814</size>
         <input_file_ref idref="fl-9e"/>
      </object_component>
      <object_component id="oc-8e">
         <name>.debug_info</name>
         <load_address>0x1195a</load_address>
         <run_address>0x1195a</run_address>
         <size>0xab3</size>
         <input_file_ref idref="fl-9f"/>
      </object_component>
      <object_component id="oc-92">
         <name>.debug_info</name>
         <load_address>0x1240d</load_address>
         <run_address>0x1240d</run_address>
         <size>0x68e</size>
         <input_file_ref idref="fl-a0"/>
      </object_component>
      <object_component id="oc-95">
         <name>.debug_info</name>
         <load_address>0x12a9b</load_address>
         <run_address>0x12a9b</run_address>
         <size>0x6b9</size>
         <input_file_ref idref="fl-a1"/>
      </object_component>
      <object_component id="oc-98">
         <name>.debug_info</name>
         <load_address>0x13154</load_address>
         <run_address>0x13154</run_address>
         <size>0x78d</size>
         <input_file_ref idref="fl-a2"/>
      </object_component>
      <object_component id="oc-9b">
         <name>.debug_info</name>
         <load_address>0x138e1</load_address>
         <run_address>0x138e1</run_address>
         <size>0x788</size>
         <input_file_ref idref="fl-a3"/>
      </object_component>
      <object_component id="oc-9e">
         <name>.debug_info</name>
         <load_address>0x14069</load_address>
         <run_address>0x14069</run_address>
         <size>0x800</size>
         <input_file_ref idref="fl-a4"/>
      </object_component>
      <object_component id="oc-a1">
         <name>.debug_info</name>
         <load_address>0x14869</load_address>
         <run_address>0x14869</run_address>
         <size>0x6c8</size>
         <input_file_ref idref="fl-a5"/>
      </object_component>
      <object_component id="oc-a4">
         <name>.debug_info</name>
         <load_address>0x14f31</load_address>
         <run_address>0x14f31</run_address>
         <size>0x6eb</size>
         <input_file_ref idref="fl-a6"/>
      </object_component>
      <object_component id="oc-a7">
         <name>.debug_info</name>
         <load_address>0x1561c</load_address>
         <run_address>0x1561c</run_address>
         <size>0xe73</size>
         <input_file_ref idref="fl-a7"/>
      </object_component>
      <object_component id="oc-ac">
         <name>.debug_info</name>
         <load_address>0x1648f</load_address>
         <run_address>0x1648f</run_address>
         <size>0x719</size>
         <input_file_ref idref="fl-a8"/>
      </object_component>
      <object_component id="oc-af">
         <name>.debug_info</name>
         <load_address>0x16ba8</load_address>
         <run_address>0x16ba8</run_address>
         <size>0x6bc</size>
         <input_file_ref idref="fl-a9"/>
      </object_component>
      <object_component id="oc-b2">
         <name>.debug_info</name>
         <load_address>0x17264</load_address>
         <run_address>0x17264</run_address>
         <size>0xcb</size>
         <input_file_ref idref="fl-aa"/>
      </object_component>
      <object_component id="oc-b5">
         <name>.debug_info</name>
         <load_address>0x1732f</load_address>
         <run_address>0x1732f</run_address>
         <size>0x7a0</size>
         <input_file_ref idref="fl-ab"/>
      </object_component>
      <object_component id="oc-b8">
         <name>.debug_info</name>
         <load_address>0x17acf</load_address>
         <run_address>0x17acf</run_address>
         <size>0x671</size>
         <input_file_ref idref="fl-ac"/>
      </object_component>
      <object_component id="oc-bb">
         <name>.debug_info</name>
         <load_address>0x18140</load_address>
         <run_address>0x18140</run_address>
         <size>0x6cf</size>
         <input_file_ref idref="fl-ad"/>
      </object_component>
      <object_component id="oc-be">
         <name>.debug_info</name>
         <load_address>0x1880f</load_address>
         <run_address>0x1880f</run_address>
         <size>0x6a1</size>
         <input_file_ref idref="fl-ae"/>
      </object_component>
      <object_component id="oc-c1">
         <name>.debug_info</name>
         <load_address>0x18eb0</load_address>
         <run_address>0x18eb0</run_address>
         <size>0x607</size>
         <input_file_ref idref="fl-af"/>
      </object_component>
      <object_component id="oc-c4">
         <name>.debug_info</name>
         <load_address>0x194b7</load_address>
         <run_address>0x194b7</run_address>
         <size>0x602</size>
         <input_file_ref idref="fl-b0"/>
      </object_component>
      <object_component id="oc-c7">
         <name>.debug_info</name>
         <load_address>0x19ab9</load_address>
         <run_address>0x19ab9</run_address>
         <size>0xdc6</size>
         <input_file_ref idref="fl-b1"/>
      </object_component>
      <object_component id="oc-cb">
         <name>.debug_info</name>
         <load_address>0x1a87f</load_address>
         <run_address>0x1a87f</run_address>
         <size>0x853</size>
         <input_file_ref idref="fl-b2"/>
      </object_component>
      <object_component id="oc-cf">
         <name>.debug_info</name>
         <load_address>0x1b0d2</load_address>
         <run_address>0x1b0d2</run_address>
         <size>0x744</size>
         <input_file_ref idref="fl-b3"/>
      </object_component>
      <object_component id="oc-d2">
         <name>.debug_info</name>
         <load_address>0x1b816</load_address>
         <run_address>0x1b816</run_address>
         <size>0x5b6</size>
         <input_file_ref idref="fl-b4"/>
      </object_component>
      <object_component id="oc-d5">
         <name>.debug_info</name>
         <load_address>0x1bdcc</load_address>
         <run_address>0x1bdcc</run_address>
         <size>0x76b</size>
         <input_file_ref idref="fl-b5"/>
      </object_component>
      <object_component id="oc-d8">
         <name>.debug_info</name>
         <load_address>0x1c537</load_address>
         <run_address>0x1c537</run_address>
         <size>0x71c</size>
         <input_file_ref idref="fl-b6"/>
      </object_component>
      <object_component id="oc-db">
         <name>.debug_info</name>
         <load_address>0x1cc53</load_address>
         <run_address>0x1cc53</run_address>
         <size>0x7a3</size>
         <input_file_ref idref="fl-b7"/>
      </object_component>
      <object_component id="oc-de">
         <name>.debug_info</name>
         <load_address>0x1d3f6</load_address>
         <run_address>0x1d3f6</run_address>
         <size>0x7f6</size>
         <input_file_ref idref="fl-b8"/>
      </object_component>
      <object_component id="oc-e1">
         <name>.debug_info</name>
         <load_address>0x1dbec</load_address>
         <run_address>0x1dbec</run_address>
         <size>0x855</size>
         <input_file_ref idref="fl-b9"/>
      </object_component>
      <object_component id="oc-e6">
         <name>.debug_info</name>
         <load_address>0x1e441</load_address>
         <run_address>0x1e441</run_address>
         <size>0xac2</size>
         <input_file_ref idref="fl-ba"/>
      </object_component>
      <object_component id="oc-ec">
         <name>.debug_info</name>
         <load_address>0x1ef03</load_address>
         <run_address>0x1ef03</run_address>
         <size>0x7f0</size>
         <input_file_ref idref="fl-bb"/>
      </object_component>
      <object_component id="oc-ef">
         <name>.debug_info</name>
         <load_address>0x1f6f3</load_address>
         <run_address>0x1f6f3</run_address>
         <size>0x64e</size>
         <input_file_ref idref="fl-bc"/>
      </object_component>
      <object_component id="oc-17a">
         <name>.debug_info</name>
         <load_address>0x1fd41</load_address>
         <run_address>0x1fd41</run_address>
         <size>0x6d</size>
      </object_component>
      <object_component id="oc-19">
         <name>.debug_frame</name>
         <load_address>0x0</load_address>
         <run_address>0x0</run_address>
         <size>0x255</size>
         <input_file_ref idref="fl-2"/>
      </object_component>
      <object_component id="oc-1d">
         <name>.debug_frame</name>
         <load_address>0x255</load_address>
         <run_address>0x255</run_address>
         <size>0x281</size>
         <input_file_ref idref="fl-3"/>
      </object_component>
      <object_component id="oc-22">
         <name>.debug_frame</name>
         <load_address>0x4d6</load_address>
         <run_address>0x4d6</run_address>
         <size>0x2b5</size>
         <input_file_ref idref="fl-4"/>
      </object_component>
      <object_component id="oc-1a">
         <name>.debug_line</name>
         <load_address>0x0</load_address>
         <run_address>0x0</run_address>
         <size>0x4f</size>
         <input_file_ref idref="fl-2"/>
      </object_component>
      <object_component id="oc-1e">
         <name>.debug_line</name>
         <load_address>0x4f</load_address>
         <run_address>0x4f</run_address>
         <size>0x5f</size>
         <input_file_ref idref="fl-3"/>
      </object_component>
      <object_component id="oc-23">
         <name>.debug_line</name>
         <load_address>0xae</load_address>
         <run_address>0xae</run_address>
         <size>0xb3</size>
         <input_file_ref idref="fl-4"/>
      </object_component>
      <object_component id="oc-26">
         <name>.debug_line</name>
         <load_address>0x161</load_address>
         <run_address>0x161</run_address>
         <size>0x3c</size>
         <input_file_ref idref="fl-7f"/>
      </object_component>
      <object_component id="oc-29">
         <name>.debug_line</name>
         <load_address>0x19d</load_address>
         <run_address>0x19d</run_address>
         <size>0x59</size>
         <input_file_ref idref="fl-80"/>
      </object_component>
      <object_component id="oc-2d">
         <name>.debug_line</name>
         <load_address>0x1f6</load_address>
         <run_address>0x1f6</run_address>
         <size>0x3d</size>
         <input_file_ref idref="fl-81"/>
      </object_component>
      <object_component id="oc-30">
         <name>.debug_line</name>
         <load_address>0x233</load_address>
         <run_address>0x233</run_address>
         <size>0x3d</size>
         <input_file_ref idref="fl-82"/>
      </object_component>
      <object_component id="oc-33">
         <name>.debug_line</name>
         <load_address>0x270</load_address>
         <run_address>0x270</run_address>
         <size>0x3d</size>
         <input_file_ref idref="fl-83"/>
      </object_component>
      <object_component id="oc-38">
         <name>.debug_line</name>
         <load_address>0x2ad</load_address>
         <run_address>0x2ad</run_address>
         <size>0x4f</size>
         <input_file_ref idref="fl-84"/>
      </object_component>
      <object_component id="oc-3b">
         <name>.debug_line</name>
         <load_address>0x2fc</load_address>
         <run_address>0x2fc</run_address>
         <size>0x3d</size>
         <input_file_ref idref="fl-85"/>
      </object_component>
      <object_component id="oc-3e">
         <name>.debug_line</name>
         <load_address>0x339</load_address>
         <run_address>0x339</run_address>
         <size>0x3d</size>
         <input_file_ref idref="fl-86"/>
      </object_component>
      <object_component id="oc-41">
         <name>.debug_line</name>
         <load_address>0x376</load_address>
         <run_address>0x376</run_address>
         <size>0x3f</size>
         <input_file_ref idref="fl-87"/>
      </object_component>
      <object_component id="oc-46">
         <name>.debug_line</name>
         <load_address>0x3b5</load_address>
         <run_address>0x3b5</run_address>
         <size>0x5d</size>
         <input_file_ref idref="fl-88"/>
      </object_component>
      <object_component id="oc-49">
         <name>.debug_line</name>
         <load_address>0x412</load_address>
         <run_address>0x412</run_address>
         <size>0x6a</size>
         <input_file_ref idref="fl-89"/>
      </object_component>
      <object_component id="oc-4c">
         <name>.debug_line</name>
         <load_address>0x47c</load_address>
         <run_address>0x47c</run_address>
         <size>0x53</size>
         <input_file_ref idref="fl-8a"/>
      </object_component>
      <object_component id="oc-4f">
         <name>.debug_line</name>
         <load_address>0x4cf</load_address>
         <run_address>0x4cf</run_address>
         <size>0x3a</size>
         <input_file_ref idref="fl-8b"/>
      </object_component>
      <object_component id="oc-52">
         <name>.debug_line</name>
         <load_address>0x509</load_address>
         <run_address>0x509</run_address>
         <size>0x37</size>
         <input_file_ref idref="fl-8c"/>
      </object_component>
      <object_component id="oc-55">
         <name>.debug_line</name>
         <load_address>0x540</load_address>
         <run_address>0x540</run_address>
         <size>0x38</size>
         <input_file_ref idref="fl-8d"/>
      </object_component>
      <object_component id="oc-5a">
         <name>.debug_line</name>
         <load_address>0x578</load_address>
         <run_address>0x578</run_address>
         <size>0x35</size>
         <input_file_ref idref="fl-8e"/>
      </object_component>
      <object_component id="oc-5e">
         <name>.debug_line</name>
         <load_address>0x5ad</load_address>
         <run_address>0x5ad</run_address>
         <size>0x315</size>
         <input_file_ref idref="fl-8f"/>
      </object_component>
      <object_component id="oc-61">
         <name>.debug_line</name>
         <load_address>0x8c2</load_address>
         <run_address>0x8c2</run_address>
         <size>0x41</size>
         <input_file_ref idref="fl-90"/>
      </object_component>
      <object_component id="oc-64">
         <name>.debug_line</name>
         <load_address>0x903</load_address>
         <run_address>0x903</run_address>
         <size>0x3f</size>
         <input_file_ref idref="fl-91"/>
      </object_component>
      <object_component id="oc-67">
         <name>.debug_line</name>
         <load_address>0x942</load_address>
         <run_address>0x942</run_address>
         <size>0x47</size>
         <input_file_ref idref="fl-92"/>
      </object_component>
      <object_component id="oc-6a">
         <name>.debug_line</name>
         <load_address>0x989</load_address>
         <run_address>0x989</run_address>
         <size>0x37</size>
         <input_file_ref idref="fl-93"/>
      </object_component>
      <object_component id="oc-6d">
         <name>.debug_line</name>
         <load_address>0x9c0</load_address>
         <run_address>0x9c0</run_address>
         <size>0x45</size>
         <input_file_ref idref="fl-94"/>
      </object_component>
      <object_component id="oc-70">
         <name>.debug_line</name>
         <load_address>0xa05</load_address>
         <run_address>0xa05</run_address>
         <size>0x44</size>
         <input_file_ref idref="fl-95"/>
      </object_component>
      <object_component id="oc-79">
         <name>.debug_line</name>
         <load_address>0xa49</load_address>
         <run_address>0xa49</run_address>
         <size>0x5a</size>
         <input_file_ref idref="fl-98"/>
      </object_component>
      <object_component id="oc-7c">
         <name>.debug_line</name>
         <load_address>0xaa3</load_address>
         <run_address>0xaa3</run_address>
         <size>0x44</size>
         <input_file_ref idref="fl-99"/>
      </object_component>
      <object_component id="oc-83">
         <name>.debug_line</name>
         <load_address>0xae7</load_address>
         <run_address>0xae7</run_address>
         <size>0x3d</size>
         <input_file_ref idref="fl-9b"/>
      </object_component>
      <object_component id="oc-86">
         <name>.debug_line</name>
         <load_address>0xb24</load_address>
         <run_address>0xb24</run_address>
         <size>0x3d</size>
         <input_file_ref idref="fl-9c"/>
      </object_component>
      <object_component id="oc-89">
         <name>.debug_line</name>
         <load_address>0xb61</load_address>
         <run_address>0xb61</run_address>
         <size>0x3d</size>
         <input_file_ref idref="fl-9d"/>
      </object_component>
      <object_component id="oc-8c">
         <name>.debug_line</name>
         <load_address>0xb9e</load_address>
         <run_address>0xb9e</run_address>
         <size>0x3f</size>
         <input_file_ref idref="fl-9e"/>
      </object_component>
      <object_component id="oc-90">
         <name>.debug_line</name>
         <load_address>0xbdd</load_address>
         <run_address>0xbdd</run_address>
         <size>0x92</size>
         <input_file_ref idref="fl-9f"/>
      </object_component>
      <object_component id="oc-93">
         <name>.debug_line</name>
         <load_address>0xc6f</load_address>
         <run_address>0xc6f</run_address>
         <size>0x3e</size>
         <input_file_ref idref="fl-a0"/>
      </object_component>
      <object_component id="oc-96">
         <name>.debug_line</name>
         <load_address>0xcad</load_address>
         <run_address>0xcad</run_address>
         <size>0x3a</size>
         <input_file_ref idref="fl-a1"/>
      </object_component>
      <object_component id="oc-99">
         <name>.debug_line</name>
         <load_address>0xce7</load_address>
         <run_address>0xce7</run_address>
         <size>0x73</size>
         <input_file_ref idref="fl-a2"/>
      </object_component>
      <object_component id="oc-9c">
         <name>.debug_line</name>
         <load_address>0xd5a</load_address>
         <run_address>0xd5a</run_address>
         <size>0x5e</size>
         <input_file_ref idref="fl-a3"/>
      </object_component>
      <object_component id="oc-9f">
         <name>.debug_line</name>
         <load_address>0xdb8</load_address>
         <run_address>0xdb8</run_address>
         <size>0x38</size>
         <input_file_ref idref="fl-a4"/>
      </object_component>
      <object_component id="oc-a2">
         <name>.debug_line</name>
         <load_address>0xdf0</load_address>
         <run_address>0xdf0</run_address>
         <size>0x3d</size>
         <input_file_ref idref="fl-a5"/>
      </object_component>
      <object_component id="oc-a5">
         <name>.debug_line</name>
         <load_address>0xe2d</load_address>
         <run_address>0xe2d</run_address>
         <size>0x56</size>
         <input_file_ref idref="fl-a6"/>
      </object_component>
      <object_component id="oc-aa">
         <name>.debug_line</name>
         <load_address>0xe83</load_address>
         <run_address>0xe83</run_address>
         <size>0xf5</size>
         <input_file_ref idref="fl-a7"/>
      </object_component>
      <object_component id="oc-ad">
         <name>.debug_line</name>
         <load_address>0xf78</load_address>
         <run_address>0xf78</run_address>
         <size>0x40</size>
         <input_file_ref idref="fl-a8"/>
      </object_component>
      <object_component id="oc-b0">
         <name>.debug_line</name>
         <load_address>0xfb8</load_address>
         <run_address>0xfb8</run_address>
         <size>0x3f</size>
         <input_file_ref idref="fl-a9"/>
      </object_component>
      <object_component id="oc-b3">
         <name>.debug_line</name>
         <load_address>0xff7</load_address>
         <run_address>0xff7</run_address>
         <size>0x4f</size>
         <input_file_ref idref="fl-aa"/>
      </object_component>
      <object_component id="oc-b6">
         <name>.debug_line</name>
         <load_address>0x1046</load_address>
         <run_address>0x1046</run_address>
         <size>0x46</size>
         <input_file_ref idref="fl-ab"/>
      </object_component>
      <object_component id="oc-b9">
         <name>.debug_line</name>
         <load_address>0x108c</load_address>
         <run_address>0x108c</run_address>
         <size>0x37</size>
         <input_file_ref idref="fl-ac"/>
      </object_component>
      <object_component id="oc-bc">
         <name>.debug_line</name>
         <load_address>0x10c3</load_address>
         <run_address>0x10c3</run_address>
         <size>0x3c</size>
         <input_file_ref idref="fl-ad"/>
      </object_component>
      <object_component id="oc-bf">
         <name>.debug_line</name>
         <load_address>0x10ff</load_address>
         <run_address>0x10ff</run_address>
         <size>0x3d</size>
         <input_file_ref idref="fl-ae"/>
      </object_component>
      <object_component id="oc-c2">
         <name>.debug_line</name>
         <load_address>0x113c</load_address>
         <run_address>0x113c</run_address>
         <size>0x37</size>
         <input_file_ref idref="fl-af"/>
      </object_component>
      <object_component id="oc-c5">
         <name>.debug_line</name>
         <load_address>0x1173</load_address>
         <run_address>0x1173</run_address>
         <size>0x37</size>
         <input_file_ref idref="fl-b0"/>
      </object_component>
      <object_component id="oc-c9">
         <name>.debug_line</name>
         <load_address>0x11aa</load_address>
         <run_address>0x11aa</run_address>
[...]
               <start_address>0xae38</start_address>
               <size>0x120</size>
               <logical_group_ref idref="lg-5"/>
            </allocated_space>
            <available_space>
               <start_address>0xaf58</start_address>
               <size>0x350a8</size>
            </available_space>
         </usage_details>
      </memory_area>
      <memory_area>
         <name>EMIFA_CS0</name>
         <page_id>0x0</page_id>
         <origin>0x80000000</origin>
         <length>0x10000000</length>
         <used_space>0x0</used_space>
         <unused_space>0x10000000</unused_space>
         <attributes>RWIX</attributes>
         <usage_details>
         </usage_details>
      </memory_area>
      <memory_area>
         <name>EMIFA_CS1</name>
         <page_id>0x0</page_id>
         <origin>0x90000000</origin>
         <length>0x10000000</length>
         <used_space>0x0</used_space>
         <unused_space>0x10000000</unused_space>
         <attributes>RWIX</attributes>
         <usage_details>
         </usage_details>
      </memory_area>
      <memory_area>
         <name>EMIFA_CS2</name>
         <page_id>0x0</page_id>
         <origin>0xa0000000</origin>
         <length>0x10000000</length>
         <used_space>0x0</used_space>
         <unused_space>0x10000000</unused_space>
         <attributes>RWIX</attributes>
         <usage_details>
         </usage_details>
      </memory_area>
      <memory_area>
         <name>EMIFA_CS3</name>
         <page_id>0x0</page_id>
         <origin>0xb0000000</origin>
         <length>0x10000000</length>
         <used_space>0x0</used_space>
         <unused_space>0x10000000</unused_space>
         <attributes>RWIX</attributes>
         <usage_details>
         </usage_details>
      </memory_area>
   </placement_map>
   <symbol_table>
      <symbol id="sm-0">
         <name>cinit</name>
         <value>0xaa10</value>
      </symbol>
      <symbol id="sm-1">
         <name>___cinit__</name>
         <value>0xaa10</value>
      </symbol>
      <symbol id="sm-2">
         <name>pinit</name>
         <value>0xffffffff</value>
      </symbol>
      <symbol id="sm-3">
         <name>___pinit__</name>
         <value>0xffffffff</value>
      </symbol>
      <symbol id="sm-4">
         <name>binit</name>
         <value>0xffffffff</value>
      </symbol>
      <symbol id="sm-5">
         <name>___binit__</name>
         <value>0xffffffff</value>
      </symbol>
      <symbol id="sm-6">
         <name>__STACK_SIZE</name>
         <value>0x800</value>
      </symbol>
      <symbol id="sm-7">
         <name>__STACK_END</name>
         <value>0x9c80</value>
      </symbol>
      <symbol id="sm-8">
         <name>__SYSMEM_SIZE</name>
         <value>0x800</value>
      </symbol>
      <symbol id="sm-9">
         <name>___c_args__</name>
         <value>0xffffffff</value>
      </symbol>
      <symbol id="sm-a">
         <name>.text</name>
         <value>0x0</value>
      </symbol>
      <symbol id="sm-b">
         <name>___text__</name>
         <value>0x0</value>
      </symbol>
      <symbol id="sm-c">
         <name>etext</name>
         <value>0x9480</value>
      </symbol>
      <symbol id="sm-d">
         <name>___etext__</name>
         <value>0x9480</value>
      </symbol>
      <symbol id="sm-e">
         <name>.data</name>
         <value>0x0</value>
      </symbol>
      <symbol id="sm-f">
         <name>___data__</name>
         <value>0x0</value>
      </symbol>
      <symbol id="sm-10">
         <name>edata</name>
         <value>0x0</value>
      </symbol>
      <symbol id="sm-11">
         <name>___edata__</name>
         <value>0x0</value>
      </symbol>
      <symbol id="sm-12">
         <name>.bss</name>
         <value>0x0</value>
      </symbol>
      <symbol id="sm-13">
         <name>___bss__</name>
         <value>0x0</value>
      </symbol>
      <symbol id="sm-14">
         <name>end</name>
         <value>0x0</value>
      </symbol>
      <symbol id="sm-15">
         <name>___end__</name>
         <value>0x0</value>
      </symbol>
      <symbol id="sm-16">
         <name>___TI_pprof_out_hndl</name>
         <value>0xffffffff</value>
      </symbol>
      <symbol id="sm-17">
         <name>___TI_prof_data_start</name>
         <value>0xffffffff</value>
      </symbol>
      <symbol id="sm-18">
         <name>___TI_prof_data_size</name>
         <value>0xffffffff</value>
      </symbol>
      <symbol id="sm-19">
         <name>$bss</name>
         <value>0x0</value>
      </symbol>
      <symbol id="sm-55">
         <name>_multiply32</name>
         <value>0x9200</value>
         <object_component_ref idref="oc-109"/>
      </symbol>
      <symbol id="sm-5f">
         <name>_YCbCr2RGB</name>
         <value>0x6f60</value>
         <object_component_ref idref="oc-104"/>
      </symbol>
      <symbol id="sm-93">
         <name>_main</name>
         <value>0x3840</value>
         <object_component_ref idref="oc-100"/>
      </symbol>
      <symbol id="sm-94">
         <name>_show_fix_point</name>
         <value>0x3a38</value>
         <object_component_ref idref="oc-100"/>
      </symbol>
      <symbol id="sm-95">
         <name>_test_main</name>
         <value>0x38a0</value>
         <object_component_ref idref="oc-100"/>
      </symbol>
      <symbol id="sm-9f">
         <name>__addd</name>
         <value>0x5040</value>
         <object_component_ref idref="oc-10c"/>
      </symbol>
      <symbol id="sm-a9">
         <name>__addf</name>
         <value>0x31a0</value>
         <object_component_ref idref="oc-10f"/>
      </symbol>
      <symbol id="sm-b5">
         <name>_c_int00</name>
         <value>0x9140</value>
         <object_component_ref idref="oc-17"/>
      </symbol>
      <symbol id="sm-b6">
         <name>__stack</name>
         <value>0x9480</value>
         <object_component_ref idref="oc-2c"/>
      </symbol>
      <symbol id="sm-c0">
         <name>__cvtdf</name>
         <value>0x81c0</value>
         <object_component_ref idref="oc-10d"/>
      </symbol>
      <symbol id="sm-ca">
         <name>__cvtfd</name>
         <value>0x8f00</value>
         <object_component_ref idref="oc-105"/>
      </symbol>
      <symbol id="sm-da">
         <name>C$$EXIT</name>
         <value>0x9440</value>
         <object_component_ref idref="oc-101"/>
      </symbol>
      <symbol id="sm-db">
         <name>_exit</name>
         <value>0x84c0</value>
         <object_component_ref idref="oc-f4"/>
      </symbol>
      <symbol id="sm-dc">
         <name>___TI_enable_exit_profile_output</name>
         <value>0xa9ec</value>
         <object_component_ref idref="oc-37"/>
      </symbol>
      <symbol id="sm-dd">
         <name>_abort</name>
         <value>0x9440</value>
         <object_component_ref idref="oc-101"/>
      </symbol>
      <symbol id="sm-de">
         <name>__cleanup_ptr</name>
         <value>0xa9e4</value>
         <object_component_ref idref="oc-37"/>
      </symbol>
      <symbol id="sm-df">
         <name>__dtors_ptr</name>
         <value>0xa9e8</value>
         <object_component_ref idref="oc-37"/>
      </symbol>
      <symbol id="sm-e9">
         <name>__fltid</name>
         <value>0x8f60</value>
         <object_component_ref idref="oc-10a"/>
      </symbol>
      <symbol id="sm-f3">
         <name>__fltif</name>
         <value>0x8fc0</value>
         <object_component_ref idref="oc-10e"/>
      </symbol>
      <symbol id="sm-fd">
         <name>__frcaddd</name>
         <value>0x4920</value>
         <object_component_ref idref="oc-11e"/>
      </symbol>
      <symbol id="sm-10b">
         <name>_pow</name>
         <value>0x0</value>
         <object_component_ref idref="oc-10b"/>
      </symbol>
      <symbol id="sm-119">
         <name>_printf</name>
         <value>0x7f60</value>
         <object_component_ref idref="oc-106"/>
      </symbol>
      <symbol id="sm-123">
         <name>__renormd</name>
         <value>0x89a0</value>
         <object_component_ref idref="oc-128"/>
      </symbol>
      <symbol id="sm-12d">
         <name>__nround</name>
         <value>0x66e0</value>
         <object_component_ref idref="oc-11a"/>
      </symbol>
      <symbol id="sm-137">
         <name>__subd</name>
         <value>0x9360</value>
         <object_component_ref idref="oc-117"/>
      </symbol>
      <symbol id="sm-141">
         <name>__trunc</name>
         <value>0x9420</value>
         <object_component_ref idref="oc-11b"/>
      </symbol>
      <symbol id="sm-14f">
         <name>__unlock</name>
         <value>0xa9f4</value>
         <object_component_ref idref="oc-59"/>
      </symbol>
      <symbol id="sm-150">
         <name>__lock</name>
         <value>0xa9f0</value>
         <object_component_ref idref="oc-59"/>
      </symbol>
      <symbol id="sm-151">
         <name>__nop</name>
         <value>0x93c0</value>
         <object_component_ref idref="oc-f5"/>
      </symbol>
      <symbol id="sm-181">
         <name>__printfi</name>
         <value>0x1d20</value>
         <object_component_ref idref="oc-111"/>
      </symbol>
      <symbol id="sm-18b">
         <name>__args_main</name>
         <value>0x92e0</value>
         <object_component_ref idref="oc-f3"/>
      </symbol>
      <symbol id="sm-18c">
         <name>__TI_args_main</name>
         <value>0x1</value>
      </symbol>
      <symbol id="sm-196">
         <name>_atoi</name>
         <value>0x6e40</value>
         <object_component_ref idref="oc-12d"/>
      </symbol>
      <symbol id="sm-1a0">
         <name>__auto_init</name>
         <value>0x7860</value>
         <object_component_ref idref="oc-f2"/>
      </symbol>
      <symbol id="sm-1aa">
         <name>__cmpd</name>
         <value>0x7940</value>
         <object_component_ref idref="oc-113"/>
      </symbol>
      <symbol id="sm-1b4">
         <name>___TI_cpp_init</name>
         <value>0x8b80</value>
         <object_component_ref idref="oc-ff"/>
      </symbol>
      <symbol id="sm-1be">
         <name>_copy_in</name>
         <value>0x8a40</value>
         <object_component_ref idref="oc-fd"/>
      </symbol>
      <symbol id="sm-1c6">
         <name>__ctypes_</name>
         <value>0xacb8</value>
         <object_component_ref idref="oc-134"/>
      </symbol>
      <symbol id="sm-1d0">
         <name>__tmpnams</name>
         <value>0xa660</value>
         <object_component_ref idref="oc-76"/>
      </symbol>
      <symbol id="sm-1d1">
         <name>__ft_end</name>
         <value>0xa7a0</value>
         <object_component_ref idref="oc-76"/>
      </symbol>
      <symbol id="sm-1d2">
         <name>__ftable</name>
         <value>0xa480</value>
         <object_component_ref idref="oc-76"/>
      </symbol>
      <symbol id="sm-1de">
         <name>__divd</name>
         <value>0x1280</value>
         <object_component_ref idref="oc-118"/>
      </symbol>
      <symbol id="sm-1e6">
         <name>__c6xabi_divu</name>
         <value>0x8280</value>
         <object_component_ref idref="oc-14d"/>
      </symbol>
      <symbol id="sm-1e7">
         <name>__divu</name>
         <value>0x8280</value>
         <object_component_ref idref="oc-14d"/>
      </symbol>
      <symbol id="sm-1f1">
         <name>_errno</name>
         <value>0xa7a4</value>
         <object_component_ref idref="oc-80"/>
      </symbol>
      <symbol id="sm-1fb">
         <name>__fixdi</name>
         <value>0x8860</value>
         <object_component_ref idref="oc-115"/>
      </symbol>
      <symbol id="sm-205">
         <name>__fixdli</name>
         <value>0x8900</value>
         <object_component_ref idref="oc-14a"/>
      </symbol>
      <symbol id="sm-20f">
         <name>__fltlid</name>
         <value>0x8c00</value>
         <object_component_ref idref="oc-14c"/>
      </symbol>
      <symbol id="sm-219">
         <name>_putc</name>
         <value>0x4de0</value>
         <object_component_ref idref="oc-124"/>
      </symbol>
      <symbol id="sm-21a">
         <name>_fputc</name>
         <value>0x4de0</value>
         <object_component_ref idref="oc-124"/>
      </symbol>
      <symbol id="sm-226">
         <name>_fputs</name>
         <value>0x21e0</value>
         <object_component_ref idref="oc-11f"/>
      </symbol>
      <symbol id="sm-230">
         <name>__frcmpyd_div</name>
         <value>0x7380</value>
         <object_component_ref idref="oc-126"/>
      </symbol>
      <symbol id="sm-23a">
         <name>_frexp</name>
         <value>0x5d40</value>
         <object_component_ref idref="oc-114"/>
      </symbol>
      <symbol id="sm-248">
         <name>__divul</name>
         <value>0x60e0</value>
         <object_component_ref idref="oc-14e"/>
      </symbol>
      <symbol id="sm-249">
         <name>__remli</name>
         <value>0x9080</value>
         <object_component_ref idref="oc-152"/>
      </symbol>
      <symbol id="sm-24a">
         <name>__divli</name>
         <value>0x87c0</value>
         <object_component_ref idref="oc-153"/>
      </symbol>
      <symbol id="sm-256">
         <name>__subcull</name>
         <value>0x90e0</value>
         <object_component_ref idref="oc-155"/>
      </symbol>
      <symbol id="sm-257">
         <name>__divull</name>
         <value>0x4140</value>
         <object_component_ref idref="oc-14f"/>
      </symbol>
      <symbol id="sm-261">
         <name>___isinf</name>
         <value>0x9260</value>
         <object_component_ref idref="oc-136"/>
      </symbol>
      <symbol id="sm-26b">
         <name>_ldexp</name>
         <value>0x54c0</value>
         <object_component_ref idref="oc-116"/>
      </symbol>
      <symbol id="sm-277">
         <name>__llshl</name>
         <value>0x8c80</value>
         <object_component_ref idref="oc-154"/>
      </symbol>
      <symbol id="sm-278">
         <name>__llshru</name>
         <value>0x9020</value>
         <object_component_ref idref="oc-156"/>
      </symbol>
      <symbol id="sm-290">
         <name>_unlink</name>
         <value>0x8e80</value>
         <object_component_ref idref="oc-157"/>
      </symbol>
      <symbol id="sm-291">
         <name>_lseek</name>
         <value>0x8580</value>
         <object_component_ref idref="oc-13d"/>
      </symbol>
      <symbol id="sm-292">
         <name>_close</name>
         <value>0x7480</value>
         <object_component_ref idref="oc-150"/>
      </symbol>
      <symbol id="sm-293">
         <name>_write</name>
         <value>0x8700</value>
         <object_component_ref idref="oc-12b"/>
      </symbol>
      <symbol id="sm-29d">
         <name>_ltoa</name>
         <value>0x7580</value>
         <object_component_ref idref="oc-14b"/>
      </symbol>
      <symbol id="sm-2a7">
         <name>_memccpy</name>
         <value>0x8d80</value>
         <object_component_ref idref="oc-130"/>
      </symbol>
      <symbol id="sm-2af">
         <name>_memcpy</name>
         <value>0x7cc0</value>
         <object_component_ref idref="oc-fe"/>
      </symbol>
      <symbol id="sm-2b9">
         <name>_memset</name>
         <value>0x7680</value>
         <object_component_ref idref="oc-12c"/>
      </symbol>
      <symbol id="sm-2c3">
         <name>_modf</name>
         <value>0x7da0</value>
         <object_component_ref idref="oc-11c"/>
      </symbol>
      <symbol id="sm-2cd">
         <name>__mpyd</name>
         <value>0x46a0</value>
         <object_component_ref idref="oc-119"/>
      </symbol>
      <symbol id="sm-2d7">
         <name>__mpyll</name>
         <value>0x8d00</value>
         <object_component_ref idref="oc-131"/>
      </symbol>
      <symbol id="sm-2e1">
         <name>__negd</name>
         <value>0x9320</value>
         <object_component_ref idref="oc-11d"/>
      </symbol>
      <symbol id="sm-2eb">
         <name>__negll</name>
         <value>0x93a0</value>
         <object_component_ref idref="oc-13b"/>
      </symbol>
      <symbol id="sm-303">
         <name>_HOSTopen</name>
         <value>0x7080</value>
         <object_component_ref idref="oc-f6"/>
      </symbol>
      <symbol id="sm-304">
         <name>_HOSTread</name>
         <value>0x7180</value>
         <object_component_ref idref="oc-f8"/>
      </symbol>
      <symbol id="sm-305">
         <name>_HOSTrename</name>
         <value>0x5940</value>
         <object_component_ref idref="oc-fc"/>
      </symbol>
      <symbol id="sm-306">
         <name>_HOSTwrite</name>
         <value>0x7280</value>
         <object_component_ref idref="oc-f9"/>
      </symbol>
      <symbol id="sm-307">
         <name>_HOSTlseek</name>
         <value>0x6ae0</value>
         <object_component_ref idref="oc-fa"/>
      </symbol>
      <symbol id="sm-308">
         <name>_HOSTunlink</name>
         <value>0x7780</value>
         <object_component_ref idref="oc-fb"/>
      </symbol>
      <symbol id="sm-309">
         <name>_HOSTclose</name>
         <value>0x8040</value>
         <object_component_ref idref="oc-f7"/>
      </symbol>
      <symbol id="sm-317">
         <name>C$$IO$$</name>
         <value>0x91f8</value>
         <object_component_ref idref="oc-102"/>
      </symbol>
      <symbol id="sm-318">
         <name>__CIOBUF_</name>
         <value>0xae38</value>
         <object_component_ref idref="oc-cc"/>
      </symbol>
      <symbol id="sm-319">
         <name>_readmsg</name>
         <value>0x8e00</value>
         <object_component_ref idref="oc-103"/>
      </symbol>
      <symbol id="sm-31a">
         <name>_writemsg</name>
         <value>0x91a0</value>
         <object_component_ref idref="oc-102"/>
      </symbol>
      <symbol id="sm-324">
         <name>__wrt_ok</name>
         <value>0x6d20</value>
         <object_component_ref idref="oc-129"/>
      </symbol>
      <symbol id="sm-335">
         <name>__doflush</name>
         <value>0x7b00</value>
         <object_component_ref idref="oc-12a"/>
      </symbol>
      <symbol id="sm-33f">
         <name>__frcmpyd</name>
         <value>0x6c00</value>
         <object_component_ref idref="oc-127"/>
      </symbol>
      <symbol id="sm-349">
         <name>_fseek</name>
         <value>0x6280</value>
         <object_component_ref idref="oc-132"/>
      </symbol>
      <symbol id="sm-353">
         <name>_setvbuf</name>
         <value>0x5700</value>
         <object_component_ref idref="oc-133"/>
      </symbol>
      <symbol id="sm-361">
         <name>__cleanup</name>
         <value>0x8100</value>
         <object_component_ref idref="oc-140"/>
      </symbol>
      <symbol id="sm-377">
         <name>__sys_memory</name>
         <value>0x9c80</value>
         <object_component_ref idref="oc-e9"/>
      </symbol>
      <symbol id="sm-378">
         <name>_free</name>
         <value>0x3e60</value>
         <object_component_ref idref="oc-13e"/>
      </symbol>
      <symbol id="sm-379">
         <name>_malloc</name>
         <value>0x5f20</value>
         <object_component_ref idref="oc-13f"/>
      </symbol>
      <symbol id="sm-383">
         <name>__closefile</name>
         <value>0x69a0</value>
         <object_component_ref idref="oc-149"/>
      </symbol>
      <symbol id="sm-38d">
         <name>_remove</name>
         <value>0x9460</value>
         <object_component_ref idref="oc-151"/>
      </symbol>
   </symbol_table>
</link_info>
