******************************************************************************
               TMS320C6x Linker PC v7.4.4                      
******************************************************************************
>> Linked Sat Dec 19 21:59:15 2020

OUTPUT FILE NAME:   <YCbCr2RGB_dsp.out>
ENTRY POINT SYMBOL: "_c_int00"  address: 000091c0


MEMORY CONFIGURATION

         name            origin    length      used     unused   attr    fill
----------------------  --------  ---------  --------  --------  ----  --------
  IRAM                  00000000   00040000  0000b010  00034ff0  RWIX
  EMIFA_CS0             80000000   10000000  00000000  10000000  RWIX
  EMIFA_CS1             90000000   10000000  00000000  10000000  RWIX
  EMIFA_CS2             a0000000   10000000  00000000  10000000  RWIX
  EMIFA_CS3             b0000000   10000000  00000000  10000000  RWIX


SECTION ALLOCATION MAP

 output                                  attributes/
section   page    origin      length       input sections
--------  ----  ----------  ----------   ----------------
.text      0    00000000    00009540     
                  00000000    00000c60     rts6400.lib : pow.obj (.text:_pow)
                  00000c60    00000620                 : _printfi.obj (.text:__getarg_diouxp)
                  00001280    000005c0                 : divd.obj (.text:__divd)
                  00001840    000004e0                 : _printfi.obj (.text:__setfield)
                  00001d20    000004c0                 : _printfi.obj (.text:__printfi)
                  000021e0    00000420                 : fputs.obj (.text:_fputs)
                  00002600    00000400                 : _printfi.obj (.text:_fcvt)
                  00002a00    000003e0                 : _printfi.obj (.text:__pproc_fge)
                  00002de0    000003c0                 : _printfi.obj (.text:_ecvt)
                  000031a0    00000380                 : addf.obj (.text:__addf)
                  00003520    00000320                 : _printfi.obj (.text:__pconv_e)
                  00003840    00000320     main.obj (.text)
                  00003b60    00000300     rts6400.lib : _printfi.obj (.text:__pproc_fwp)
                  00003e60    000002e0                 : memory.obj (.text:_free)
                  00004140    000002c0                 : imath64.obj (.text:__divull)
                  00004400    000002a0                 : _printfi.obj (.text:__pproc_diouxp)
                  000046a0    00000280                 : mpyd.obj (.text:__mpyd)
                  00004920    00000260                 : frcaddd.obj (.text:__frcaddd)
                  00004b80    00000260                 : _printfi.obj (.text:__pproc_str)
                  00004de0    00000260                 : fputc.obj (.text:_fputc)
                  00005040    00000240                 : addd.obj (.text:__addd)
                  00005280    00000240                 : _printfi.obj (.text:__pconv_g)
                  000054c0    00000240                 : ldexp.obj (.text:_ldexp)
                  00005700    00000240                 : setvbuf.obj (.text:_setvbuf)
                  00005940    00000200                 : trgdrv.obj (.text:_HOSTrename)
                  00005b40    00000200                 : _printfi.obj (.text:__mcpy)
                  00005d40    000001e0                 : frexp.obj (.text:_frexp)
                  00005f20    000001c0                 : memory.obj (.text:_malloc)
                  000060e0    000001a0     YCbCr2RGB.obj (.text)
                  00006280    000001a0     rts6400.lib : imath40.obj (.text:__divul)
                  00006420    00000180                 : fseek.obj (.text:_fseek)
                  000065a0    00000180                 : lowlev.obj (.text:_getdevice)
                  00006720    00000160                 : _printfi.obj (.text:__ltostr)
                  00006880    00000160                 : round.obj (.text:__nround)
                  000069e0    00000160                 : _printfi.obj (.text:__pproc_fflags)
                  00006b40    00000140                 : fclose.obj (.text:__closefile)
                  00006c80    00000120                 : trgdrv.obj (.text:_HOSTlseek)
                  00006da0    00000120                 : frcmpyd.obj (.text:__frcmpyd)
                  00006ec0    00000120                 : _io_perm.obj (.text:__wrt_ok)
                  00006fe0    00000120                 : atoi.obj (.text:_atoi)
                  00007100    00000100                 : trgdrv.obj (.text:_HOSTopen)
                  00007200    00000100                 : trgdrv.obj (.text:_HOSTread)
                  00007300    00000100                 : trgdrv.obj (.text:_HOSTwrite)
                  00007400    00000100                 : frcmpyd_div.obj (.text:__frcmpyd_div)
                  00007500    00000100                 : lowlev.obj (.text:_close)
                  00007600    00000100                 : ltoa.obj (.text:_ltoa)
                  00007700    00000100                 : memset.obj (.text:_memset)
                  00007800    000000e0                 : trgdrv.obj (.text:_HOSTunlink)
                  000078e0    000000e0                 : autoinit.obj (.text:__auto_init)
                  000079c0    000000e0                 : cmpd.obj (.text:__cmpd)
                  00007aa0    000000e0                 : _printfi.obj (.text:__div)
                  00007b80    000000e0                 : fflush.obj (.text:__doflush)
                  00007c60    000000e0                 : _printfi.obj (.text:__pconv_f)
                  00007d40    000000e0                 : memcpy64.obj (.text:_memcpy)
                  00007e20    000000e0                 : modf.obj (.text:_modf)
                  00007f00    000000e0                 : memory.obj (.text:_mremove)
                  00007fe0    000000e0                 : printf.obj (.text:_printf)
                  000080c0    000000c0                 : trgdrv.obj (.text:_HOSTclose)
                  00008180    000000c0                 : fopen.obj (.text:__cleanup)
                  00008240    000000c0                 : cvtdf.obj (.text:__cvtdf)
                  00008300    000000c0                 : divu.obj (.text:__divu)
                  000083c0    000000c0                 : _printfi.obj (.text:__ecpy)
                  00008480    000000c0                 : _printfi.obj (.text:__fcpy)
                  00008540    000000c0                 : exit.obj (.text:_exit)
                  00008600    000000c0                 : lowlev.obj (.text:_lseek)
                  000086c0    000000c0                 : memory.obj (.text:_minsert)
                  00008780    000000c0                 : lowlev.obj (.text:_write)
                  00008840    000000a0                 : imath40.obj (.text:__divli)
                  000088e0    000000a0                 : fixdi.obj (.text:__fixdi)
                  00008980    000000a0                 : fixdli.obj (.text:__fixdli)
                  00008a20    000000a0                 : renormd.obj (.text:__renormd)
                  00008ac0    000000a0                 : cpy_tbl.obj (.text:_copy_in)
                  00008b60    000000a0                 : lowlev.obj (.text:_finddevice)
                  00008c00    00000080                 : cpp_init.obj (.text:___TI_cpp_init)
                  00008c80    00000080                 : fltlid.obj (.text:__fltlid)
                  00008d00    00000080                 : llshift.obj (.text:__llshl)
                  00008d80    00000080                 : mpyll.obj (.text:__mpyll)
                  00008e00    00000080                 : memccpy.obj (.text:_memccpy)
                  00008e80    00000080                 : trgmsg.obj (.text:_readmsg)
                  00008f00    00000080                 : lowlev.obj (.text:_unlink)
                  00008f80    00000060                 : cvtfd.obj (.text:__cvtfd)
                  00008fe0    00000060                 : fltid.obj (.text:__fltid)
                  00009040    00000060                 : fltif.obj (.text:__fltif)
                  000090a0    00000060                 : llshift.obj (.text:__llshru)
                  00009100    00000060                 : imath40.obj (.text:__remli)
                  00009160    00000060                 : imath64.obj (.text:__subcull)
                  000091c0    00000060                 : boot.obj (.text:_c_int00)
                  00009220    00000060                 : trgmsg.obj (.text:_writemsg)
                  00009280    00000060     multiply32.obj (.text)
                  000092e0    00000040     rts6400.lib : isinf.obj (.text:___isinf)
                  00009320    00000040                 : _printfi.obj (.text:___isnan)
                  00009360    00000040                 : args_main.obj (.text:__args_main)
                  000093a0    00000040                 : negd.obj (.text:__negd)
                  000093e0    00000040                 : subd.obj (.text:__subd)
                  00009420    00000040     rounding.obj (.text)
                  00009460    00000020     rts6400.lib : negll.obj (.text:__negll)
                  00009480    00000020                 : _lock.obj (.text:__nop)
                  000094a0    00000020                 : printf.obj (.text:__outc)
                  000094c0    00000020                 : printf.obj (.text:__outs)
                  000094e0    00000020                 : trunc.obj (.text:__trunc)
                  00009500    00000020                 : exit.obj (.text:_abort)
                  00009520    00000020                 : remove.obj (.text:_remove)

.bss       0    00000000    00000000     UNINITIALIZED

.data      0    00000000    00000000     UNINITIALIZED

.pinit     0    00000000    00000000     UNINITIALIZED

.stack     0    00009540    00000800     UNINITIALIZED
                  00009540    00000008     rts6400.lib : boot.obj (.stack)
                  00009548    000007f8     --HOLE--

.sysmem    0    00009d40    00000800     UNINITIALIZED
                  00009d40    00000008     rts6400.lib : memory.obj (.sysmem)
                  00009d48    000007f8     --HOLE--

.far       0    0000a540    0000058c     UNINITIALIZED
                  0000a540    00000324     rts6400.lib : defs.obj (.far)
                  0000a864    00000004                 : errno.obj (.far)
                  0000a868    00000120                 : pow.obj (.far)
                  0000a988    0000011c                 : lowlev.obj (.far)
                  0000aaa4    0000000c                 : exit.obj (.far)
                  0000aab0    00000008                 : _lock.obj (.far)
                  0000aab8    00000008                 : memory.obj (.far)
                  0000aac0    00000008                 : trgdrv.obj (.far)
                  0000aac8    00000004                 : fopen.obj (.far)

.cinit     0    0000aad0    000002a4     
                  0000aad0    00000140     rts6400.lib : pow.obj (.cinit)
                  0000ac10    0000005c                 : defs.obj (.cinit)
                  0000ac6c    00000004     --HOLE-- [fill = 0]
                  0000ac70    0000005c                 : lowlev.obj (.cinit)
                  0000accc    00000004     --HOLE-- [fill = 0]
                  0000acd0    0000002c                 : exit.obj (.cinit)
                  0000acfc    00000004     --HOLE-- [fill = 0]
                  0000ad00    0000002c                 : memory.obj (.cinit)
                  0000ad2c    00000004     --HOLE-- [fill = 0]
                  0000ad30    0000001c                 : _lock.obj (.cinit)
                  0000ad4c    00000004     --HOLE-- [fill = 0]
                  0000ad50    0000000c                 : errno.obj (.cinit)
                  0000ad5c    00000004     --HOLE-- [fill = 0]
                  0000ad60    0000000c                 : fopen.obj (.cinit)
                  0000ad6c    00000004     --HOLE-- [fill = 0]
                  0000ad70    00000004     (.pad.cinit) [fill = 0]

.const     0    0000ad78    00000180     
                  0000ad78    00000101     rts6400.lib : ctype.obj (.const:.string:__ctypes_)
                  0000ae79    00000023                 : _printfi.obj (.const:.string)
                  0000ae9c    00000002                 : fputs.obj (.const:.string)
                  0000ae9e    00000002     --HOLE-- [fill = 0]
                  0000aea0    0000001c     main.obj (.const:_$P$T0$1)
                  0000aebc    00000004     --HOLE-- [fill = 0]
                  0000aec0    0000001c     main.obj (.const:_$P$T1$2)
                  0000aedc    00000014     main.obj (.const:.string)
                  0000aef0    00000008     rts6400.lib : divd.obj (.const:.string:_initial_approx$1)

.cio       0    0000aef8    00000120     UNINITIALIZED
                  0000aef8    00000120     rts6400.lib : trgmsg.obj (.cio)


GLOBAL SYMBOLS: SORTED ALPHABETICALLY BY Name 

address    name
--------   ----
00000000   $bss
00000000   .bss
00000000   .data
00000000   .text
00009500   C$$EXIT
00009278   C$$IO$$
000080c0   _HOSTclose
00006c80   _HOSTlseek
00007100   _HOSTopen
00007200   _HOSTread
00005940   _HOSTrename
00007800   _HOSTunlink
00007300   _HOSTwrite
000060e0   _YCbCr2RGB
0000aef8   __CIOBUF_
00009d40   __STACK_END
00000800   __STACK_SIZE
00000800   __SYSMEM_SIZE
00000001   __TI_args_main
00008c00   ___TI_cpp_init
0000aaac   ___TI_enable_exit_profile_output
ffffffff   ___TI_pprof_out_hndl
ffffffff   ___TI_prof_data_size
ffffffff   ___TI_prof_data_start
ffffffff   ___binit__
00000000   ___bss__
ffffffff   ___c_args__
0000aad0   ___cinit__
00000000   ___data__
00000000   ___edata__
00000000   ___end__
00009540   ___etext__
000092e0   ___isinf
ffffffff   ___pinit__
00000000   ___text__
00005040   __addd
000031a0   __addf
00009360   __args_main
000078e0   __auto_init
00008300   __c6xabi_divu
00008180   __cleanup
0000aaa4   __cleanup_ptr
00006b40   __closefile
000079c0   __cmpd
0000ad78   __ctypes_
00008240   __cvtdf
00008f80   __cvtfd
00001280   __divd
00008840   __divli
00008300   __divu
00006280   __divul
00004140   __divull
00007b80   __doflush
0000aaa8   __dtors_ptr
000088e0   __fixdi
00008980   __fixdli
00008fe0   __fltid
00009040   __fltif
00008c80   __fltlid
00004920   __frcaddd
00006da0   __frcmpyd
00007400   __frcmpyd_div
0000a860   __ft_end
0000a540   __ftable
00008d00   __llshl
000090a0   __llshru
0000aab0   __lock
000046a0   __mpyd
00008d80   __mpyll
000093a0   __negd
00009460   __negll
00009480   __nop
00006880   __nround
00001d20   __printfi
00009100   __remli
00008a20   __renormd
00009540   __stack
00009160   __subcull
000093e0   __subd
00009d40   __sys_memory
0000a720   __tmpnams
000094e0   __trunc
0000aab4   __unlock
00006ec0   __wrt_ok
00009500   _abort
00006fe0   _atoi
000091c0   _c_int00
00007500   _close
00008ac0   _copy_in
0000a864   _errno
00008540   _exit
00004de0   _fputc
000021e0   _fputs
00003e60   _free
00005d40   _frexp
00006420   _fseek
000054c0   _ldexp
00008600   _lseek
00007600   _ltoa
00003840   _main
00005f20   _malloc
00008e00   _memccpy
00007d40   _memcpy
00007700   _memset
00007e20   _modf
00009280   _multiply32
00009420   _my_rounding
00000000   _pow
00007fe0   _printf
00004de0   _putc
00008e80   _readmsg
00009520   _remove
00005700   _setvbuf
00003a38   _show_fix_point
000038a0   _test_main
00008f00   _unlink
00008780   _write
00009220   _writemsg
ffffffff   binit
0000aad0   cinit
00000000   edata
00000000   end
00009540   etext
ffffffff   pinit


GLOBAL SYMBOLS: SORTED BY Symbol Address 

address    name
--------   ----
00000000   $bss
00000000   .bss
00000000   .data
00000000   .text
00000000   ___bss__
00000000   ___data__
00000000   ___edata__
00000000   ___end__
00000000   ___text__
00000000   _pow
00000000   edata
00000000   end
00000001   __TI_args_main
00000800   __STACK_SIZE
00000800   __SYSMEM_SIZE
00001280   __divd
00001d20   __printfi
000021e0   _fputs
000031a0   __addf
00003840   _main
000038a0   _test_main
00003a38   _show_fix_point
00003e60   _free
00004140   __divull
000046a0   __mpyd
00004920   __frcaddd
00004de0   _fputc
00004de0   _putc
00005040   __addd
000054c0   _ldexp
00005700   _setvbuf
00005940   _HOSTrename
00005d40   _frexp
00005f20   _malloc
000060e0   _YCbCr2RGB
00006280   __divul
00006420   _fseek
00006880   __nround
00006b40   __closefile
00006c80   _HOSTlseek
00006da0   __frcmpyd
00006ec0   __wrt_ok
00006fe0   _atoi
00007100   _HOSTopen
00007200   _HOSTread
00007300   _HOSTwrite
00007400   __frcmpyd_div
00007500   _close
00007600   _ltoa
00007700   _memset
00007800   _HOSTunlink
000078e0   __auto_init
000079c0   __cmpd
00007b80   __doflush
00007d40   _memcpy
00007e20   _modf
00007fe0   _printf
000080c0   _HOSTclose
00008180   __cleanup
00008240   __cvtdf
00008300   __c6xabi_divu
00008300   __divu
00008540   _exit
00008600   _lseek
00008780   _write
00008840   __divli
000088e0   __fixdi
00008980   __fixdli
00008a20   __renormd
00008ac0   _copy_in
00008c00   ___TI_cpp_init
00008c80   __fltlid
00008d00   __llshl
00008d80   __mpyll
00008e00   _memccpy
00008e80   _readmsg
00008f00   _unlink
00008f80   __cvtfd
00008fe0   __fltid
00009040   __fltif
000090a0   __llshru
00009100   __remli
00009160   __subcull
000091c0   _c_int00
00009220   _writemsg
00009278   C$$IO$$
00009280   _multiply32
000092e0   ___isinf
00009360   __args_main
000093a0   __negd
000093e0   __subd
00009420   _my_rounding
00009460   __negll
00009480   __nop
000094e0   __trunc
00009500   C$$EXIT
00009500   _abort
00009520   _remove
00009540   ___etext__
00009540   __stack
00009540   etext
00009d40   __STACK_END
00009d40   __sys_memory
0000a540   __ftable
0000a720   __tmpnams
0000a860   __ft_end
0000a864   _errno
0000aaa4   __cleanup_ptr
0000aaa8   __dtors_ptr
0000aaac   ___TI_enable_exit_profile_output
0000aab0   __lock
0000aab4   __unlock
0000aad0   ___cinit__
0000aad0   cinit
0000ad78   __ctypes_
0000aef8   __CIOBUF_
ffffffff   ___TI_pprof_out_hndl
ffffffff   ___TI_prof_data_size
ffffffff   ___TI_prof_data_start
ffffffff   ___binit__
ffffffff   ___c_args__
ffffffff   ___pinit__
ffffffff   binit
ffffffff   pinit

[124 symbols]
