******************************************************************************
               TMS320C6x Linker PC v7.4.4                      
******************************************************************************
>> Linked Sat Dec 19 21:49:29 2020

OUTPUT FILE NAME:   <YCbCr2RGB.out>
ENTRY POINT SYMBOL: "_c_int00"  address: 00009140


MEMORY CONFIGURATION

         name            origin    length      used     unused   attr    fill
----------------------  --------  ---------  --------  --------  ----  --------
  IRAM                  00000000   00040000  0000af50  000350b0  RWIX
  EMIFA_CS0             80000000   10000000  00000000  10000000  RWIX
  EMIFA_CS1             90000000   10000000  00000000  10000000  RWIX
  EMIFA_CS2             a0000000   10000000  00000000  10000000  RWIX
  EMIFA_CS3             b0000000   10000000  00000000  10000000  RWIX


SECTION ALLOCATION MAP

 output                                  attributes/
section   page    origin      length       input sections
--------  ----  ----------  ----------   ----------------
.text      0    00000000    00009480     
                  00000000    00000c60     rts6400.lib : pow.obj (.text:_pow)
                  00000c60    00000620                 : _printfi.obj (.text:__getarg_diouxp)
                  00001280    000005c0                 : divd.obj (.text:__divd)
                  00001840    000004e0                 : _printfi.obj (.text:__setfield)
                  00001d20    000004c0                 : _printfi.obj (.text:__printfi)
                  000021e0    00000420                 : fputs.obj (.text:_fputs)
                  00002600    00000400                 : _printfi.obj (.text:_fcvt)
                  00002a00    000003e0                 : _printfi.obj (.text:__pproc_fge)
                  00002de0    000003c0                 : _printfi.obj (.text:_ecvt)
                  000031a0    00000380                 : addf.obj (.text:__addf)
                  00003520    00000320                 : _printfi.obj (.text:__pconv_e)
                  00003840    00000320     main.obj (.text)
                  00003b60    00000300     rts6400.lib : _printfi.obj (.text:__pproc_fwp)
                  00003e60    000002e0                 : memory.obj (.text:_free)
                  00004140    000002c0                 : imath64.obj (.text:__divull)
                  00004400    000002a0                 : _printfi.obj (.text:__pproc_diouxp)
                  000046a0    00000280                 : mpyd.obj (.text:__mpyd)
                  00004920    00000260                 : frcaddd.obj (.text:__frcaddd)
                  00004b80    00000260                 : _printfi.obj (.text:__pproc_str)
                  00004de0    00000260                 : fputc.obj (.text:_fputc)
                  00005040    00000240                 : addd.obj (.text:__addd)
                  00005280    00000240                 : _printfi.obj (.text:__pconv_g)
                  000054c0    00000240                 : ldexp.obj (.text:_ldexp)
                  00005700    00000240                 : setvbuf.obj (.text:_setvbuf)
                  00005940    00000200                 : trgdrv.obj (.text:_HOSTrename)
                  00005b40    00000200                 : _printfi.obj (.text:__mcpy)
                  00005d40    000001e0                 : frexp.obj (.text:_frexp)
                  00005f20    000001c0                 : memory.obj (.text:_malloc)
                  000060e0    000001a0                 : imath40.obj (.text:__divul)
                  00006280    00000180                 : fseek.obj (.text:_fseek)
                  00006400    00000180                 : lowlev.obj (.text:_getdevice)
                  00006580    00000160                 : _printfi.obj (.text:__ltostr)
                  000066e0    00000160                 : round.obj (.text:__nround)
                  00006840    00000160                 : _printfi.obj (.text:__pproc_fflags)
                  000069a0    00000140                 : fclose.obj (.text:__closefile)
                  00006ae0    00000120                 : trgdrv.obj (.text:_HOSTlseek)
                  00006c00    00000120                 : frcmpyd.obj (.text:__frcmpyd)
                  00006d20    00000120                 : _io_perm.obj (.text:__wrt_ok)
                  00006e40    00000120                 : atoi.obj (.text:_atoi)
                  00006f60    00000120     matrix_multipy.obj (.text)
                  00007080    00000100     rts6400.lib : trgdrv.obj (.text:_HOSTopen)
                  00007180    00000100                 : trgdrv.obj (.text:_HOSTread)
                  00007280    00000100                 : trgdrv.obj (.text:_HOSTwrite)
                  00007380    00000100                 : frcmpyd_div.obj (.text:__frcmpyd_div)
                  00007480    00000100                 : lowlev.obj (.text:_close)
                  00007580    00000100                 : ltoa.obj (.text:_ltoa)
                  00007680    00000100                 : memset.obj (.text:_memset)
                  00007780    000000e0                 : trgdrv.obj (.text:_HOSTunlink)
                  00007860    000000e0                 : autoinit.obj (.text:__auto_init)
                  00007940    000000e0                 : cmpd.obj (.text:__cmpd)
                  00007a20    000000e0                 : _printfi.obj (.text:__div)
                  00007b00    000000e0                 : fflush.obj (.text:__doflush)
                  00007be0    000000e0                 : _printfi.obj (.text:__pconv_f)
                  00007cc0    000000e0                 : memcpy64.obj (.text:_memcpy)
                  00007da0    000000e0                 : modf.obj (.text:_modf)
                  00007e80    000000e0                 : memory.obj (.text:_mremove)
                  00007f60    000000e0                 : printf.obj (.text:_printf)
                  00008040    000000c0                 : trgdrv.obj (.text:_HOSTclose)
                  00008100    000000c0                 : fopen.obj (.text:__cleanup)
                  000081c0    000000c0                 : cvtdf.obj (.text:__cvtdf)
                  00008280    000000c0                 : divu.obj (.text:__divu)
                  00008340    000000c0                 : _printfi.obj (.text:__ecpy)
                  00008400    000000c0                 : _printfi.obj (.text:__fcpy)
                  000084c0    000000c0                 : exit.obj (.text:_exit)
                  00008580    000000c0                 : lowlev.obj (.text:_lseek)
                  00008640    000000c0                 : memory.obj (.text:_minsert)
                  00008700    000000c0                 : lowlev.obj (.text:_write)
                  000087c0    000000a0                 : imath40.obj (.text:__divli)
                  00008860    000000a0                 : fixdi.obj (.text:__fixdi)
                  00008900    000000a0                 : fixdli.obj (.text:__fixdli)
                  000089a0    000000a0                 : renormd.obj (.text:__renormd)
                  00008a40    000000a0                 : cpy_tbl.obj (.text:_copy_in)
                  00008ae0    000000a0                 : lowlev.obj (.text:_finddevice)
                  00008b80    00000080                 : cpp_init.obj (.text:___TI_cpp_init)
                  00008c00    00000080                 : fltlid.obj (.text:__fltlid)
                  00008c80    00000080                 : llshift.obj (.text:__llshl)
                  00008d00    00000080                 : mpyll.obj (.text:__mpyll)
                  00008d80    00000080                 : memccpy.obj (.text:_memccpy)
                  00008e00    00000080                 : trgmsg.obj (.text:_readmsg)
                  00008e80    00000080                 : lowlev.obj (.text:_unlink)
                  00008f00    00000060                 : cvtfd.obj (.text:__cvtfd)
                  00008f60    00000060                 : fltid.obj (.text:__fltid)
                  00008fc0    00000060                 : fltif.obj (.text:__fltif)
                  00009020    00000060                 : llshift.obj (.text:__llshru)
                  00009080    00000060                 : imath40.obj (.text:__remli)
                  000090e0    00000060                 : imath64.obj (.text:__subcull)
                  00009140    00000060                 : boot.obj (.text:_c_int00)
                  000091a0    00000060                 : trgmsg.obj (.text:_writemsg)
                  00009200    00000060     multiply32.obj (.text)
                  00009260    00000040     rts6400.lib : isinf.obj (.text:___isinf)
                  000092a0    00000040                 : _printfi.obj (.text:___isnan)
                  000092e0    00000040                 : args_main.obj (.text:__args_main)
                  00009320    00000040                 : negd.obj (.text:__negd)
                  00009360    00000040                 : subd.obj (.text:__subd)
                  000093a0    00000020                 : negll.obj (.text:__negll)
                  000093c0    00000020                 : _lock.obj (.text:__nop)
                  000093e0    00000020                 : printf.obj (.text:__outc)
                  00009400    00000020                 : printf.obj (.text:__outs)
                  00009420    00000020                 : trunc.obj (.text:__trunc)
                  00009440    00000020                 : exit.obj (.text:_abort)
                  00009460    00000020                 : remove.obj (.text:_remove)

.bss       0    00000000    00000000     UNINITIALIZED

.data      0    00000000    00000000     UNINITIALIZED

.pinit     0    00000000    00000000     UNINITIALIZED

.stack     0    00009480    00000800     UNINITIALIZED
                  00009480    00000008     rts6400.lib : boot.obj (.stack)
                  00009488    000007f8     --HOLE--

.sysmem    0    00009c80    00000800     UNINITIALIZED
                  00009c80    00000008     rts6400.lib : memory.obj (.sysmem)
                  00009c88    000007f8     --HOLE--

.far       0    0000a480    0000058c     UNINITIALIZED
                  0000a480    00000324     rts6400.lib : defs.obj (.far)
                  0000a7a4    00000004                 : errno.obj (.far)
                  0000a7a8    00000120                 : pow.obj (.far)
                  0000a8c8    0000011c                 : lowlev.obj (.far)
                  0000a9e4    0000000c                 : exit.obj (.far)
                  0000a9f0    00000008                 : _lock.obj (.far)
                  0000a9f8    00000008                 : memory.obj (.far)
                  0000aa00    00000008                 : trgdrv.obj (.far)
                  0000aa08    00000004                 : fopen.obj (.far)

.cinit     0    0000aa10    000002a4     
                  0000aa10    00000140     rts6400.lib : pow.obj (.cinit)
                  0000ab50    0000005c                 : defs.obj (.cinit)
                  0000abac    00000004     --HOLE-- [fill = 0]
                  0000abb0    0000005c                 : lowlev.obj (.cinit)
                  0000ac0c    00000004     --HOLE-- [fill = 0]
                  0000ac10    0000002c                 : exit.obj (.cinit)
                  0000ac3c    00000004     --HOLE-- [fill = 0]
                  0000ac40    0000002c                 : memory.obj (.cinit)
                  0000ac6c    00000004     --HOLE-- [fill = 0]
                  0000ac70    0000001c                 : _lock.obj (.cinit)
                  0000ac8c    00000004     --HOLE-- [fill = 0]
                  0000ac90    0000000c                 : errno.obj (.cinit)
                  0000ac9c    00000004     --HOLE-- [fill = 0]
                  0000aca0    0000000c                 : fopen.obj (.cinit)
                  0000acac    00000004     --HOLE-- [fill = 0]
                  0000acb0    00000004     (.pad.cinit) [fill = 0]

.const     0    0000acb8    00000180     
                  0000acb8    00000101     rts6400.lib : ctype.obj (.const:.string:__ctypes_)
                  0000adb9    00000023                 : _printfi.obj (.const:.string)
                  0000addc    00000002                 : fputs.obj (.const:.string)
                  0000adde    00000002     --HOLE-- [fill = 0]
                  0000ade0    0000001c     main.obj (.const:_$P$T0$1)
                  0000adfc    00000004     --HOLE-- [fill = 0]
                  0000ae00    0000001c     main.obj (.const:_$P$T1$2)
                  0000ae1c    00000014     main.obj (.const:.string)
                  0000ae30    00000008     rts6400.lib : divd.obj (.const:.string:_initial_approx$1)

.cio       0    0000ae38    00000120     UNINITIALIZED
                  0000ae38    00000120     rts6400.lib : trgmsg.obj (.cio)


GLOBAL SYMBOLS: SORTED ALPHABETICALLY BY Name 

address    name
--------   ----
00000000   $bss
00000000   .bss
00000000   .data
00000000   .text
00009440   C$$EXIT
000091f8   C$$IO$$
00008040   _HOSTclose
00006ae0   _HOSTlseek
00007080   _HOSTopen
00007180   _HOSTread
00005940   _HOSTrename
00007780   _HOSTunlink
00007280   _HOSTwrite
00006f60   _YCbCr2RGB
0000ae38   __CIOBUF_
00009c80   __STACK_END
00000800   __STACK_SIZE
00000800   __SYSMEM_SIZE
00000001   __TI_args_main
00008b80   ___TI_cpp_init
0000a9ec   ___TI_enable_exit_profile_output
ffffffff   ___TI_pprof_out_hndl
ffffffff   ___TI_prof_data_size
ffffffff   ___TI_prof_data_start
ffffffff   ___binit__
00000000   ___bss__
ffffffff   ___c_args__
0000aa10   ___cinit__
00000000   ___data__
00000000   ___edata__
00000000   ___end__
00009480   ___etext__
00009260   ___isinf
ffffffff   ___pinit__
00000000   ___text__
00005040   __addd
000031a0   __addf
000092e0   __args_main
00007860   __auto_init
00008280   __c6xabi_divu
00008100   __cleanup
0000a9e4   __cleanup_ptr
000069a0   __closefile
00007940   __cmpd
0000acb8   __ctypes_
000081c0   __cvtdf
00008f00   __cvtfd
00001280   __divd
000087c0   __divli
00008280   __divu
000060e0   __divul
00004140   __divull
00007b00   __doflush
0000a9e8   __dtors_ptr
00008860   __fixdi
00008900   __fixdli
00008f60   __fltid
00008fc0   __fltif
00008c00   __fltlid
00004920   __frcaddd
00006c00   __frcmpyd
00007380   __frcmpyd_div
0000a7a0   __ft_end
0000a480   __ftable
00008c80   __llshl
00009020   __llshru
0000a9f0   __lock
000046a0   __mpyd
00008d00   __mpyll
00009320   __negd
000093a0   __negll
000093c0   __nop
000066e0   __nround
00001d20   __printfi
00009080   __remli
000089a0   __renormd
00009480   __stack
000090e0   __subcull
00009360   __subd
00009c80   __sys_memory
0000a660   __tmpnams
00009420   __trunc
0000a9f4   __unlock
00006d20   __wrt_ok
00009440   _abort
00006e40   _atoi
00009140   _c_int00
00007480   _close
00008a40   _copy_in
0000a7a4   _errno
000084c0   _exit
00004de0   _fputc
000021e0   _fputs
00003e60   _free
00005d40   _frexp
00006280   _fseek
000054c0   _ldexp
00008580   _lseek
00007580   _ltoa
00003840   _main
00005f20   _malloc
00008d80   _memccpy
00007cc0   _memcpy
00007680   _memset
00007da0   _modf
00009200   _multiply32
00000000   _pow
00007f60   _printf
00004de0   _putc
00008e00   _readmsg
00009460   _remove
00005700   _setvbuf
00003a38   _show_fix_point
000038a0   _test_main
00008e80   _unlink
00008700   _write
000091a0   _writemsg
ffffffff   binit
0000aa10   cinit
00000000   edata
00000000   end
00009480   etext
ffffffff   pinit


GLOBAL SYMBOLS: SORTED BY Symbol Address 

address    name
--------   ----
00000000   $bss
00000000   .bss
00000000   .data
00000000   .text
00000000   ___bss__
00000000   ___data__
00000000   ___edata__
00000000   ___end__
00000000   ___text__
00000000   _pow
00000000   edata
00000000   end
00000001   __TI_args_main
00000800   __STACK_SIZE
00000800   __SYSMEM_SIZE
00001280   __divd
00001d20   __printfi
000021e0   _fputs
000031a0   __addf
00003840   _main
000038a0   _test_main
00003a38   _show_fix_point
00003e60   _free
00004140   __divull
000046a0   __mpyd
00004920   __frcaddd
00004de0   _fputc
00004de0   _putc
00005040   __addd
000054c0   _ldexp
00005700   _setvbuf
00005940   _HOSTrename
00005d40   _frexp
00005f20   _malloc
000060e0   __divul
00006280   _fseek
000066e0   __nround
000069a0   __closefile
00006ae0   _HOSTlseek
00006c00   __frcmpyd
00006d20   __wrt_ok
00006e40   _atoi
00006f60   _YCbCr2RGB
00007080   _HOSTopen
00007180   _HOSTread
00007280   _HOSTwrite
00007380   __frcmpyd_div
00007480   _close
00007580   _ltoa
00007680   _memset
00007780   _HOSTunlink
00007860   __auto_init
00007940   __cmpd
00007b00   __doflush
00007cc0   _memcpy
00007da0   _modf
00007f60   _printf
00008040   _HOSTclose
00008100   __cleanup
000081c0   __cvtdf
00008280   __c6xabi_divu
00008280   __divu
000084c0   _exit
00008580   _lseek
00008700   _write
000087c0   __divli
00008860   __fixdi
00008900   __fixdli
000089a0   __renormd
00008a40   _copy_in
00008b80   ___TI_cpp_init
00008c00   __fltlid
00008c80   __llshl
00008d00   __mpyll
00008d80   _memccpy
00008e00   _readmsg
00008e80   _unlink
00008f00   __cvtfd
00008f60   __fltid
00008fc0   __fltif
00009020   __llshru
00009080   __remli
000090e0   __subcull
00009140   _c_int00
000091a0   _writemsg
000091f8   C$$IO$$
00009200   _multiply32
00009260   ___isinf
000092e0   __args_main
00009320   __negd
00009360   __subd
000093a0   __negll
000093c0   __nop
00009420   __trunc
00009440   C$$EXIT
00009440   _abort
00009460   _remove
00009480   ___etext__
00009480   __stack
00009480   etext
00009c80   __STACK_END
00009c80   __sys_memory
0000a480   __ftable
0000a660   __tmpnams
0000a7a0   __ft_end
0000a7a4   _errno
0000a9e4   __cleanup_ptr
0000a9e8   __dtors_ptr
0000a9ec   ___TI_enable_exit_profile_output
0000a9f0   __lock
0000a9f4   __unlock
0000aa10   ___cinit__
0000aa10   cinit
0000acb8   __ctypes_
0000ae38   __CIOBUF_
ffffffff   ___TI_pprof_out_hndl
ffffffff   ___TI_prof_data_size
ffffffff   ___TI_prof_data_start
ffffffff   ___binit__
ffffffff   ___c_args__
ffffffff   ___pinit__
ffffffff   binit
ffffffff   pinit

[123 symbols]
