<?xml version="1.0"?>
<link_info>
   <banner>TMS320C6x Linker PC v7.4.4</banner>
   <copyright>Copyright (c) 1996-2013 Texas Instruments Incorporated</copyright>
   <link_time>0x5ff5a758</link_time>
   <output_file>YCbCr2RGB_dsp.out</output_file>
   <entry_point>
      <name>_c_int00</name>
      <address>0x77e0</address>
   </entry_point>
   <input_file_list>
      <input_file id="fl-2">
         <path>.\</path>
         <kind>object</kind>
         <file>rounding.obj</file>
         <name>rounding.obj</name>
      </input_file>
      <input_file id="fl-3">
         <path>.\</path>
         <kind>object</kind>
         <file>multiply32.obj</file>
         <name>multiply32.obj</name>
      </input_file>
      <input_file id="fl-4">
         <path>.\</path>
         <kind>object</kind>
         <file>main.obj</file>
         <name>main.obj</name>
      </input_file>
      <input_file id="fl-5">
         <path>.\</path>
         <kind>object</kind>
         <file>YCbCr2RGB.obj</file>
         <name>YCbCr2RGB.obj</name>
      </input_file>
      <input_file id="fl-80">
         <path>F:\software\ccs\ccsv5\tools\compiler\c6000_7.4.4\lib\</path>
         <kind>archive</kind>
         <file>rts6400.lib</file>
         <name>boot.obj</name>
      </input_file>
      <input_file id="fl-81">
         <path>F:\software\ccs\ccsv5\tools\compiler\c6000_7.4.4\lib\</path>
         <kind>archive</kind>
         <file>rts6400.lib</file>
         <name>exit.obj</name>
      </input_file>
      <input_file id="fl-82">
         <path>F:\software\ccs\ccsv5\tools\compiler\c6000_7.4.4\lib\</path>
         <kind>archive</kind>
         <file>rts6400.lib</file>
         <name>memset.obj</name>
      </input_file>
      <input_file id="fl-83">
         <path>F:\software\ccs\ccsv5\tools\compiler\c6000_7.4.4\lib\</path>
         <kind>archive</kind>
         <file>rts6400.lib</file>
         <name>printf.obj</name>
      </input_file>
      <input_file id="fl-84">
         <path>F:\software\ccs\ccsv5\tools\compiler\c6000_7.4.4\lib\</path>
         <kind>archive</kind>
         <file>rts6400.lib</file>
         <name>_lock.obj</name>
      </input_file>
      <input_file id="fl-85">
         <path>F:\software\ccs\ccsv5\tools\compiler\c6000_7.4.4\lib\</path>
         <kind>archive</kind>
         <file>rts6400.lib</file>
         <name>_printfi.obj</name>
      </input_file>
      <input_file id="fl-86">
         <path>F:\software\ccs\ccsv5\tools\compiler\c6000_7.4.4\lib\</path>
         <kind>archive</kind>
         <file>rts6400.lib</file>
         <name>args_main.obj</name>
      </input_file>
      <input_file id="fl-87">
         <path>F:\software\ccs\ccsv5\tools\compiler\c6000_7.4.4\lib\</path>
         <kind>archive</kind>
         <file>rts6400.lib</file>
         <name>atoi.obj</name>
      </input_file>
      <input_file id="fl-88">
         <path>F:\software\ccs\ccsv5\tools\compiler\c6000_7.4.4\lib\</path>
         <kind>archive</kind>
         <file>rts6400.lib</file>
         <name>autoinit.obj</name>
      </input_file>
      <input_file id="fl-89">
         <path>F:\software\ccs\ccsv5\tools\compiler\c6000_7.4.4\lib\</path>
         <kind>archive</kind>
         <file>rts6400.lib</file>
         <name>cmpd.obj</name>
      </input_file>
      <input_file id="fl-8a">
         <path>F:\software\ccs\ccsv5\tools\compiler\c6000_7.4.4\lib\</path>
         <kind>archive</kind>
         <file>rts6400.lib</file>
         <name>cpp_init.obj</name>
      </input_file>
      <input_file id="fl-8b">
         <path>F:\software\ccs\ccsv5\tools\compiler\c6000_7.4.4\lib\</path>
         <kind>archive</kind>
         <file>rts6400.lib</file>
         <name>cpy_tbl.obj</name>
      </input_file>
      <input_file id="fl-8c">
         <path>F:\software\ccs\ccsv5\tools\compiler\c6000_7.4.4\lib\</path>
         <kind>archive</kind>
         <file>rts6400.lib</file>
         <name>ctype.obj</name>
      </input_file>
      <input_file id="fl-8d">
         <path>F:\software\ccs\ccsv5\tools\compiler\c6000_7.4.4\lib\</path>
         <kind>archive</kind>
         <file>rts6400.lib</file>
         <name>defs.obj</name>
      </input_file>
      <input_file id="fl-8e">
         <path>F:\software\ccs\ccsv5\tools\compiler\c6000_7.4.4\lib\</path>
         <kind>archive</kind>
         <file>rts6400.lib</file>
         <name>divd.obj</name>
      </input_file>
      <input_file id="fl-8f">
         <path>F:\software\ccs\ccsv5\tools\compiler\c6000_7.4.4\lib\</path>
         <kind>archive</kind>
         <file>rts6400.lib</file>
         <name>divu.obj</name>
      </input_file>
      <input_file id="fl-90">
         <path>F:\software\ccs\ccsv5\tools\compiler\c6000_7.4.4\lib\</path>
         <kind>archive</kind>
         <file>rts6400.lib</file>
         <name>fixdi.obj</name>
      </input_file>
      <input_file id="fl-91">
         <path>F:\software\ccs\ccsv5\tools\compiler\c6000_7.4.4\lib\</path>
         <kind>archive</kind>
         <file>rts6400.lib</file>
         <name>fixdli.obj</name>
      </input_file>
      <input_file id="fl-92">
         <path>F:\software\ccs\ccsv5\tools\compiler\c6000_7.4.4\lib\</path>
         <kind>archive</kind>
         <file>rts6400.lib</file>
         <name>fltlid.obj</name>
      </input_file>
      <input_file id="fl-93">
         <path>F:\software\ccs\ccsv5\tools\compiler\c6000_7.4.4\lib\</path>
         <kind>archive</kind>
         <file>rts6400.lib</file>
         <name>fputc.obj</name>
      </input_file>
      <input_file id="fl-94">
         <path>F:\software\ccs\ccsv5\tools\compiler\c6000_7.4.4\lib\</path>
         <kind>archive</kind>
         <file>rts6400.lib</file>
         <name>fputs.obj</name>
      </input_file>
      <input_file id="fl-95">
         <path>F:\software\ccs\ccsv5\tools\compiler\c6000_7.4.4\lib\</path>
         <kind>archive</kind>
         <file>rts6400.lib</file>
         <name>frcmpyd_div.obj</name>
      </input_file>
      <input_file id="fl-96">
         <path>F:\software\ccs\ccsv5\tools\compiler\c6000_7.4.4\lib\</path>
         <kind>archive</kind>
         <file>rts6400.lib</file>
         <name>imath40.obj</name>
      </input_file>
      <input_file id="fl-97">
         <path>F:\software\ccs\ccsv5\tools\compiler\c6000_7.4.4\lib\</path>
         <kind>archive</kind>
         <file>rts6400.lib</file>
         <name>imath64.obj</name>
      </input_file>
      <input_file id="fl-98">
         <path>F:\software\ccs\ccsv5\tools\compiler\c6000_7.4.4\lib\</path>
         <kind>archive</kind>
         <file>rts6400.lib</file>
         <name>isinf.obj</name>
      </input_file>
      <input_file id="fl-99">
         <path>F:\software\ccs\ccsv5\tools\compiler\c6000_7.4.4\lib\</path>
         <kind>archive</kind>
         <file>rts6400.lib</file>
         <name>llshift.obj</name>
      </input_file>
      <input_file id="fl-9a">
         <path>F:\software\ccs\ccsv5\tools\compiler\c6000_7.4.4\lib\</path>
         <kind>archive</kind>
         <file>rts6400.lib</file>
         <name>lowlev.obj</name>
      </input_file>
      <input_file id="fl-9b">
         <path>F:\software\ccs\ccsv5\tools\compiler\c6000_7.4.4\lib\</path>
         <kind>archive</kind>
         <file>rts6400.lib</file>
         <name>ltoa.obj</name>
      </input_file>
      <input_file id="fl-9c">
         <path>F:\software\ccs\ccsv5\tools\compiler\c6000_7.4.4\lib\</path>
         <kind>archive</kind>
         <file>rts6400.lib</file>
         <name>memccpy.obj</name>
      </input_file>
      <input_file id="fl-9d">
         <path>F:\software\ccs\ccsv5\tools\compiler\c6000_7.4.4\lib\</path>
         <kind>archive</kind>
         <file>rts6400.lib</file>
         <name>memcpy64.obj</name>
      </input_file>
      <input_file id="fl-9e">
         <path>F:\software\ccs\ccsv5\tools\compiler\c6000_7.4.4\lib\</path>
         <kind>archive</kind>
         <file>rts6400.lib</file>
         <name>mpyd.obj</name>
      </input_file>
      <input_file id="fl-9f">
         <path>F:\software\ccs\ccsv5\tools\compiler\c6000_7.4.4\lib\</path>
         <kind>archive</kind>
         <file>rts6400.lib</file>
         <name>mpyll.obj</name>
      </input_file>
      <input_file id="fl-a0">
         <path>F:\software\ccs\ccsv5\tools\compiler\c6000_7.4.4\lib\</path>
         <kind>archive</kind>
         <file>rts6400.lib</file>
         <name>negd.obj</name>
      </input_file>
      <input_file id="fl-a1">
         <path>F:\software\ccs\ccsv5\tools\compiler\c6000_7.4.4\lib\</path>
         <kind>archive</kind>
         <file>rts6400.lib</file>
         <name>negll.obj</name>
      </input_file>
      <input_file id="fl-a2">
         <path>F:\software\ccs\ccsv5\tools\compiler\c6000_7.4.4\lib\</path>
         <kind>archive</kind>
         <file>rts6400.lib</file>
         <name>subd.obj</name>
      </input_file>
      <input_file id="fl-a3">
         <path>F:\software\ccs\ccsv5\tools\compiler\c6000_7.4.4\lib\</path>
         <kind>archive</kind>
         <file>rts6400.lib</file>
         <name>trgdrv.obj</name>
      </input_file>
      <input_file id="fl-a4">
         <path>F:\software\ccs\ccsv5\tools\compiler\c6000_7.4.4\lib\</path>
         <kind>archive</kind>
         <file>rts6400.lib</file>
         <name>trgmsg.obj</name>
      </input_file>
      <input_file id="fl-a5">
         <path>F:\software\ccs\ccsv5\tools\compiler\c6000_7.4.4\lib\</path>
         <kind>archive</kind>
         <file>rts6400.lib</file>
         <name>_io_perm.obj</name>
      </input_file>
      <input_file id="fl-a6">
         <path>F:\software\ccs\ccsv5\tools\compiler\c6000_7.4.4\lib\</path>
         <kind>archive</kind>
         <file>rts6400.lib</file>
         <name>abs.obj</name>
      </input_file>
      <input_file id="fl-a7">
         <path>F:\software\ccs\ccsv5\tools\compiler\c6000_7.4.4\lib\</path>
         <kind>archive</kind>
         <file>rts6400.lib</file>
         <name>addd.obj</name>
      </input_file>
      <input_file id="fl-a8">
         <path>F:\software\ccs\ccsv5\tools\compiler\c6000_7.4.4\lib\</path>
         <kind>archive</kind>
         <file>rts6400.lib</file>
         <name>fflush.obj</name>
      </input_file>
      <input_file id="fl-a9">
         <path>F:\software\ccs\ccsv5\tools\compiler\c6000_7.4.4\lib\</path>
         <kind>archive</kind>
         <file>rts6400.lib</file>
         <name>frcaddd.obj</name>
      </input_file>
      <input_file id="fl-aa">
         <path>F:\software\ccs\ccsv5\tools\compiler\c6000_7.4.4\lib\</path>
         <kind>archive</kind>
         <file>rts6400.lib</file>
         <name>frcmpyd.obj</name>
      </input_file>
      <input_file id="fl-ab">
         <path>F:\software\ccs\ccsv5\tools\compiler\c6000_7.4.4\lib\</path>
         <kind>archive</kind>
         <file>rts6400.lib</file>
         <name>fseek.obj</name>
      </input_file>
      <input_file id="fl-ac">
         <path>F:\software\ccs\ccsv5\tools\compiler\c6000_7.4.4\lib\</path>
         <kind>archive</kind>
         <file>rts6400.lib</file>
         <name>renormd.obj</name>
      </input_file>
      <input_file id="fl-ad">
         <path>F:\software\ccs\ccsv5\tools\compiler\c6000_7.4.4\lib\</path>
         <kind>archive</kind>
         <file>rts6400.lib</file>
         <name>setvbuf.obj</name>
      </input_file>
      <input_file id="fl-ae">
         <path>F:\software\ccs\ccsv5\tools\compiler\c6000_7.4.4\lib\</path>
         <kind>archive</kind>
         <file>rts6400.lib</file>
         <name>fopen.obj</name>
      </input_file>
      <input_file id="fl-af">
         <path>F:\software\ccs\ccsv5\tools\compiler\c6000_7.4.4\lib\</path>
         <kind>archive</kind>
         <file>rts6400.lib</file>
         <name>memory.obj</name>
      </input_file>
      <input_file id="fl-b0">
         <path>F:\software\ccs\ccsv5\tools\compiler\c6000_7.4.4\lib\</path>
         <kind>archive</kind>
         <file>rts6400.lib</file>
         <name>fclose.obj</name>
      </input_file>
      <input_file id="fl-b1">
         <path>F:\software\ccs\ccsv5\tools\compiler\c6000_7.4.4\lib\</path>
         <kind>archive</kind>
         <file>rts6400.lib</file>
         <name>remove.obj</name>
      </input_file>
   </input_file_list>
   <object_component_list>
      <object_component id="oc-101">
         <name>.text:__getarg_diouxp</name>
         <load_address>0x0</load_address>
         <run_address>0x0</run_address>
         <size>0x620</size>
         <input_file_ref idref="fl-85"/>
      </object_component>
      <object_component id="oc-10e">
         <name>.text:__divd</name>
         <load_address>0x620</load_address>
         <run_address>0x620</run_address>
         <size>0x5c0</size>
         <input_file_ref idref="fl-8e"/>
      </object_component>
      <object_component id="oc-ed">
         <name>.text:__setfield</name>
         <load_address>0xbe0</load_address>
         <run_address>0xbe0</run_address>
         <size>0x4e0</size>
         <input_file_ref idref="fl-85"/>
      </object_component>
      <object_component id="oc-e8">
         <name>.text:__printfi</name>
         <load_address>0x10c0</load_address>
         <run_address>0x10c0</run_address>
         <size>0x4c0</size>
         <input_file_ref idref="fl-85"/>
      </object_component>
      <object_component id="oc-ea">
         <name>.text:_fputs</name>
         <load_address>0x1580</load_address>
         <run_address>0x1580</run_address>
         <size>0x420</size>
         <input_file_ref idref="fl-94"/>
      </object_component>
      <object_component id="oc-10b">
         <name>.text:_fcvt</name>
         <load_address>0x19a0</load_address>
         <run_address>0x19a0</run_address>
         <size>0x400</size>
         <input_file_ref idref="fl-85"/>
      </object_component>
      <object_component id="oc-f4">
         <name>.text:__pproc_fge</name>
         <load_address>0x1da0</load_address>
         <run_address>0x1da0</run_address>
         <size>0x3e0</size>
         <input_file_ref idref="fl-85"/>
      </object_component>
      <object_component id="oc-108">
         <name>.text:_ecvt</name>
         <load_address>0x2180</load_address>
         <run_address>0x2180</run_address>
         <size>0x3c0</size>
         <input_file_ref idref="fl-85"/>
      </object_component>
      <object_component id="oc-100">
         <name>.text:__pconv_e</name>
         <load_address>0x2540</load_address>
         <run_address>0x2540</run_address>
         <size>0x320</size>
         <input_file_ref idref="fl-85"/>
      </object_component>
      <object_component id="oc-ec">
         <name>.text:__pproc_fwp</name>
         <load_address>0x2860</load_address>
         <run_address>0x2860</run_address>
         <size>0x300</size>
         <input_file_ref idref="fl-85"/>
      </object_component>
      <object_component id="oc-105">
         <name>.text:_free</name>
         <load_address>0x2b60</load_address>
         <run_address>0x2b60</run_address>
         <size>0x2e0</size>
         <input_file_ref idref="fl-af"/>
      </object_component>
      <object_component id="oc-11e">
         <name>.text:__divull</name>
         <load_address>0x2e40</load_address>
         <run_address>0x2e40</run_address>
         <size>0x2c0</size>
         <input_file_ref idref="fl-97"/>
      </object_component>
      <object_component id="oc-f5">
         <name>.text:__pproc_diouxp</name>
         <load_address>0x3100</load_address>
         <run_address>0x3100</run_address>
         <size>0x2a0</size>
         <input_file_ref idref="fl-85"/>
      </object_component>
      <object_component id="oc-10d">
         <name>.text:__mpyd</name>
         <load_address>0x33a0</load_address>
         <run_address>0x33a0</run_address>
         <size>0x280</size>
         <input_file_ref idref="fl-9e"/>
      </object_component>
      <object_component id="oc-128">
         <name>.text:__frcaddd</name>
         <load_address>0x3620</load_address>
         <run_address>0x3620</run_address>
         <size>0x260</size>
         <input_file_ref idref="fl-a9"/>
      </object_component>
      <object_component id="oc-ee">
         <name>.text:__pproc_str</name>
         <load_address>0x3880</load_address>
         <run_address>0x3880</run_address>
         <size>0x260</size>
         <input_file_ref idref="fl-85"/>
      </object_component>
      <object_component id="oc-ef">
         <name>.text:_fputc</name>
         <load_address>0x3ae0</load_address>
         <run_address>0x3ae0</run_address>
         <size>0x260</size>
         <input_file_ref idref="fl-93"/>
      </object_component>
      <object_component id="oc-123">
         <name>.text:__addd</name>
         <load_address>0x3d40</load_address>
         <run_address>0x3d40</run_address>
         <size>0x240</size>
         <input_file_ref idref="fl-a7"/>
      </object_component>
      <object_component id="oc-fe">
         <name>.text:__pconv_g</name>
         <load_address>0x3f80</load_address>
         <run_address>0x3f80</run_address>
         <size>0x240</size>
         <input_file_ref idref="fl-85"/>
      </object_component>
      <object_component id="oc-f8">
         <name>.text:_setvbuf</name>
         <load_address>0x41c0</load_address>
         <run_address>0x41c0</run_address>
         <size>0x240</size>
         <input_file_ref idref="fl-ad"/>
      </object_component>
      <object_component id="oc-d9">
         <name>.text:_HOSTrename</name>
         <load_address>0x4400</load_address>
         <run_address>0x4400</run_address>
         <size>0x200</size>
         <input_file_ref idref="fl-a3"/>
      </object_component>
      <object_component id="oc-10a">
         <name>.text:__mcpy</name>
         <load_address>0x4600</load_address>
         <run_address>0x4600</run_address>
         <size>0x200</size>
         <input_file_ref idref="fl-85"/>
      </object_component>
      <object_component id="oc-106">
         <name>.text:_malloc</name>
         <load_address>0x4800</load_address>
         <run_address>0x4800</run_address>
         <size>0x1c0</size>
         <input_file_ref idref="fl-af"/>
      </object_component>
      <object_component id="oc-e3">
         <name>.text</name>
         <load_address>0x49c0</load_address>
         <run_address>0x49c0</run_address>
         <size>0x1a0</size>
         <input_file_ref idref="fl-5"/>
      </object_component>
      <object_component id="oc-11d">
         <name>.text:__divul</name>
         <load_address>0x4b60</load_address>
         <run_address>0x4b60</run_address>
         <size>0x1a0</size>
         <input_file_ref idref="fl-96"/>
      </object_component>
      <object_component id="oc-f7">
         <name>.text:_fseek</name>
         <load_address>0x4d00</load_address>
         <run_address>0x4d00</run_address>
         <size>0x180</size>
         <input_file_ref idref="fl-ab"/>
      </object_component>
      <object_component id="oc-129">
         <name>.text:_getdevice</name>
         <load_address>0x4e80</load_address>
         <run_address>0x4e80</run_address>
         <size>0x180</size>
         <input_file_ref idref="fl-9a"/>
      </object_component>
      <object_component id="oc-103">
         <name>.text:__ltostr</name>
         <load_address>0x5000</load_address>
         <run_address>0x5000</run_address>
         <size>0x160</size>
         <input_file_ref idref="fl-85"/>
      </object_component>
      <object_component id="oc-eb">
         <name>.text:__pproc_fflags</name>
         <load_address>0x5160</load_address>
         <run_address>0x5160</run_address>
         <size>0x160</size>
         <input_file_ref idref="fl-85"/>
      </object_component>
      <object_component id="oc-113">
         <name>.text:__closefile</name>
         <load_address>0x52c0</load_address>
         <run_address>0x52c0</run_address>
         <size>0x140</size>
         <input_file_ref idref="fl-b0"/>
      </object_component>
      <object_component id="oc-d7">
         <name>.text:_HOSTlseek</name>
         <load_address>0x5400</load_address>
         <run_address>0x5400</run_address>
         <size>0x120</size>
         <input_file_ref idref="fl-a3"/>
      </object_component>
      <object_component id="oc-119">
         <name>.text:__frcmpyd</name>
         <load_address>0x5520</load_address>
         <run_address>0x5520</run_address>
         <size>0x120</size>
         <input_file_ref idref="fl-aa"/>
      </object_component>
      <object_component id="oc-f0">
         <name>.text:__wrt_ok</name>
         <load_address>0x5640</load_address>
         <run_address>0x5640</run_address>
         <size>0x120</size>
         <input_file_ref idref="fl-a5"/>
      </object_component>
      <object_component id="oc-f3">
         <name>.text:_atoi</name>
         <load_address>0x5760</load_address>
         <run_address>0x5760</run_address>
         <size>0x120</size>
         <input_file_ref idref="fl-87"/>
      </object_component>
      <object_component id="oc-d3">
         <name>.text:_HOSTopen</name>
         <load_address>0x5880</load_address>
         <run_address>0x5880</run_address>
         <size>0x100</size>
         <input_file_ref idref="fl-a3"/>
      </object_component>
      <object_component id="oc-d5">
         <name>.text:_HOSTread</name>
         <load_address>0x5980</load_address>
         <run_address>0x5980</run_address>
         <size>0x100</size>
         <input_file_ref idref="fl-a3"/>
      </object_component>
      <object_component id="oc-d6">
         <name>.text:_HOSTwrite</name>
         <load_address>0x5a80</load_address>
         <run_address>0x5a80</run_address>
         <size>0x100</size>
         <input_file_ref idref="fl-a3"/>
      </object_component>
      <object_component id="oc-11b">
         <name>.text:__frcmpyd_div</name>
         <load_address>0x5b80</load_address>
         <run_address>0x5b80</run_address>
         <size>0x100</size>
         <input_file_ref idref="fl-95"/>
      </object_component>
      <object_component id="oc-11f">
         <name>.text:_close</name>
         <load_address>0x5c80</load_address>
         <run_address>0x5c80</run_address>
         <size>0x100</size>
         <input_file_ref idref="fl-9a"/>
      </object_component>
      <object_component id="oc-115">
         <name>.text:_ltoa</name>
         <load_address>0x5d80</load_address>
         <run_address>0x5d80</run_address>
         <size>0x100</size>
         <input_file_ref idref="fl-9b"/>
      </object_component>
      <object_component id="oc-e2">
         <name>.text:_memset</name>
         <load_address>0x5e80</load_address>
         <run_address>0x5e80</run_address>
         <size>0x100</size>
         <input_file_ref idref="fl-82"/>
      </object_component>
      <object_component id="oc-d8">
         <name>.text:_HOSTunlink</name>
         <load_address>0x5f80</load_address>
         <run_address>0x5f80</run_address>
         <size>0xe0</size>
         <input_file_ref idref="fl-a3"/>
      </object_component>
      <object_component id="oc-cf">
         <name>.text:__auto_init</name>
         <load_address>0x6060</load_address>
         <run_address>0x6060</run_address>
         <size>0xe0</size>
         <input_file_ref idref="fl-88"/>
      </object_component>
      <object_component id="oc-fc">
         <name>.text:__cmpd</name>
         <load_address>0x6140</load_address>
         <run_address>0x6140</run_address>
         <size>0xe0</size>
         <input_file_ref idref="fl-89"/>
      </object_component>
      <object_component id="oc-10f">
         <name>.text:__div</name>
         <load_address>0x6220</load_address>
         <run_address>0x6220</run_address>
         <size>0xe0</size>
         <input_file_ref idref="fl-85"/>
      </object_component>
      <object_component id="oc-f1">
         <name>.text:__doflush</name>
         <load_address>0x6300</load_address>
         <run_address>0x6300</run_address>
         <size>0xe0</size>
         <input_file_ref idref="fl-a8"/>
      </object_component>
      <object_component id="oc-ff">
         <name>.text:__pconv_f</name>
         <load_address>0x63e0</load_address>
         <run_address>0x63e0</run_address>
         <size>0xe0</size>
         <input_file_ref idref="fl-85"/>
      </object_component>
      <object_component id="oc-db">
         <name>.text:_memcpy</name>
         <load_address>0x64c0</load_address>
         <run_address>0x64c0</run_address>
         <size>0xe0</size>
         <input_file_ref idref="fl-9d"/>
      </object_component>
      <object_component id="oc-111">
         <name>.text:_mremove</name>
         <load_address>0x65a0</load_address>
         <run_address>0x65a0</run_address>
         <size>0xe0</size>
         <input_file_ref idref="fl-af"/>
      </object_component>
      <object_component id="oc-e4">
         <name>.text:_printf</name>
         <load_address>0x6680</load_address>
         <run_address>0x6680</run_address>
         <size>0xe0</size>
         <input_file_ref idref="fl-83"/>
      </object_component>
      <object_component id="oc-dd">
         <name>.text</name>
         <load_address>0x6760</load_address>
         <run_address>0x6760</run_address>
         <size>0xe0</size>
         <input_file_ref idref="fl-4"/>
      </object_component>
      <object_component id="oc-d4">
         <name>.text:_HOSTclose</name>
         <load_address>0x6840</load_address>
         <run_address>0x6840</run_address>
         <size>0xc0</size>
         <input_file_ref idref="fl-a3"/>
      </object_component>
      <object_component id="oc-107">
         <name>.text:__cleanup</name>
         <load_address>0x6900</load_address>
         <run_address>0x6900</run_address>
         <size>0xc0</size>
         <input_file_ref idref="fl-ae"/>
      </object_component>
      <object_component id="oc-11c">
         <name>.text:__divu</name>
         <load_address>0x69c0</load_address>
         <run_address>0x69c0</run_address>
         <size>0xc0</size>
         <input_file_ref idref="fl-8f"/>
      </object_component>
      <object_component id="oc-109">
         <name>.text:__ecpy</name>
         <load_address>0x6a80</load_address>
         <run_address>0x6a80</run_address>
         <size>0xc0</size>
         <input_file_ref idref="fl-85"/>
      </object_component>
      <object_component id="oc-10c">
         <name>.text:__fcpy</name>
         <load_address>0x6b40</load_address>
         <run_address>0x6b40</run_address>
         <size>0xc0</size>
         <input_file_ref idref="fl-85"/>
      </object_component>
      <object_component id="oc-d1">
         <name>.text:_exit</name>
         <load_address>0x6c00</load_address>
         <run_address>0x6c00</run_address>
         <size>0xc0</size>
         <input_file_ref idref="fl-81"/>
      </object_component>
      <object_component id="oc-104">
         <name>.text:_lseek</name>
         <load_address>0x6cc0</load_address>
         <run_address>0x6cc0</run_address>
         <size>0xc0</size>
         <input_file_ref idref="fl-9a"/>
      </object_component>
      <object_component id="oc-112">
         <name>.text:_minsert</name>
         <load_address>0x6d80</load_address>
         <run_address>0x6d80</run_address>
         <size>0xc0</size>
         <input_file_ref idref="fl-af"/>
      </object_component>
      <object_component id="oc-f2">
         <name>.text:_write</name>
         <load_address>0x6e40</load_address>
         <run_address>0x6e40</run_address>
         <size>0xc0</size>
         <input_file_ref idref="fl-9a"/>
      </object_component>
      <object_component id="oc-122">
         <name>.text:__divli</name>
         <load_address>0x6f00</load_address>
         <run_address>0x6f00</run_address>
         <size>0xa0</size>
         <input_file_ref idref="fl-96"/>
      </object_component>
      <object_component id="oc-118">
         <name>.text:__fixdi</name>
         <load_address>0x6fa0</load_address>
         <run_address>0x6fa0</run_address>
         <size>0xa0</size>
         <input_file_ref idref="fl-90"/>
      </object_component>
      <object_component id="oc-114">
         <name>.text:__fixdli</name>
         <load_address>0x7040</load_address>
         <run_address>0x7040</run_address>
         <size>0xa0</size>
         <input_file_ref idref="fl-91"/>
      </object_component>
      <object_component id="oc-12a">
         <name>.text:__renormd</name>
         <load_address>0x70e0</load_address>
         <run_address>0x70e0</run_address>
         <size>0xa0</size>
         <input_file_ref idref="fl-ac"/>
      </object_component>
      <object_component id="oc-da">
         <name>.text:_copy_in</name>
         <load_address>0x7180</load_address>
         <run_address>0x7180</run_address>
         <size>0xa0</size>
         <input_file_ref idref="fl-8b"/>
      </object_component>
      <object_component id="oc-12b">
         <name>.text:_finddevice</name>
         <load_address>0x7220</load_address>
         <run_address>0x7220</run_address>
         <size>0xa0</size>
         <input_file_ref idref="fl-9a"/>
      </object_component>
      <object_component id="oc-dc">
         <name>.text:___TI_cpp_init</name>
         <load_address>0x72c0</load_address>
         <run_address>0x72c0</run_address>
         <size>0x80</size>
         <input_file_ref idref="fl-8a"/>
      </object_component>
      <object_component id="oc-116">
         <name>.text:__fltlid</name>
         <load_address>0x7340</load_address>
         <run_address>0x7340</run_address>
         <size>0x80</size>
         <input_file_ref idref="fl-92"/>
      </object_component>
      <object_component id="oc-124">
         <name>.text:__llshl</name>
         <load_address>0x73c0</load_address>
         <run_address>0x73c0</run_address>
         <size>0x80</size>
         <input_file_ref idref="fl-99"/>
      </object_component>
      <object_component id="oc-110">
         <name>.text:__mpyll</name>
         <load_address>0x7440</load_address>
         <run_address>0x7440</run_address>
         <size>0x80</size>
         <input_file_ref idref="fl-9f"/>
      </object_component>
      <object_component id="oc-f6">
         <name>.text:_memccpy</name>
         <load_address>0x74c0</load_address>
         <run_address>0x74c0</run_address>
         <size>0x80</size>
         <input_file_ref idref="fl-9c"/>
      </object_component>
      <object_component id="oc-e0">
         <name>.text:_readmsg</name>
         <load_address>0x7540</load_address>
         <run_address>0x7540</run_address>
         <size>0x80</size>
         <input_file_ref idref="fl-a4"/>
      </object_component>
      <object_component id="oc-127">
         <name>.text:_unlink</name>
         <load_address>0x75c0</load_address>
         <run_address>0x75c0</run_address>
         <size>0x80</size>
         <input_file_ref idref="fl-9a"/>
      </object_component>
      <object_component id="oc-e5">
         <name>.text</name>
         <load_address>0x7640</load_address>
         <run_address>0x7640</run_address>
         <size>0x80</size>
         <input_file_ref idref="fl-3"/>
      </object_component>
      <object_component id="oc-126">
         <name>.text:__llshru</name>
         <load_address>0x76c0</load_address>
         <run_address>0x76c0</run_address>
         <size>0x60</size>
         <input_file_ref idref="fl-99"/>
      </object_component>
      <object_component id="oc-121">
         <name>.text:__remli</name>
         <load_address>0x7720</load_address>
         <run_address>0x7720</run_address>
         <size>0x60</size>
         <input_file_ref idref="fl-96"/>
      </object_component>
      <object_component id="oc-125">
         <name>.text:__subcull</name>
         <load_address>0x7780</load_address>
         <run_address>0x7780</run_address>
         <size>0x60</size>
         <input_file_ref idref="fl-97"/>
      </object_component>
      <object_component id="oc-17">
         <name>.text:_c_int00</name>
         <load_address>0x77e0</load_address>
         <run_address>0x77e0</run_address>
         <size>0x60</size>
         <input_file_ref idref="fl-80"/>
      </object_component>
      <object_component id="oc-df">
         <name>.text:_writemsg</name>
         <load_address>0x7840</load_address>
         <run_address>0x7840</run_address>
         <size>0x60</size>
         <input_file_ref idref="fl-a4"/>
      </object_component>
      <object_component id="oc-fb">
         <name>.text:___isinf</name>
         <load_address>0x78a0</load_address>
         <run_address>0x78a0</run_address>
         <size>0x40</size>
         <input_file_ref idref="fl-98"/>
      </object_component>
      <object_component id="oc-fa">
         <name>.text:___isnan</name>
         <load_address>0x78e0</load_address>
         <run_address>0x78e0</run_address>
         <size>0x40</size>
         <input_file_ref idref="fl-85"/>
      </object_component>
      <object_component id="oc-d0">
         <name>.text:__args_main</name>
         <load_address>0x7920</load_address>
         <run_address>0x7920</run_address>
         <size>0x40</size>
         <input_file_ref idref="fl-86"/>
      </object_component>
      <object_component id="oc-fd">
         <name>.text:__negd</name>
         <load_address>0x7960</load_address>
         <run_address>0x7960</run_address>
         <size>0x40</size>
         <input_file_ref idref="fl-a0"/>
      </object_component>
      <object_component id="oc-117">
         <name>.text:__subd</name>
         <load_address>0x79a0</load_address>
         <run_address>0x79a0</run_address>
         <size>0x40</size>
         <input_file_ref idref="fl-a2"/>
      </object_component>
      <object_component id="oc-e6">
         <name>.text</name>
         <load_address>0x79e0</load_address>
         <run_address>0x79e0</run_address>
         <size>0x40</size>
         <input_file_ref idref="fl-2"/>
      </object_component>
      <object_component id="oc-102">
         <name>.text:__negll</name>
         <load_address>0x7a20</load_address>
         <run_address>0x7a20</run_address>
         <size>0x20</size>
         <input_file_ref idref="fl-a1"/>
      </object_component>
      <object_component id="oc-d2">
         <name>.text:__nop</name>
         <load_address>0x7a40</load_address>
         <run_address>0x7a40</run_address>
         <size>0x20</size>
         <input_file_ref idref="fl-84"/>
      </object_component>
      <object_component id="oc-e9">
         <name>.text:__outc</name>
         <load_address>0x7a60</load_address>
         <run_address>0x7a60</run_address>
         <size>0x20</size>
         <input_file_ref idref="fl-83"/>
      </object_component>
      <object_component id="oc-e7">
         <name>.text:__outs</name>
         <load_address>0x7a80</load_address>
         <run_address>0x7a80</run_address>
         <size>0x20</size>
         <input_file_ref idref="fl-83"/>
      </object_component>
      <object_component id="oc-de">
         <name>.text:_abort</name>
         <load_address>0x7aa0</load_address>
         <run_address>0x7aa0</run_address>
         <size>0x20</size>
         <input_file_ref idref="fl-81"/>
      </object_component>
      <object_component id="oc-120">
         <name>.text:_remove</name>
         <load_address>0x7ac0</load_address>
         <run_address>0x7ac0</run_address>
         <size>0x20</size>
         <input_file_ref idref="fl-b1"/>
      </object_component>
      <object_component id="oc-2a">
         <name>.stack</name>
         <uninitialized>true</uninitialized>
         <run_address>0x7ae0</run_address>
         <size>0x8</size>
         <input_file_ref idref="fl-80"/>
      </object_component>
      <object_component id="oc-14a">
         <name>.stack</name>
         <uninitialized>true</uninitialized>
         <run_address>0x7ae0</run_address>
         <size>0x0</size>
      </object_component>
      <object_component id="oc-a0">
         <name>.cio</name>
         <uninitialized>true</uninitialized>
         <run_address>0x9208</run_address>
         <size>0x120</size>
         <input_file_ref idref="fl-a4"/>
      </object_component>
      <object_component id="oc-f9">
         <name>.const:.string:__ctypes_</name>
         <load_address>0x8f48</load_address>
         <run_address>0x8f48</run_address>
         <size>0x101</size>
         <input_file_ref idref="fl-8c"/>
      </object_component>
      <object_component id="oc-6c">
         <name>.const:.string</name>
         <load_address>0x9049</load_address>
         <run_address>0x9049</run_address>
         <size>0x2</size>
         <input_file_ref idref="fl-94"/>
      </object_component>
      <object_component id="oc-21">
         <name>.const:.string</name>
         <load_address>0x904c</load_address>
         <run_address>0x904c</run_address>
         <size>0x24</size>
         <input_file_ref idref="fl-4"/>
      </object_component>
      <object_component id="oc-3e">
         <name>.const:.string</name>
         <load_address>0x9070</load_address>
         <run_address>0x9070</run_address>
         <size>0x23</size>
         <input_file_ref idref="fl-85"/>
      </object_component>
      <object_component id="oc-e1">
         <name>.const:_$P$T0$1</name>
         <load_address>0x9098</load_address>
         <run_address>0x9098</run_address>
         <size>0xc</size>
         <input_file_ref idref="fl-4"/>
      </object_component>
      <object_component id="oc-11a">
         <name>.const:.string:_initial_approx$1</name>
         <load_address>0x90a8</load_address>
         <run_address>0x90a8</run_address>
         <size>0x8</size>
         <input_file_ref idref="fl-8e"/>
      </object_component>
      <object_component id="oc-c6">
         <name>.sysmem</name>
         <uninitialized>true</uninitialized>
         <run_address>0x82e0</run_address>
         <size>0x8</size>
         <input_file_ref idref="fl-af"/>
      </object_component>
      <object_component id="oc-14b">
         <name>.sysmem</name>
         <uninitialized>true</uninitialized>
         <run_address>0x82e0</run_address>
         <size>0x0</size>
      </object_component>
      <object_component id="oc-2f">
         <name>.far</name>
         <uninitialized>true</uninitialized>
         <run_address>0x8f24</run_address>
         <size>0xc</size>
         <input_file_ref idref="fl-81"/>
      </object_component>
      <object_component id="oc-3a">
         <name>.far</name>
         <uninitialized>true</uninitialized>
         <run_address>0x8f30</run_address>
         <size>0x8</size>
         <input_file_ref idref="fl-84"/>
      </object_component>
      <object_component id="oc-57">
         <name>.far</name>
         <uninitialized>true</uninitialized>
         <run_address>0x8ae0</run_address>
         <size>0x324</size>
         <input_file_ref idref="fl-8d"/>
      </object_component>
      <object_component id="oc-80">
         <name>.far</name>
         <uninitialized>true</uninitialized>
         <run_address>0x8e08</run_address>
         <size>0x11c</size>
         <input_file_ref idref="fl-9a"/>
      </object_component>
      <object_component id="oc-9c">
         <name>.far</name>
         <uninitialized>true</uninitialized>
         <run_address>0x8f40</run_address>
         <size>0x8</size>
         <input_file_ref idref="fl-a3"/>
      </object_component>
      <object_component id="oc-c0">
         <name>.far</name>
         <uninitialized>true</uninitialized>
         <run_address>0x8e04</run_address>
         <size>0x4</size>
         <input_file_ref idref="fl-ae"/>
      </object_component>
      <object_component id="oc-c5">
         <name>.far</name>
         <uninitialized>true</uninitialized>
         <run_address>0x8f38</run_address>
         <size>0x8</size>
         <input_file_ref idref="fl-af"/>
      </object_component>
      <object_component id="oc-56">
         <name>.cinit</name>
         <load_address>0x90b0</load_address>
         <run_address>0x90b0</run_address>
         <size>0x5c</size>
         <input_file_ref idref="fl-8d"/>
      </object_component>
      <object_component id="oc-7f">
         <name>.cinit</name>
         <load_address>0x9110</load_address>
         <run_address>0x9110</run_address>
         <size>0x5c</size>
         <input_file_ref idref="fl-9a"/>
      </object_component>
      <object_component id="oc-2e">
         <name>.cinit</name>
         <load_address>0x9170</load_address>
         <run_address>0x9170</run_address>
         <size>0x2c</size>
         <input_file_ref idref="fl-81"/>
      </object_component>
      <object_component id="oc-c4">
         <name>.cinit</name>
         <load_address>0x91a0</load_address>
         <run_address>0x91a0</run_address>
         <size>0x2c</size>
         <input_file_ref idref="fl-af"/>
      </object_component>
      <object_component id="oc-39">
         <name>.cinit</name>
         <load_address>0x91d0</load_address>
         <run_address>0x91d0</run_address>
         <size>0x1c</size>
         <input_file_ref idref="fl-84"/>
      </object_component>
      <object_component id="oc-bf">
         <name>.cinit</name>
         <load_address>0x91f0</load_address>
         <run_address>0x91f0</run_address>
         <size>0xc</size>
         <input_file_ref idref="fl-ae"/>
      </object_component>
      <object_component id="oc-18">
         <name>.debug_info</name>
         <load_address>0x0</load_address>
         <run_address>0x0</run_address>
         <size>0x670</size>
         <input_file_ref idref="fl-2"/>
      </object_component>
      <object_component id="oc-1c">
         <name>.debug_info</name>
         <load_address>0x670</load_address>
         <run_address>0x670</run_address>
         <size>0x72f</size>
         <input_file_ref idref="fl-3"/>
      </object_component>
      <object_component id="oc-20">
         <name>.debug_info</name>
         <load_address>0xd9f</load_address>
         <run_address>0xd9f</run_address>
         <size>0x73c</size>
         <input_file_ref idref="fl-4"/>
      </object_component>
      <object_component id="oc-25">
         <name>.debug_info</name>
         <load_address>0x14db</load_address>
         <run_address>0x14db</run_address>
         <size>0x8fa</size>
         <input_file_ref idref="fl-5"/>
      </object_component>
      <object_component id="oc-29">
         <name>.debug_info</name>
         <load_address>0x1dd5</load_address>
         <run_address>0x1dd5</run_address>
         <size>0x6f5</size>
         <input_file_ref idref="fl-80"/>
      </object_component>
      <object_component id="oc-2d">
         <name>.debug_info</name>
         <load_address>0x24ca</load_address>
         <run_address>0x24ca</run_address>
         <size>0x7c2</size>
         <input_file_ref idref="fl-81"/>
      </object_component>
      <object_component id="oc-32">
         <name>.debug_info</name>
         <load_address>0x2c8c</load_address>
         <run_address>0x2c8c</run_address>
         <size>0x7a0</size>
         <input_file_ref idref="fl-82"/>
      </object_component>
      <object_component id="oc-35">
         <name>.debug_info</name>
         <load_address>0x342c</load_address>
         <run_address>0x342c</run_address>
         <size>0x8ec</size>
         <input_file_ref idref="fl-83"/>
      </object_component>
      <object_component id="oc-38">
         <name>.debug_info</name>
         <load_address>0x3d18</load_address>
         <run_address>0x3d18</run_address>
         <size>0x636</size>
         <input_file_ref idref="fl-84"/>
      </object_component>
      <object_component id="oc-3d">
         <name>.debug_info</name>
         <load_address>0x434e</load_address>
         <run_address>0x434e</run_address>
         <size>0x292c</size>
         <input_file_ref idref="fl-85"/>
      </object_component>
      <object_component id="oc-41">
         <name>.debug_info</name>
         <load_address>0x6c7a</load_address>
         <run_address>0x6c7a</run_address>
         <size>0x6cb</size>
         <input_file_ref idref="fl-86"/>
      </object_component>
      <object_component id="oc-44">
         <name>.debug_info</name>
         <load_address>0x7345</load_address>
         <run_address>0x7345</run_address>
         <size>0x6d8</size>
         <input_file_ref idref="fl-87"/>
      </object_component>
      <object_component id="oc-47">
         <name>.debug_info</name>
         <load_address>0x7a1d</load_address>
         <run_address>0x7a1d</run_address>
         <size>0x841</size>
         <input_file_ref idref="fl-88"/>
      </object_component>
      <object_component id="oc-4a">
         <name>.debug_info</name>
         <load_address>0x825e</load_address>
         <run_address>0x825e</run_address>
         <size>0x68f</size>
         <input_file_ref idref="fl-89"/>
      </object_component>
      <object_component id="oc-4d">
         <name>.debug_info</name>
         <load_address>0x88ed</load_address>
         <run_address>0x88ed</run_address>
         <size>0x6b9</size>
         <input_file_ref idref="fl-8a"/>
      </object_component>
      <object_component id="oc-50">
         <name>.debug_info</name>
         <load_address>0x8fa6</load_address>
         <run_address>0x8fa6</run_address>
         <size>0x7af</size>
         <input_file_ref idref="fl-8b"/>
      </object_component>
      <object_component id="oc-53">
         <name>.debug_info</name>
         <load_address>0x9755</load_address>
         <run_address>0x9755</run_address>
         <size>0x5e4</size>
         <input_file_ref idref="fl-8c"/>
      </object_component>
      <object_component id="oc-55">
         <name>.debug_info</name>
         <load_address>0x9d39</load_address>
         <run_address>0x9d39</run_address>
         <size>0x6d1</size>
         <input_file_ref idref="fl-8d"/>
      </object_component>
      <object_component id="oc-59">
         <name>.debug_info</name>
         <load_address>0xa40a</load_address>
         <run_address>0xa40a</run_address>
         <size>0x993</size>
         <input_file_ref idref="fl-8e"/>
      </object_component>
      <object_component id="oc-5c">
         <name>.debug_info</name>
         <load_address>0xad9d</load_address>
         <run_address>0xad9d</run_address>
         <size>0xbc</size>
         <input_file_ref idref="fl-8f"/>
      </object_component>
      <object_component id="oc-5f">
         <name>.debug_info</name>
         <load_address>0xae59</load_address>
         <run_address>0xae59</run_address>
         <size>0x67e</size>
         <input_file_ref idref="fl-90"/>
      </object_component>
      <object_component id="oc-62">
         <name>.debug_info</name>
         <load_address>0xb4d7</load_address>
         <run_address>0xb4d7</run_address>
         <size>0x681</size>
         <input_file_ref idref="fl-91"/>
      </object_component>
      <object_component id="oc-65">
         <name>.debug_info</name>
         <load_address>0xbb58</load_address>
         <run_address>0xbb58</run_address>
         <size>0x69a</size>
         <input_file_ref idref="fl-92"/>
      </object_component>
      <object_component id="oc-68">
         <name>.debug_info</name>
         <load_address>0xc1f2</load_address>
         <run_address>0xc1f2</run_address>
         <size>0x814</size>
         <input_file_ref idref="fl-93"/>
      </object_component>
      <object_component id="oc-6b">
         <name>.debug_info</name>
         <load_address>0xca06</load_address>
         <run_address>0xca06</run_address>
         <size>0xab3</size>
         <input_file_ref idref="fl-94"/>
      </object_component>
      <object_component id="oc-6f">
         <name>.debug_info</name>
         <load_address>0xd4b9</load_address>
         <run_address>0xd4b9</run_address>
         <size>0x68e</size>
         <input_file_ref idref="fl-95"/>
      </object_component>
      <object_component id="oc-72">
         <name>.debug_info</name>
         <load_address>0xdb47</load_address>
         <run_address>0xdb47</run_address>
         <size>0x78d</size>
         <input_file_ref idref="fl-96"/>
      </object_component>
      <object_component id="oc-75">
         <name>.debug_info</name>
         <load_address>0xe2d4</load_address>
         <run_address>0xe2d4</run_address>
         <size>0x788</size>
         <input_file_ref idref="fl-97"/>
      </object_component>
      <object_component id="oc-78">
         <name>.debug_info</name>
         <load_address>0xea5c</load_address>
         <run_address>0xea5c</run_address>
         <size>0x800</size>
         <input_file_ref idref="fl-98"/>
      </object_component>
      <object_component id="oc-7b">
         <name>.debug_info</name>
         <load_address>0xf25c</load_address>
         <run_address>0xf25c</run_address>
         <size>0x6eb</size>
         <input_file_ref idref="fl-99"/>
      </object_component>
      <object_component id="oc-7e">
         <name>.debug_info</name>
         <load_address>0xf947</load_address>
         <run_address>0xf947</run_address>
         <size>0xe73</size>
         <input_file_ref idref="fl-9a"/>
      </object_component>
      <object_component id="oc-83">
         <name>.debug_info</name>
         <load_address>0x107ba</load_address>
         <run_address>0x107ba</run_address>
         <size>0x719</size>
         <input_file_ref idref="fl-9b"/>
      </object_component>
      <object_component id="oc-86">
         <name>.debug_info</name>
         <load_address>0x10ed3</load_address>
         <run_address>0x10ed3</run_address>
         <size>0x6bc</size>
         <input_file_ref idref="fl-9c"/>
      </object_component>
      <object_component id="oc-89">
         <name>.debug_info</name>
         <load_address>0x1158f</load_address>
         <run_address>0x1158f</run_address>
         <size>0xcb</size>
         <input_file_ref idref="fl-9d"/>
      </object_component>
      <object_component id="oc-8c">
         <name>.debug_info</name>
         <load_address>0x1165a</load_address>
         <run_address>0x1165a</run_address>
         <size>0x6cf</size>
         <input_file_ref idref="fl-9e"/>
      </object_component>
      <object_component id="oc-8f">
         <name>.debug_info</name>
         <load_address>0x11d29</load_address>
         <run_address>0x11d29</run_address>
         <size>0x6a1</size>
         <input_file_ref idref="fl-9f"/>
      </object_component>
      <object_component id="oc-92">
         <name>.debug_info</name>
         <load_address>0x123ca</load_address>
         <run_address>0x123ca</run_address>
         <size>0x607</size>
         <input_file_ref idref="fl-a0"/>
      </object_component>
      <object_component id="oc-95">
         <name>.debug_info</name>
         <load_address>0x129d1</load_address>
         <run_address>0x129d1</run_address>
         <size>0x602</size>
         <input_file_ref idref="fl-a1"/>
      </object_component>
      <object_component id="oc-98">
         <name>.debug_info</name>
         <load_address>0x12fd3</load_address>
         <run_address>0x12fd3</run_address>
         <size>0x62e</size>
         <input_file_ref idref="fl-a2"/>
      </object_component>
      <object_component id="oc-9b">
         <name>.debug_info</name>
         <load_address>0x13601</load_address>
         <run_address>0x13601</run_address>
         <size>0xdc6</size>
         <input_file_ref idref="fl-a3"/>
      </object_component>
      <object_component id="oc-9f">
         <name>.debug_info</name>
         <load_address>0x143c7</load_address>
         <run_address>0x143c7</run_address>
         <size>0x853</size>
         <input_file_ref idref="fl-a4"/>
      </object_component>
      <object_component id="oc-a3">
         <name>.debug_info</name>
         <load_address>0x14c1a</load_address>
         <run_address>0x14c1a</run_address>
         <size>0x744</size>
         <input_file_ref idref="fl-a5"/>
      </object_component>
      <object_component id="oc-a6">
         <name>.debug_info</name>
         <load_address>0x1535e</load_address>
         <run_address>0x1535e</run_address>
         <size>0x5b6</size>
         <input_file_ref idref="fl-a6"/>
      </object_component>
      <object_component id="oc-a9">
         <name>.debug_info</name>
         <load_address>0x15914</load_address>
         <run_address>0x15914</run_address>
         <size>0x6d4</size>
         <input_file_ref idref="fl-a7"/>
      </object_component>
      <object_component id="oc-ac">
         <name>.debug_info</name>
         <load_address>0x15fe8</load_address>
         <run_address>0x15fe8</run_address>
         <size>0x76b</size>
         <input_file_ref idref="fl-a8"/>
      </object_component>
      <object_component id="oc-af">
         <name>.debug_info</name>
         <load_address>0x16753</load_address>
         <run_address>0x16753</run_address>
         <size>0x6e0</size>
         <input_file_ref idref="fl-a9"/>
      </object_component>
      <object_component id="oc-b2">
         <name>.debug_info</name>
         <load_address>0x16e33</load_address>
         <run_address>0x16e33</run_address>
         <size>0x71c</size>
         <input_file_ref idref="fl-aa"/>
      </object_component>
      <object_component id="oc-b5">
         <name>.debug_info</name>
         <load_address>0x1754f</load_address>
         <run_address>0x1754f</run_address>
         <size>0x7a3</size>
         <input_file_ref idref="fl-ab"/>
      </object_component>
      <object_component id="oc-b8">
         <name>.debug_info</name>
         <load_address>0x17cf2</load_address>
         <run_address>0x17cf2</run_address>
         <size>0x6f8</size>
         <input_file_ref idref="fl-ac"/>
      </object_component>
      <object_component id="oc-bb">
         <name>.debug_info</name>
         <load_address>0x183ea</load_address>
         <run_address>0x183ea</run_address>
         <size>0x7f6</size>
         <input_file_ref idref="fl-ad"/>
      </object_component>
      <object_component id="oc-be">
         <name>.debug_info</name>
         <load_address>0x18be0</load_address>
         <run_address>0x18be0</run_address>
         <size>0x855</size>
         <input_file_ref idref="fl-ae"/>
      </object_component>
      <object_component id="oc-c3">
         <name>.debug_info</name>
         <load_address>0x19435</load_address>
         <run_address>0x19435</run_address>
         <size>0xac2</size>
         <input_file_ref idref="fl-af"/>
      </object_component>
      <object_component id="oc-c9">
         <name>.debug_info</name>
         <load_address>0x19ef7</load_address>
         <run_address>0x19ef7</run_address>
         <size>0x7f0</size>
         <input_file_ref idref="fl-b0"/>
      </object_component>
      <object_component id="oc-cc">
         <name>.debug_info</name>
         <load_address>0x1a6e7</load_address>
         <run_address>0x1a6e7</run_address>
         <size>0x64e</size>
         <input_file_ref idref="fl-b1"/>
      </object_component>
      <object_component id="oc-14c">
         <name>.debug_info</name>
         <load_address>0x1ad35</load_address>
         <run_address>0x1ad35</run_address>
         <size>0x6d</size>
      </object_component>
      <object_component id="oc-19">
         <name>.debug_frame</name>
         <load_address>0x0</load_address>
         <run_address>0x0</run_address>
         <size>0x255</size>
         <input_file_ref idref="fl-2"/>
      </object_component>
      <object_component id="oc-1d">
         <name>.debug_frame</name>
         <load_address>0x255</load_address>
         <run_address>0x255</run_address>
         <size>0x255</size>
         <input_file_ref idref="fl-3"/>
      </object_component>
      <object_component id="oc-22">
         <name>.debug_frame</name>
         <load_address>0x4aa</load_address>
         <run_address>0x4aa</run_address>
         <size>0x25d</size>
         <input_file_ref idref="fl-4"/>
      </object_component>
      <object_component id="oc-26">
         <name>.debug_frame</name>
         <load_address>0x707</load_address>
         <run_address>0x707</run_address>
         <size>0x288</size>
         <input_file_ref idref="fl-5"/>
      </object_component>
      <object_component id="oc-1a">
         <name>.debug_line</name>
         <load_address>0x0</load_address>
         <run_address>0x0</run_address>
         <size>0x46</size>
         <input_file_ref idref="fl-2"/>
      </object_component>
      <object_component id="oc-1e">
         <name>.debug_line</name>
         <load_address>0x46</load_address>
         <run_address>0x46</run_address>
         <size>0x59</size>
         <input_file_ref idref="fl-3"/>
      </object_component>
      <object_component id="oc-23">
         <name>.debug_line</name>
         <load_address>0x9f</load_address>
         <run_address>0x9f</run_address>
         <size>0x45</size>
         <input_file_ref idref="fl-4"/>
      </object_component>
      <object_component id="oc-27">
         <name>.debug_line</name>
         <load_address>0xe4</load_address>
         <run_address>0xe4</run_address>
         <size>0x66</size>
         <input_file_ref idref="fl-5"/>
      </object_component>
      <object_component id="oc-2b">
         <name>.debug_line</name>
         <load_address>0x14a</load_address>
         <run_address>0x14a</run_address>
         <size>0x3d</size>
         <input_file_ref idref="fl-80"/>
      </object_component>
      <object_component id="oc-30">
         <name>.debug_line</name>
         <load_address>0x187</load_address>
         <run_address>0x187</run_address>
         <size>0x4f</size>
         <input_file_ref idref="fl-81"/>
      </object_component>
      <object_component id="oc-33">
         <name>.debug_line</name>
         <load_address>0x1d6</load_address>
         <run_address>0x1d6</run_address>
         <size>0x46</size>
         <input_file_ref idref="fl-82"/>
      </object_component>
      <object_component id="oc-36">
         <name>.debug_line</name>
         <load_address>0x21c</load_address>
         <run_address>0x21c</run_address>
         <size>0x6a</size>
         <input_file_ref idref="fl-83"/>
      </object_component>
      <object_component id="oc-3b">
         <name>.debug_line</name>
         <load_address>0x286</load_address>
         <run_address>0x286</run_address>
         <size>0x35</size>
         <input_file_ref idref="fl-84"/>
      </object_component>
      <object_component id="oc-3f">
         <name>.debug_line</name>
         <load_address>0x2bb</load_address>
         <run_address>0x2bb</run_address>
         <size>0x315</size>
         <input_file_ref idref="fl-85"/>
      </object_component>
      <object_component id="oc-42">
         <name>.debug_line</name>
         <load_address>0x5d0</load_address>
         <run_address>0x5d0</run_address>
         <size>0x41</size>
         <input_file_ref idref="fl-86"/>
      </object_component>
      <object_component id="oc-45">
         <name>.debug_line</name>
         <load_address>0x611</load_address>
         <run_address>0x611</run_address>
         <size>0x3f</size>
         <input_file_ref idref="fl-87"/>
      </object_component>
      <object_component id="oc-48">
         <name>.debug_line</name>
         <load_address>0x650</load_address>
         <run_address>0x650</run_address>
         <size>0x47</size>
         <input_file_ref idref="fl-88"/>
      </object_component>
      <object_component id="oc-4b">
         <name>.debug_line</name>
         <load_address>0x697</load_address>
         <run_address>0x697</run_address>
         <size>0x37</size>
         <input_file_ref idref="fl-89"/>
      </object_component>
      <object_component id="oc-4e">
         <name>.debug_line</name>
         <load_address>0x6ce</load_address>
         <run_address>0x6ce</run_address>
         <size>0x45</size>
         <input_file_ref idref="fl-8a"/>
      </object_component>
      <object_component id="oc-51">
         <name>.debug_line</name>
         <load_address>0x713</load_address>
         <run_address>0x713</run_address>
         <size>0x44</size>
         <input_file_ref idref="fl-8b"/>
      </object_component>
      <object_component id="oc-5a">
         <name>.debug_line</name>
         <load_address>0x757</load_address>
         <run_address>0x757</run_address>
         <size>0x5a</size>
         <input_file_ref idref="fl-8e"/>
      </object_component>
      <object_component id="oc-5d">
         <name>.debug_line</name>
         <load_address>0x7b1</load_address>
         <run_address>0x7b1</run_address>
         <size>0x44</size>
         <input_file_ref idref="fl-8f"/>
      </object_component>
      <object_component id="oc-60">
         <name>.debug_line</name>
         <load_address>0x7f5</load_address>
         <run_address>0x7f5</run_address>
         <size>0x3d</size>
         <input_file_ref idref="fl-90"/>
      </object_component>
      <object_component id="oc-63">
         <name>.debug_line</name>
         <load_address>0x832</load_address>
         <run_address>0x832</run_address>
         <size>0x3d</size>
         <input_file_ref idref="fl-91"/>
      </object_component>
      <object_component id="oc-66">
         <name>.debug_line</name>
         <load_address>0x86f</load_address>
         <run_address>0x86f</run_address>
         <size>0x3d</size>
         <input_file_ref idref="fl-92"/>
      </object_component>
      <object_component id="oc-69">
         <name>.debug_line</name>
         <load_address>0x8ac</load_address>
         <run_address>0x8ac</run_address>
         <size>0x3f</size>
         <input_file_ref idref="fl-93"/>
      </object_component>
      <object_component id="oc-6d">
         <name>.debug_line</name>
         <load_address>0x8eb</load_address>
         <run_address>0x8eb</run_address>
         <size>0x92</size>
         <input_file_ref idref="fl-94"/>
      </object_component>
      <object_component id="oc-70">
         <name>.debug_line</name>
         <load_address>0x97d</load_address>
         <run_address>0x97d</run_address>
         <size>0x3e</size>
         <input_file_ref idref="fl-95"/>
      </object_component>
      <object_component id="oc-73">
         <name>.debug_line</name>
         <load_address>0x9bb</load_address>
         <run_address>0x9bb</run_address>
         <size>0x73</size>
         <input_file_ref idref="fl-96"/>
      </object_component>
      <object_component id="oc-76">
         <name>.debug_line</name>
         <load_address>0xa2e</load_address>
         <run_address>0xa2e</run_address>
         <size>0x5e</size>
         <input_file_ref idref="fl-97"/>
      </object_component>
      <object_component id="oc-79">
         <name>.debug_line</name>
         <load_address>0xa8c</load_address>
         <run_address>0xa8c</run_address>
         <size>0x38</size>
         <input_file_ref idref="fl-98"/>
      </object_component>
      <object_component id="oc-7c">
         <name>.debug_line</name>
         <load_address>0xac4</load_address>
         <run_address>0xac4</run_address>
         <size>0x56</size>
         <input_file_ref idref="fl-99"/>
      </object_component>
      <object_component id="oc-81">
         <name>.debug_line</name>
         <load_address>0xb1a</load_address>
         <run_address>0xb1a</run_address>
         <size>0xf5</size>
         <input_file_ref idref="fl-9a"/>
      </object_component>
      <object_component id="oc-84">
         <name>.debug_line</name>
         <load_address>0xc0f</load_address>
         <run_address>0xc0f</run_address>
         <size>0x40</size>
         <input_file_ref idref="fl-9b"/>
      </object_component>
      <object_component id="oc-87">
         <name>.debug_line</name>
         <load_address>0xc4f</load_address>
         <run_address>0xc4f</run_address>
         <size>0x3f</size>
         <input_file_ref idref="fl-9c"/>
      </object_component>
      <object_component id="oc-8a">
         <name>.debug_line</name>
         <load_address>0xc8e</load_address>
         <run_address>0xc8e</run_address>
         <size>0x4f</size>
         <input_file_ref idref="fl-9d"/>
      </object_component>
      <object_component id="oc-8d">
         <name>.debug_line</name>
         <load_address>0xcdd</load_address>
         <run_address>0xcdd</run_address>
         <size>0x3c</size>
         <input_file_ref idref="fl-9e"/>
      </object_component>
      <object_component id="oc-90">
         <name>.debug_line</name>
         <load_address>0xd19</load_address>
         <run_address>0xd19</run_address>
         <size>0x3d</size>
         <input_file_ref idref="fl-9f"/>
      </object_component>
      <object_component id="oc-93">
         <name>.debug_line</name>
         <load_address>0xd56</load_address>
         <run_address>0xd56</run_address>
         <size>0x37</size>
         <input_file_ref idref="fl-a0"/>
      </object_component>
      <object_component id="oc-96">
         <name>.debug_line</name>
         <load_address>0xd8d</load_address>
         <run_address>0xd8d</run_address>
         <size>0x37</size>
         <input_file_ref idref="fl-a1"/>
      </object_component>
      <object_component id="oc-99">
         <name>.debug_line</name>
         <load_address>0xdc4</load_address>
         <run_address>0xdc4</run_address>
         <size>0x37</size>
         <input_file_ref idref="fl-a2"/>
      </object_component>
      <object_component id="oc-9d">
         <name>.debug_line</name>
         <load_address>0xdfb</load_address>
         <run_address>0xdfb</run_address>
         <size>0x122</size>
         <input_file_ref idref="fl-a3"/>
      </object_component>
      <object_component id="oc-a1">
         <name>.debug_line</name>
         <load_address>0xf1d</load_address>
         <run_address>0xf1d</run_address>
         <size>0x60</size>
         <input_file_ref idref="fl-a4"/>
      </object_component>
      <object_component id="oc-a4">
         <name>.debug_line</name>
         <load_address>0xf7d</load_address>
         <run_address>0xf7d</run_address>
         <size>0x40</size>
         <input_file_ref idref="fl-a5"/>
      </object_component>
      <object_component id="oc-a7">
         <name>.debug_line</name>
         <load_address>0xfbd</load_address>
         <run_address>0xfbd</run_address>
         <size>0x23</size>
         <input_file_ref idref="fl-a6"/>
      </object_component>
      <object_component id="oc-aa">
         <name>.debug_line</name>
         <load_address>0xfe0</load_address>
         <run_address>0xfe0</run_address>
         <size>0x3c</size>
         <input_file_ref idref="fl-a7"/>
      </object_component>
      <object_component id="oc-ad">
         <name>.debug_line</name>
         <load_address>0x101c</load_address>
         <run_address>0x101c</run_address>
         <size>0x3e</size>
         <input_file_ref idref="fl-a8"/>
      </object_component>
      <object_component id="oc-b0">
         <name>.debug_line</name>
         <load_address>0x105a</load_address>
         <run_address>0x105a</run_address>
         <size>0x3f</size>
         <input_file_ref idref="fl-a9"/>
      </object_component>
      <object_component id="oc-b3">
         <name>.debug_line</name>
         <load_address>0x1099</load_address>
         <run_address>0x1099</run_address>
         <size>0x3a</size>
         <input_file_ref idref="fl-aa"/>
      </object_component>
      <object_component id="oc-b6">
         <name>.debug_line</name>
         <load_address>0x10d3</load_address>
         <run_address>0x10d3</run_address>
         <size>0x3c</size>
         <input_file_ref idref="fl-ab"/>
      </object_component>
      <object_component id="oc-b9">
         <name>.debug_line</name>
         <load_address>0x110f</load_address>
         <run_address>0x110f</run_address>
         <size>0x53</size>
         <input_file_ref idref="fl-ac"/>
      </object_component>
      <object_component id="oc-bc">
         <name>.debug_line</name>
         <load_address>0x1162</load_address>
         <run_address>0x1162</run_address>
         <size>0x40</size>
         <input_file_ref idref="fl-ad"/>
      </object_component>
      <object_component id="oc-c1">
         <name>.debug_line</name>
         <load_address>0x11a2</load_address>
         <run_address>0x11a2</run_address>
         <size>0x42</size>
         <input_file_ref idref="fl-ae"/>
      </object_component>
      <object_component id="oc-c7">
         <name>.debug_line</name>
         <load_address>0x11e4</load_address>
         <run_address>0x11e4</run_address>
         <size>0xa7</size>
         <input_file_ref idref="fl-af"/>
      </object_component>
      <object_component id="oc-ca">
         <name>.debug_line</name>
         <load_address>0x128b</load_address>
         <run_address>0x128b</run_address>
         <size>0x3e</size>
         <input_file_ref idref="fl-b0"/>
      </object_component>
      <object_component id="oc-cd">
         <name>.debug_line</name>
         <load_address>0x12c9</load_address>
         <run_address>0x12c9</run_address>
         <size>0x39</size>
         <input_file_ref idref="fl-b1"/>
      </object_component>
      <object_component id="oc-1b">
         <name>.debug_abbrev</name>
         <load_address>0x0</load_address>
         <run_address>0x0</run_address>
         <size>0x77</size>
         <input_file_ref idref="fl-2"/>
      </object_component>
      <object_component id="oc-1f">
         <name>.debug_abbrev</name>
         <load_address>0x77</load_address>
         <run_address>0x77</run_address>
         <size>0x77</size>
         <input_file_ref idref="fl-3"/>
      </object_component>
      <object_component id="oc-24">
         <name>.debug_abbrev</name>
         <load_address>0xee</load_address>
         <run_address>0xee</run_address>
         <size>0xea</size>
         <input_file_ref idref="fl-4"/>
      </object_component>
      <object_component id="oc-28">
         <name>.debug_abbrev</name>
         <load_address>0x1d8</load_address>
         <run_address>0x1d8</run_address>
         <size>0x93</size>
         <input_file_ref idref="fl-5"/>
      </object_component>
      <object_component id="oc-2c">
         <name>.debug_abbrev</name>
         <load_address>0x26b</load_address>
         <run_address>0x26b</run_address>
         <size>0xfe</size>
         <input_file_ref idref="fl-80"/>
      </object_component>
      <object_component id="oc-31">
         <name>.debug_abbrev</name>
         <load_address>0x369</load_address>
         <run_address>0x369</run_address>
         <size>0x119</size>
         <input_file_ref idref="fl-81"/>
      </object_component>
      <object_component id="oc-34">
         <name>.debug_abbrev</name>
         <load_address>0x482</load_address>
         <run_address>0x482</run_address>
         <size>0xd0</size>
         <input_file_ref idref="fl-82"/>
      </object_component>
      <object_component id="oc-37">
         <name>.debug_abbrev</name>
         <load_address>0x552</load_address>
         <run_address>0x552</run_address>
         <size>0x161</size>
         <input_file_ref idref="fl-83"/>
      </object_component>
      <object_component id="oc-3c">
         <name>.debug_abbrev</name>
         <load_address>0x6b3</load_address>
         <run_address>0x6b3</run_address>
         <size>0x9f</size>
         <input_file_ref idref="fl-84"/>
      </object_component>
      <object_component id="oc-40">
         <name>.debug_abbrev</name>
         <load_address>0x752</load_address>
         <run_address>0x752</run_address>
         <size>0x1d1</size>
         <input_file_ref idref="fl-85"/>
      </object_component>
      <object_component id="oc-43">
         <name>.debug_abbrev</name>
         <load_address>0x923</load_address>
         <run_address>0x923</run_address>
         <size>0xe1</size>
         <input_file_ref idref="fl-86"/>
      </object_component>
      <object_component id="oc-46">
         <name>.debug_abbrev</name>
         <load_address>0xa04</load_address>
         <run_address>0xa04</run_address>
         <size>0xcc</size>
         <input_file_ref idref="fl-87"/>
      </object_component>
      <object_component id="oc-49">
         <name>.debug_abbrev</name>
         <load_address>0xad0</load_address>
         <run_address>0xad0</run_address>
         <size>0x13f</size>
         <input_file_ref idref="fl-88"/>
      </object_component>
      <object_component id="oc-4c">
         <name>.debug_abbrev</name>
         <load_address>0xc0f</load_address>
         <run_address>0xc0f</run_address>
         <size>0xac</size>
         <input_file_ref idref="fl-89"/>
      </object_component>
      <object_component id="oc-4f">
         <name>.debug_abbrev</name>
         <load_address>0xcbb</load_address>
         <run_address>0xcbb</run_address>
         <size>0xdd</size>
         <input_file_ref idref="fl-8a"/>
      </object_component>
      <object_component id="oc-52">
         <name>.debug_abbrev</name>
         <load_address>0xd98</load_address>
         <run_address>0xd98</run_address>
         <size>0x10c</size>
         <input_file_ref idref="fl-8b"/>
      </object_component>
      <object_component id="oc-54">
         <name>.debug_abbrev</name>
         <load_address>0xea4</load_address>
         <run_address>0xea4</run_address>
         <size>0x5f</size>
         <input_file_ref idref="fl-8c"/>
      </object_component>
      <object_component id="oc-58">
         <name>.debug_abbrev</name>
         <load_address>0xf03</load_address>
         <run_address>0xf03</run_address>
         <size>0x8e</size>
         <input_file_ref idref="fl-8d"/>
      </object_component>
      <object_component id="oc-5b">
         <name>.debug_abbrev</name>
         <load_address>0xf91</load_address>
         <run_address>0xf91</run_address>
         <size>0x112</size>
         <input_file_ref idref="fl-8e"/>
      </object_component>
      <object_component id="oc-5e">
         <name>.debug_abbrev</name>
         <load_address>0x10a3</load_address>
         <run_address>0x10a3</run_address>
         <size>0x3a</size>
         <input_file_ref idref="fl-8f"/>
      </object_component>
      <object_component id="oc-61">
         <name>.debug_abbrev</name>
         <load_address>0x10dd</load_address>
         <run_address>0x10dd</run_address>
         <size>0xac</size>
         <input_file_ref idref="fl-90"/>
      </object_component>
      <object_component id="oc-64">
         <name>.debug_abbrev</name>
         <load_address>0x1189</load_address>
         <run_address>0x1189</run_address>
         <size>0xac</size>
         <input_file_ref idref="fl-91"/>
      </object_component>
      <object_component id="oc-67">
         <name>.debug_abbrev</name>
         <load_address>0x1235</load_address>
         <run_address>0x1235</run_address>
         <size>0xc3</size>
         <input_file_ref idref="fl-92"/>
      </object_component>
      <object_component id="oc-6a">
         <name>.debug_abbrev</name>
         <load_address>0x12f8</load_address>
         <run_address>0x12f8</run_address>
         <size>0x11f</size>
         <input_file_ref idref="fl-93"/>
      </object_component>
      <object_component id="oc-6e">
         <name>.debug_abbrev</name>
         <load_address>0x1417</load_address>
         <run_address>0x1417</run_address>
         <size>0x14b</size>
         <input_file_ref idref="fl-94"/>
      </object_component>
      <object_component id="oc-71">
         <name>.debug_abbrev</name>
         <load_address>0x1562</load_address>
         <run_address>0x1562</run_address>
         <size>0x9a</size>
         <input_file_ref idref="fl-95"/>
      </object_component>
      <object_component id="oc-74">
         <name>.debug_abbrev</name>
         <load_address>0x15fc</load_address>
         <run_address>0x15fc</run_address>
         <size>0xc3</size>
         <input_file_ref idref="fl-96"/>
      </object_component>
      <object_component id="oc-77">
         <name>.debug_abbrev</name>
         <load_address>0x16bf</load_address>
         <run_address>0x16bf</run_address>
         <size>0xc3</size>
         <input_file_ref idref="fl-97"/>
      </object_component>
      <object_component id="oc-7a">
         <name>.debug_abbrev</name>
         <load_address>0x1782</load_address>
         <run_address>0x1782</run_address>
         <size>0xd0</size>
         <input_file_ref idref="fl-98"/>
      </object_component>
      <object_component id="oc-7d">
         <name>.debug_abbrev</name>
         <load_address>0x1852</load_address>
         <run_address>0x1852</run_address>
         <size>0xa3</size>
         <input_file_ref idref="fl-99"/>
      </object_component>
      <object_component id="oc-82">
         <name>.debug_abbrev</name>
         <load_address>0x18f5</load_address>
         <run_address>0x18f5</run_address>
         <size>0x215</size>
         <input_file_ref idref="fl-9a"/>
      </object_component>
      <object_component id="oc-85">
         <name>.debug_abbrev</name>
         <load_address>0x1b0a</load_address>
         <run_address>0x1b0a</run_address>
         <size>0xe3</size>
         <input_file_ref idref="fl-9b"/>
      </object_component>
      <object_component id="oc-88">
         <name>.debug_abbrev</name>
         <load_address>0x1bed</load_address>
         <run_address>0x1bed</run_address>
         <size>0xae</size>
         <input_file_ref idref="fl-9c"/>
      </object_component>
      <object_component id="oc-8b">
         <name>.debug_abbrev</name>
         <load_address>0x1c9b</load_address>
         <run_address>0x1c9b</run_address>
         <size>0x3a</size>
[...]
         <name>IRAM</name>
         <page_id>0x0</page_id>
         <origin>0x0</origin>
         <length>0x40000</length>
         <used_space>0x9324</used_space>
         <unused_space>0x36cdc</unused_space>
         <attributes>RWIX</attributes>
         <usage_details>
            <allocated_space>
               <start_address>0x0</start_address>
               <size>0x0</size>
               <logical_group_ref idref="lg-7"/>
            </allocated_space>
            <allocated_space>
               <start_address>0x0</start_address>
               <size>0x0</size>
               <logical_group_ref idref="lg-4"/>
            </allocated_space>
            <allocated_space>
               <start_address>0x0</start_address>
               <size>0x7ae0</size>
               <logical_group_ref idref="lg-2"/>
            </allocated_space>
            <allocated_space>
               <start_address>0x7ae0</start_address>
               <size>0x800</size>
               <logical_group_ref idref="lg-3"/>
            </allocated_space>
            <allocated_space>
               <start_address>0x82e0</start_address>
               <size>0x800</size>
               <logical_group_ref idref="lg-9"/>
            </allocated_space>
            <allocated_space>
               <start_address>0x8ae0</start_address>
               <size>0x468</size>
               <logical_group_ref idref="lg-a"/>
            </allocated_space>
            <allocated_space>
               <start_address>0x8f48</start_address>
               <size>0x168</size>
               <logical_group_ref idref="lg-6"/>
            </allocated_space>
            <allocated_space>
               <start_address>0x90b0</start_address>
               <size>0x154</size>
               <logical_group_ref idref="lg-f"/>
            </allocated_space>
            <available_space>
               <start_address>0x9204</start_address>
               <size>0x4</size>
            </available_space>
            <allocated_space>
               <start_address>0x9208</start_address>
               <size>0x120</size>
               <logical_group_ref idref="lg-5"/>
            </allocated_space>
            <available_space>
               <start_address>0x9328</start_address>
               <size>0x36cd8</size>
            </available_space>
         </usage_details>
      </memory_area>
      <memory_area>
         <name>EMIFA_CS0</name>
         <page_id>0x0</page_id>
         <origin>0x80000000</origin>
         <length>0x10000000</length>
         <used_space>0x0</used_space>
         <unused_space>0x10000000</unused_space>
         <attributes>RWIX</attributes>
         <usage_details>
         </usage_details>
      </memory_area>
      <memory_area>
         <name>EMIFA_CS1</name>
         <page_id>0x0</page_id>
         <origin>0x90000000</origin>
         <length>0x10000000</length>
         <used_space>0x0</used_space>
         <unused_space>0x10000000</unused_space>
         <attributes>RWIX</attributes>
         <usage_details>
         </usage_details>
      </memory_area>
      <memory_area>
         <name>EMIFA_CS2</name>
         <page_id>0x0</page_id>
         <origin>0xa0000000</origin>
         <length>0x10000000</length>
         <used_space>0x0</used_space>
         <unused_space>0x10000000</unused_space>
         <attributes>RWIX</attributes>
         <usage_details>
         </usage_details>
      </memory_area>
      <memory_area>
         <name>EMIFA_CS3</name>
         <page_id>0x0</page_id>
         <origin>0xb0000000</origin>
         <length>0x10000000</length>
         <used_space>0x0</used_space>
         <unused_space>0x10000000</unused_space>
         <attributes>RWIX</attributes>
         <usage_details>
         </usage_details>
      </memory_area>
   </placement_map>
   <symbol_table>
      <symbol id="sm-0">
         <name>cinit</name>
         <value>0x90b0</value>
      </symbol>
      <symbol id="sm-1">
         <name>___cinit__</name>
         <value>0x90b0</value>
      </symbol>
      <symbol id="sm-2">
         <name>pinit</name>
         <value>0xffffffff</value>
      </symbol>
      <symbol id="sm-3">
         <name>___pinit__</name>
         <value>0xffffffff</value>
      </symbol>
      <symbol id="sm-4">
         <name>binit</name>
         <value>0xffffffff</value>
      </symbol>
      <symbol id="sm-5">
         <name>___binit__</name>
         <value>0xffffffff</value>
      </symbol>
      <symbol id="sm-6">
         <name>__STACK_SIZE</name>
         <value>0x800</value>
      </symbol>
      <symbol id="sm-7">
         <name>__STACK_END</name>
         <value>0x82e0</value>
      </symbol>
      <symbol id="sm-8">
         <name>__SYSMEM_SIZE</name>
         <value>0x800</value>
      </symbol>
      <symbol id="sm-9">
         <name>___c_args__</name>
         <value>0xffffffff</value>
      </symbol>
      <symbol id="sm-a">
         <name>.text</name>
         <value>0x0</value>
      </symbol>
      <symbol id="sm-b">
         <name>___text__</name>
         <value>0x0</value>
      </symbol>
      <symbol id="sm-c">
         <name>etext</name>
         <value>0x7ae0</value>
      </symbol>
      <symbol id="sm-d">
         <name>___etext__</name>
         <value>0x7ae0</value>
      </symbol>
      <symbol id="sm-e">
         <name>.data</name>
         <value>0x0</value>
      </symbol>
      <symbol id="sm-f">
         <name>___data__</name>
         <value>0x0</value>
      </symbol>
      <symbol id="sm-10">
         <name>edata</name>
         <value>0x0</value>
      </symbol>
      <symbol id="sm-11">
         <name>___edata__</name>
         <value>0x0</value>
      </symbol>
      <symbol id="sm-12">
         <name>.bss</name>
         <value>0x0</value>
      </symbol>
      <symbol id="sm-13">
         <name>___bss__</name>
         <value>0x0</value>
      </symbol>
      <symbol id="sm-14">
         <name>end</name>
         <value>0x0</value>
      </symbol>
      <symbol id="sm-15">
         <name>___end__</name>
         <value>0x0</value>
      </symbol>
      <symbol id="sm-16">
         <name>___TI_pprof_out_hndl</name>
         <value>0xffffffff</value>
      </symbol>
      <symbol id="sm-17">
         <name>___TI_prof_data_start</name>
         <value>0xffffffff</value>
      </symbol>
      <symbol id="sm-18">
         <name>___TI_prof_data_size</name>
         <value>0xffffffff</value>
      </symbol>
      <symbol id="sm-19">
         <name>$bss</name>
         <value>0x0</value>
      </symbol>
      <symbol id="sm-55">
         <name>_my_rounding</name>
         <value>0x79e0</value>
         <object_component_ref idref="oc-e6"/>
      </symbol>
      <symbol id="sm-5f">
         <name>_multiply32</name>
         <value>0x7640</value>
         <object_component_ref idref="oc-e5"/>
      </symbol>
      <symbol id="sm-74">
         <name>_main</name>
         <value>0x6760</value>
         <object_component_ref idref="oc-dd"/>
      </symbol>
      <symbol id="sm-7e">
         <name>_YCbCr2RGB</name>
         <value>0x49c0</value>
         <object_component_ref idref="oc-e3"/>
      </symbol>
      <symbol id="sm-8a">
         <name>_c_int00</name>
         <value>0x77e0</value>
         <object_component_ref idref="oc-17"/>
      </symbol>
      <symbol id="sm-8b">
         <name>__stack</name>
         <value>0x7ae0</value>
         <object_component_ref idref="oc-2a"/>
      </symbol>
      <symbol id="sm-9b">
         <name>C$$EXIT</name>
         <value>0x7aa0</value>
         <object_component_ref idref="oc-de"/>
      </symbol>
      <symbol id="sm-9c">
         <name>_exit</name>
         <value>0x6c00</value>
         <object_component_ref idref="oc-d1"/>
      </symbol>
      <symbol id="sm-9d">
         <name>___TI_enable_exit_profile_output</name>
         <value>0x8f2c</value>
         <object_component_ref idref="oc-2f"/>
      </symbol>
      <symbol id="sm-9e">
         <name>_abort</name>
         <value>0x7aa0</value>
         <object_component_ref idref="oc-de"/>
      </symbol>
      <symbol id="sm-9f">
         <name>__cleanup_ptr</name>
         <value>0x8f24</value>
         <object_component_ref idref="oc-2f"/>
      </symbol>
      <symbol id="sm-a0">
         <name>__dtors_ptr</name>
         <value>0x8f28</value>
         <object_component_ref idref="oc-2f"/>
      </symbol>
      <symbol id="sm-aa">
         <name>_memset</name>
         <value>0x5e80</value>
         <object_component_ref idref="oc-e2"/>
      </symbol>
      <symbol id="sm-b8">
         <name>_printf</name>
         <value>0x6680</value>
         <object_component_ref idref="oc-e4"/>
      </symbol>
      <symbol id="sm-c6">
         <name>__unlock</name>
         <value>0x8f34</value>
         <object_component_ref idref="oc-3a"/>
      </symbol>
      <symbol id="sm-c7">
         <name>__lock</name>
         <value>0x8f30</value>
         <object_component_ref idref="oc-3a"/>
      </symbol>
      <symbol id="sm-c8">
         <name>__nop</name>
         <value>0x7a40</value>
         <object_component_ref idref="oc-d2"/>
      </symbol>
      <symbol id="sm-f8">
         <name>__printfi</name>
         <value>0x10c0</value>
         <object_component_ref idref="oc-e8"/>
      </symbol>
      <symbol id="sm-102">
         <name>__args_main</name>
         <value>0x7920</value>
         <object_component_ref idref="oc-d0"/>
      </symbol>
      <symbol id="sm-103">
         <name>__TI_args_main</name>
         <value>0x1</value>
      </symbol>
      <symbol id="sm-10d">
         <name>_atoi</name>
         <value>0x5760</value>
         <object_component_ref idref="oc-f3"/>
      </symbol>
      <symbol id="sm-117">
         <name>__auto_init</name>
         <value>0x6060</value>
         <object_component_ref idref="oc-cf"/>
      </symbol>
      <symbol id="sm-121">
         <name>__cmpd</name>
         <value>0x6140</value>
         <object_component_ref idref="oc-fc"/>
      </symbol>
      <symbol id="sm-12b">
         <name>___TI_cpp_init</name>
         <value>0x72c0</value>
         <object_component_ref idref="oc-dc"/>
      </symbol>
      <symbol id="sm-135">
         <name>_copy_in</name>
         <value>0x7180</value>
         <object_component_ref idref="oc-da"/>
      </symbol>
      <symbol id="sm-13d">
         <name>__ctypes_</name>
         <value>0x8f48</value>
         <object_component_ref idref="oc-f9"/>
      </symbol>
      <symbol id="sm-147">
         <name>__tmpnams</name>
         <value>0x8cc0</value>
         <object_component_ref idref="oc-57"/>
      </symbol>
      <symbol id="sm-148">
         <name>__ft_end</name>
         <value>0x8e00</value>
         <object_component_ref idref="oc-57"/>
      </symbol>
      <symbol id="sm-149">
         <name>__ftable</name>
         <value>0x8ae0</value>
         <object_component_ref idref="oc-57"/>
      </symbol>
      <symbol id="sm-155">
         <name>__divd</name>
         <value>0x620</value>
         <object_component_ref idref="oc-10e"/>
      </symbol>
      <symbol id="sm-15d">
         <name>__c6xabi_divu</name>
         <value>0x69c0</value>
         <object_component_ref idref="oc-11c"/>
      </symbol>
      <symbol id="sm-15e">
         <name>__divu</name>
         <value>0x69c0</value>
         <object_component_ref idref="oc-11c"/>
      </symbol>
      <symbol id="sm-168">
         <name>__fixdi</name>
         <value>0x6fa0</value>
         <object_component_ref idref="oc-118"/>
      </symbol>
      <symbol id="sm-172">
         <name>__fixdli</name>
         <value>0x7040</value>
         <object_component_ref idref="oc-114"/>
      </symbol>
      <symbol id="sm-17c">
         <name>__fltlid</name>
         <value>0x7340</value>
         <object_component_ref idref="oc-116"/>
      </symbol>
      <symbol id="sm-186">
         <name>_putc</name>
         <value>0x3ae0</value>
         <object_component_ref idref="oc-ef"/>
      </symbol>
      <symbol id="sm-187">
         <name>_fputc</name>
         <value>0x3ae0</value>
         <object_component_ref idref="oc-ef"/>
      </symbol>
      <symbol id="sm-193">
         <name>_fputs</name>
         <value>0x1580</value>
         <object_component_ref idref="oc-ea"/>
      </symbol>
      <symbol id="sm-19d">
         <name>__frcmpyd_div</name>
         <value>0x5b80</value>
         <object_component_ref idref="oc-11b"/>
      </symbol>
      <symbol id="sm-1ab">
         <name>__divul</name>
         <value>0x4b60</value>
         <object_component_ref idref="oc-11d"/>
      </symbol>
      <symbol id="sm-1ac">
         <name>__remli</name>
         <value>0x7720</value>
         <object_component_ref idref="oc-121"/>
      </symbol>
      <symbol id="sm-1ad">
         <name>__divli</name>
         <value>0x6f00</value>
         <object_component_ref idref="oc-122"/>
      </symbol>
      <symbol id="sm-1b9">
         <name>__subcull</name>
         <value>0x7780</value>
         <object_component_ref idref="oc-125"/>
      </symbol>
      <symbol id="sm-1ba">
         <name>__divull</name>
         <value>0x2e40</value>
         <object_component_ref idref="oc-11e"/>
      </symbol>
      <symbol id="sm-1c4">
         <name>___isinf</name>
         <value>0x78a0</value>
         <object_component_ref idref="oc-fb"/>
      </symbol>
      <symbol id="sm-1d0">
         <name>__llshl</name>
         <value>0x73c0</value>
         <object_component_ref idref="oc-124"/>
      </symbol>
      <symbol id="sm-1d1">
         <name>__llshru</name>
         <value>0x76c0</value>
         <object_component_ref idref="oc-126"/>
      </symbol>
      <symbol id="sm-1e9">
         <name>_unlink</name>
         <value>0x75c0</value>
         <object_component_ref idref="oc-127"/>
      </symbol>
      <symbol id="sm-1ea">
         <name>_lseek</name>
         <value>0x6cc0</value>
         <object_component_ref idref="oc-104"/>
      </symbol>
      <symbol id="sm-1eb">
         <name>_close</name>
         <value>0x5c80</value>
         <object_component_ref idref="oc-11f"/>
      </symbol>
      <symbol id="sm-1ec">
         <name>_write</name>
         <value>0x6e40</value>
         <object_component_ref idref="oc-f2"/>
      </symbol>
      <symbol id="sm-1f6">
         <name>_ltoa</name>
         <value>0x5d80</value>
         <object_component_ref idref="oc-115"/>
      </symbol>
      <symbol id="sm-200">
         <name>_memccpy</name>
         <value>0x74c0</value>
         <object_component_ref idref="oc-f6"/>
      </symbol>
      <symbol id="sm-208">
         <name>_memcpy</name>
         <value>0x64c0</value>
         <object_component_ref idref="oc-db"/>
      </symbol>
      <symbol id="sm-212">
         <name>__mpyd</name>
         <value>0x33a0</value>
         <object_component_ref idref="oc-10d"/>
      </symbol>
      <symbol id="sm-21c">
         <name>__mpyll</name>
         <value>0x7440</value>
         <object_component_ref idref="oc-110"/>
      </symbol>
      <symbol id="sm-226">
         <name>__negd</name>
         <value>0x7960</value>
         <object_component_ref idref="oc-fd"/>
      </symbol>
      <symbol id="sm-230">
         <name>__negll</name>
         <value>0x7a20</value>
         <object_component_ref idref="oc-102"/>
      </symbol>
      <symbol id="sm-23a">
         <name>__subd</name>
         <value>0x79a0</value>
         <object_component_ref idref="oc-117"/>
      </symbol>
      <symbol id="sm-252">
         <name>_HOSTopen</name>
         <value>0x5880</value>
         <object_component_ref idref="oc-d3"/>
      </symbol>
      <symbol id="sm-253">
         <name>_HOSTread</name>
         <value>0x5980</value>
         <object_component_ref idref="oc-d5"/>
      </symbol>
      <symbol id="sm-254">
         <name>_HOSTrename</name>
         <value>0x4400</value>
         <object_component_ref idref="oc-d9"/>
      </symbol>
      <symbol id="sm-255">
         <name>_HOSTwrite</name>
         <value>0x5a80</value>
         <object_component_ref idref="oc-d6"/>
      </symbol>
      <symbol id="sm-256">
         <name>_HOSTlseek</name>
         <value>0x5400</value>
         <object_component_ref idref="oc-d7"/>
      </symbol>
      <symbol id="sm-257">
         <name>_HOSTunlink</name>
         <value>0x5f80</value>
         <object_component_ref idref="oc-d8"/>
      </symbol>
      <symbol id="sm-258">
         <name>_HOSTclose</name>
         <value>0x6840</value>
         <object_component_ref idref="oc-d4"/>
      </symbol>
      <symbol id="sm-266">
         <name>C$$IO$$</name>
         <value>0x7898</value>
         <object_component_ref idref="oc-df"/>
      </symbol>
      <symbol id="sm-267">
         <name>__CIOBUF_</name>
         <value>0x9208</value>
         <object_component_ref idref="oc-a0"/>
      </symbol>
      <symbol id="sm-268">
         <name>_readmsg</name>
         <value>0x7540</value>
         <object_component_ref idref="oc-e0"/>
      </symbol>
      <symbol id="sm-269">
         <name>_writemsg</name>
         <value>0x7840</value>
         <object_component_ref idref="oc-df"/>
      </symbol>
      <symbol id="sm-273">
         <name>__wrt_ok</name>
         <value>0x5640</value>
         <object_component_ref idref="oc-f0"/>
      </symbol>
      <symbol id="sm-284">
         <name>__addd</name>
         <value>0x3d40</value>
         <object_component_ref idref="oc-123"/>
      </symbol>
      <symbol id="sm-28e">
         <name>__doflush</name>
         <value>0x6300</value>
         <object_component_ref idref="oc-f1"/>
      </symbol>
      <symbol id="sm-298">
         <name>__frcaddd</name>
         <value>0x3620</value>
         <object_component_ref idref="oc-128"/>
      </symbol>
      <symbol id="sm-2a2">
         <name>__frcmpyd</name>
         <value>0x5520</value>
         <object_component_ref idref="oc-119"/>
      </symbol>
      <symbol id="sm-2ac">
         <name>_fseek</name>
         <value>0x4d00</value>
         <object_component_ref idref="oc-f7"/>
      </symbol>
      <symbol id="sm-2b6">
         <name>__renormd</name>
         <value>0x70e0</value>
         <object_component_ref idref="oc-12a"/>
      </symbol>
      <symbol id="sm-2c0">
         <name>_setvbuf</name>
         <value>0x41c0</value>
         <object_component_ref idref="oc-f8"/>
      </symbol>
      <symbol id="sm-2ce">
         <name>__cleanup</name>
         <value>0x6900</value>
         <object_component_ref idref="oc-107"/>
      </symbol>
      <symbol id="sm-2e4">
         <name>__sys_memory</name>
         <value>0x82e0</value>
         <object_component_ref idref="oc-c6"/>
      </symbol>
      <symbol id="sm-2e5">
         <name>_free</name>
         <value>0x2b60</value>
         <object_component_ref idref="oc-105"/>
      </symbol>
      <symbol id="sm-2e6">
         <name>_malloc</name>
         <value>0x4800</value>
         <object_component_ref idref="oc-106"/>
      </symbol>
      <symbol id="sm-2f0">
         <name>__closefile</name>
         <value>0x52c0</value>
         <object_component_ref idref="oc-113"/>
      </symbol>
      <symbol id="sm-2fa">
         <name>_remove</name>
         <value>0x7ac0</value>
         <object_component_ref idref="oc-120"/>
      </symbol>
   </symbol_table>
</link_info>
