<?xml version="1.0"?>
<link_info>
   <banner>TMS320C6x Linker PC v7.4.4</banner>
   <copyright>Copyright (c) 1996-2013 Texas Instruments Incorporated</copyright>
   <link_time>0x5fde0733</link_time>
   <output_file>YCbCr2RGB_dsp.out</output_file>
   <entry_point>
      <name>_c_int00</name>
      <address>0x91c0</address>
   </entry_point>
   <input_file_list>
      <input_file id="fl-2">
         <path>.\</path>
         <kind>object</kind>
         <file>rounding.obj</file>
         <name>rounding.obj</name>
      </input_file>
      <input_file id="fl-3">
         <path>.\</path>
         <kind>object</kind>
         <file>multiply32.obj</file>
         <name>multiply32.obj</name>
      </input_file>
      <input_file id="fl-4">
         <path>.\</path>
         <kind>object</kind>
         <file>main.obj</file>
         <name>main.obj</name>
      </input_file>
      <input_file id="fl-5">
         <path>.\</path>
         <kind>object</kind>
         <file>YCbCr2RGB.obj</file>
         <name>YCbCr2RGB.obj</name>
      </input_file>
      <input_file id="fl-80">
         <path>F:\software\ccs\ccsv5\tools\compiler\c6000_7.4.4\lib\</path>
         <kind>archive</kind>
         <file>rts6400.lib</file>
         <name>addd.obj</name>
      </input_file>
      <input_file id="fl-81">
         <path>F:\software\ccs\ccsv5\tools\compiler\c6000_7.4.4\lib\</path>
         <kind>archive</kind>
         <file>rts6400.lib</file>
         <name>addf.obj</name>
      </input_file>
      <input_file id="fl-82">
         <path>F:\software\ccs\ccsv5\tools\compiler\c6000_7.4.4\lib\</path>
         <kind>archive</kind>
         <file>rts6400.lib</file>
         <name>boot.obj</name>
      </input_file>
      <input_file id="fl-83">
         <path>F:\software\ccs\ccsv5\tools\compiler\c6000_7.4.4\lib\</path>
         <kind>archive</kind>
         <file>rts6400.lib</file>
         <name>cvtdf.obj</name>
      </input_file>
      <input_file id="fl-84">
         <path>F:\software\ccs\ccsv5\tools\compiler\c6000_7.4.4\lib\</path>
         <kind>archive</kind>
         <file>rts6400.lib</file>
         <name>cvtfd.obj</name>
      </input_file>
      <input_file id="fl-85">
         <path>F:\software\ccs\ccsv5\tools\compiler\c6000_7.4.4\lib\</path>
         <kind>archive</kind>
         <file>rts6400.lib</file>
         <name>exit.obj</name>
      </input_file>
      <input_file id="fl-86">
         <path>F:\software\ccs\ccsv5\tools\compiler\c6000_7.4.4\lib\</path>
         <kind>archive</kind>
         <file>rts6400.lib</file>
         <name>fltid.obj</name>
      </input_file>
      <input_file id="fl-87">
         <path>F:\software\ccs\ccsv5\tools\compiler\c6000_7.4.4\lib\</path>
         <kind>archive</kind>
         <file>rts6400.lib</file>
         <name>fltif.obj</name>
      </input_file>
      <input_file id="fl-88">
         <path>F:\software\ccs\ccsv5\tools\compiler\c6000_7.4.4\lib\</path>
         <kind>archive</kind>
         <file>rts6400.lib</file>
         <name>frcaddd.obj</name>
      </input_file>
      <input_file id="fl-89">
         <path>F:\software\ccs\ccsv5\tools\compiler\c6000_7.4.4\lib\</path>
         <kind>archive</kind>
         <file>rts6400.lib</file>
         <name>pow.obj</name>
      </input_file>
      <input_file id="fl-8a">
         <path>F:\software\ccs\ccsv5\tools\compiler\c6000_7.4.4\lib\</path>
         <kind>archive</kind>
         <file>rts6400.lib</file>
         <name>printf.obj</name>
      </input_file>
      <input_file id="fl-8b">
         <path>F:\software\ccs\ccsv5\tools\compiler\c6000_7.4.4\lib\</path>
         <kind>archive</kind>
         <file>rts6400.lib</file>
         <name>renormd.obj</name>
      </input_file>
      <input_file id="fl-8c">
         <path>F:\software\ccs\ccsv5\tools\compiler\c6000_7.4.4\lib\</path>
         <kind>archive</kind>
         <file>rts6400.lib</file>
         <name>round.obj</name>
      </input_file>
      <input_file id="fl-8d">
         <path>F:\software\ccs\ccsv5\tools\compiler\c6000_7.4.4\lib\</path>
         <kind>archive</kind>
         <file>rts6400.lib</file>
         <name>subd.obj</name>
      </input_file>
      <input_file id="fl-8e">
         <path>F:\software\ccs\ccsv5\tools\compiler\c6000_7.4.4\lib\</path>
         <kind>archive</kind>
         <file>rts6400.lib</file>
         <name>trunc.obj</name>
      </input_file>
      <input_file id="fl-8f">
         <path>F:\software\ccs\ccsv5\tools\compiler\c6000_7.4.4\lib\</path>
         <kind>archive</kind>
         <file>rts6400.lib</file>
         <name>_lock.obj</name>
      </input_file>
      <input_file id="fl-90">
         <path>F:\software\ccs\ccsv5\tools\compiler\c6000_7.4.4\lib\</path>
         <kind>archive</kind>
         <file>rts6400.lib</file>
         <name>_printfi.obj</name>
      </input_file>
      <input_file id="fl-91">
         <path>F:\software\ccs\ccsv5\tools\compiler\c6000_7.4.4\lib\</path>
         <kind>archive</kind>
         <file>rts6400.lib</file>
         <name>args_main.obj</name>
      </input_file>
      <input_file id="fl-92">
         <path>F:\software\ccs\ccsv5\tools\compiler\c6000_7.4.4\lib\</path>
         <kind>archive</kind>
         <file>rts6400.lib</file>
         <name>atoi.obj</name>
      </input_file>
      <input_file id="fl-93">
         <path>F:\software\ccs\ccsv5\tools\compiler\c6000_7.4.4\lib\</path>
         <kind>archive</kind>
         <file>rts6400.lib</file>
         <name>autoinit.obj</name>
      </input_file>
      <input_file id="fl-94">
         <path>F:\software\ccs\ccsv5\tools\compiler\c6000_7.4.4\lib\</path>
         <kind>archive</kind>
         <file>rts6400.lib</file>
         <name>cmpd.obj</name>
      </input_file>
      <input_file id="fl-95">
         <path>F:\software\ccs\ccsv5\tools\compiler\c6000_7.4.4\lib\</path>
         <kind>archive</kind>
         <file>rts6400.lib</file>
         <name>cpp_init.obj</name>
      </input_file>
      <input_file id="fl-96">
         <path>F:\software\ccs\ccsv5\tools\compiler\c6000_7.4.4\lib\</path>
         <kind>archive</kind>
         <file>rts6400.lib</file>
         <name>cpy_tbl.obj</name>
      </input_file>
      <input_file id="fl-97">
         <path>F:\software\ccs\ccsv5\tools\compiler\c6000_7.4.4\lib\</path>
         <kind>archive</kind>
         <file>rts6400.lib</file>
         <name>ctype.obj</name>
      </input_file>
      <input_file id="fl-98">
         <path>F:\software\ccs\ccsv5\tools\compiler\c6000_7.4.4\lib\</path>
         <kind>archive</kind>
         <file>rts6400.lib</file>
         <name>defs.obj</name>
      </input_file>
      <input_file id="fl-99">
         <path>F:\software\ccs\ccsv5\tools\compiler\c6000_7.4.4\lib\</path>
         <kind>archive</kind>
         <file>rts6400.lib</file>
         <name>divd.obj</name>
      </input_file>
      <input_file id="fl-9a">
         <path>F:\software\ccs\ccsv5\tools\compiler\c6000_7.4.4\lib\</path>
         <kind>archive</kind>
         <file>rts6400.lib</file>
         <name>divu.obj</name>
      </input_file>
      <input_file id="fl-9b">
         <path>F:\software\ccs\ccsv5\tools\compiler\c6000_7.4.4\lib\</path>
         <kind>archive</kind>
         <file>rts6400.lib</file>
         <name>errno.obj</name>
      </input_file>
      <input_file id="fl-9c">
         <path>F:\software\ccs\ccsv5\tools\compiler\c6000_7.4.4\lib\</path>
         <kind>archive</kind>
         <file>rts6400.lib</file>
         <name>fixdi.obj</name>
      </input_file>
      <input_file id="fl-9d">
         <path>F:\software\ccs\ccsv5\tools\compiler\c6000_7.4.4\lib\</path>
         <kind>archive</kind>
         <file>rts6400.lib</file>
         <name>fixdli.obj</name>
      </input_file>
      <input_file id="fl-9e">
         <path>F:\software\ccs\ccsv5\tools\compiler\c6000_7.4.4\lib\</path>
         <kind>archive</kind>
         <file>rts6400.lib</file>
         <name>fltlid.obj</name>
      </input_file>
      <input_file id="fl-9f">
         <path>F:\software\ccs\ccsv5\tools\compiler\c6000_7.4.4\lib\</path>
         <kind>archive</kind>
         <file>rts6400.lib</file>
         <name>fputc.obj</name>
      </input_file>
      <input_file id="fl-a0">
         <path>F:\software\ccs\ccsv5\tools\compiler\c6000_7.4.4\lib\</path>
         <kind>archive</kind>
         <file>rts6400.lib</file>
         <name>fputs.obj</name>
      </input_file>
      <input_file id="fl-a1">
         <path>F:\software\ccs\ccsv5\tools\compiler\c6000_7.4.4\lib\</path>
         <kind>archive</kind>
         <file>rts6400.lib</file>
         <name>frcmpyd_div.obj</name>
      </input_file>
      <input_file id="fl-a2">
         <path>F:\software\ccs\ccsv5\tools\compiler\c6000_7.4.4\lib\</path>
         <kind>archive</kind>
         <file>rts6400.lib</file>
         <name>frexp.obj</name>
      </input_file>
      <input_file id="fl-a3">
         <path>F:\software\ccs\ccsv5\tools\compiler\c6000_7.4.4\lib\</path>
         <kind>archive</kind>
         <file>rts6400.lib</file>
         <name>imath40.obj</name>
      </input_file>
      <input_file id="fl-a4">
         <path>F:\software\ccs\ccsv5\tools\compiler\c6000_7.4.4\lib\</path>
         <kind>archive</kind>
         <file>rts6400.lib</file>
         <name>imath64.obj</name>
      </input_file>
      <input_file id="fl-a5">
         <path>F:\software\ccs\ccsv5\tools\compiler\c6000_7.4.4\lib\</path>
         <kind>archive</kind>
         <file>rts6400.lib</file>
         <name>isinf.obj</name>
      </input_file>
      <input_file id="fl-a6">
         <path>F:\software\ccs\ccsv5\tools\compiler\c6000_7.4.4\lib\</path>
         <kind>archive</kind>
         <file>rts6400.lib</file>
         <name>ldexp.obj</name>
      </input_file>
      <input_file id="fl-a7">
         <path>F:\software\ccs\ccsv5\tools\compiler\c6000_7.4.4\lib\</path>
         <kind>archive</kind>
         <file>rts6400.lib</file>
         <name>llshift.obj</name>
      </input_file>
      <input_file id="fl-a8">
         <path>F:\software\ccs\ccsv5\tools\compiler\c6000_7.4.4\lib\</path>
         <kind>archive</kind>
         <file>rts6400.lib</file>
         <name>lowlev.obj</name>
      </input_file>
      <input_file id="fl-a9">
         <path>F:\software\ccs\ccsv5\tools\compiler\c6000_7.4.4\lib\</path>
         <kind>archive</kind>
         <file>rts6400.lib</file>
         <name>ltoa.obj</name>
      </input_file>
      <input_file id="fl-aa">
         <path>F:\software\ccs\ccsv5\tools\compiler\c6000_7.4.4\lib\</path>
         <kind>archive</kind>
         <file>rts6400.lib</file>
         <name>memccpy.obj</name>
      </input_file>
      <input_file id="fl-ab">
         <path>F:\software\ccs\ccsv5\tools\compiler\c6000_7.4.4\lib\</path>
         <kind>archive</kind>
         <file>rts6400.lib</file>
         <name>memcpy64.obj</name>
      </input_file>
      <input_file id="fl-ac">
         <path>F:\software\ccs\ccsv5\tools\compiler\c6000_7.4.4\lib\</path>
         <kind>archive</kind>
         <file>rts6400.lib</file>
         <name>memset.obj</name>
      </input_file>
      <input_file id="fl-ad">
         <path>F:\software\ccs\ccsv5\tools\compiler\c6000_7.4.4\lib\</path>
         <kind>archive</kind>
         <file>rts6400.lib</file>
         <name>modf.obj</name>
      </input_file>
      <input_file id="fl-ae">
         <path>F:\software\ccs\ccsv5\tools\compiler\c6000_7.4.4\lib\</path>
         <kind>archive</kind>
         <file>rts6400.lib</file>
         <name>mpyd.obj</name>
      </input_file>
      <input_file id="fl-af">
         <path>F:\software\ccs\ccsv5\tools\compiler\c6000_7.4.4\lib\</path>
         <kind>archive</kind>
         <file>rts6400.lib</file>
         <name>mpyll.obj</name>
      </input_file>
      <input_file id="fl-b0">
         <path>F:\software\ccs\ccsv5\tools\compiler\c6000_7.4.4\lib\</path>
         <kind>archive</kind>
         <file>rts6400.lib</file>
         <name>negd.obj</name>
      </input_file>
      <input_file id="fl-b1">
         <path>F:\software\ccs\ccsv5\tools\compiler\c6000_7.4.4\lib\</path>
         <kind>archive</kind>
         <file>rts6400.lib</file>
         <name>negll.obj</name>
      </input_file>
      <input_file id="fl-b2">
         <path>F:\software\ccs\ccsv5\tools\compiler\c6000_7.4.4\lib\</path>
         <kind>archive</kind>
         <file>rts6400.lib</file>
         <name>trgdrv.obj</name>
      </input_file>
      <input_file id="fl-b3">
         <path>F:\software\ccs\ccsv5\tools\compiler\c6000_7.4.4\lib\</path>
         <kind>archive</kind>
         <file>rts6400.lib</file>
         <name>trgmsg.obj</name>
      </input_file>
      <input_file id="fl-b4">
         <path>F:\software\ccs\ccsv5\tools\compiler\c6000_7.4.4\lib\</path>
         <kind>archive</kind>
         <file>rts6400.lib</file>
         <name>_io_perm.obj</name>
      </input_file>
      <input_file id="fl-b5">
         <path>F:\software\ccs\ccsv5\tools\compiler\c6000_7.4.4\lib\</path>
         <kind>archive</kind>
         <file>rts6400.lib</file>
         <name>abs.obj</name>
      </input_file>
      <input_file id="fl-b6">
         <path>F:\software\ccs\ccsv5\tools\compiler\c6000_7.4.4\lib\</path>
         <kind>archive</kind>
         <file>rts6400.lib</file>
         <name>fflush.obj</name>
      </input_file>
      <input_file id="fl-b7">
         <path>F:\software\ccs\ccsv5\tools\compiler\c6000_7.4.4\lib\</path>
         <kind>archive</kind>
         <file>rts6400.lib</file>
         <name>frcmpyd.obj</name>
      </input_file>
      <input_file id="fl-b8">
         <path>F:\software\ccs\ccsv5\tools\compiler\c6000_7.4.4\lib\</path>
         <kind>archive</kind>
         <file>rts6400.lib</file>
         <name>fseek.obj</name>
      </input_file>
      <input_file id="fl-b9">
         <path>F:\software\ccs\ccsv5\tools\compiler\c6000_7.4.4\lib\</path>
         <kind>archive</kind>
         <file>rts6400.lib</file>
         <name>setvbuf.obj</name>
      </input_file>
      <input_file id="fl-ba">
         <path>F:\software\ccs\ccsv5\tools\compiler\c6000_7.4.4\lib\</path>
         <kind>archive</kind>
         <file>rts6400.lib</file>
         <name>fopen.obj</name>
      </input_file>
      <input_file id="fl-bb">
         <path>F:\software\ccs\ccsv5\tools\compiler\c6000_7.4.4\lib\</path>
         <kind>archive</kind>
         <file>rts6400.lib</file>
         <name>memory.obj</name>
      </input_file>
      <input_file id="fl-bc">
         <path>F:\software\ccs\ccsv5\tools\compiler\c6000_7.4.4\lib\</path>
         <kind>archive</kind>
         <file>rts6400.lib</file>
         <name>fclose.obj</name>
      </input_file>
      <input_file id="fl-bd">
         <path>F:\software\ccs\ccsv5\tools\compiler\c6000_7.4.4\lib\</path>
         <kind>archive</kind>
         <file>rts6400.lib</file>
         <name>remove.obj</name>
      </input_file>
   </input_file_list>
   <object_component_list>
      <object_component id="oc-10f">
         <name>.text:_pow</name>
         <load_address>0x0</load_address>
         <run_address>0x0</run_address>
         <size>0xc60</size>
         <input_file_ref idref="fl-89"/>
      </object_component>
      <object_component id="oc-13f">
         <name>.text:__getarg_diouxp</name>
         <load_address>0xc60</load_address>
         <run_address>0xc60</run_address>
         <size>0x620</size>
         <input_file_ref idref="fl-90"/>
      </object_component>
      <object_component id="oc-11d">
         <name>.text:__divd</name>
         <load_address>0x1280</load_address>
         <run_address>0x1280</run_address>
         <size>0x5c0</size>
         <input_file_ref idref="fl-99"/>
      </object_component>
      <object_component id="oc-127">
         <name>.text:__setfield</name>
         <load_address>0x1840</load_address>
         <run_address>0x1840</run_address>
         <size>0x4e0</size>
         <input_file_ref idref="fl-90"/>
      </object_component>
      <object_component id="oc-116">
         <name>.text:__printfi</name>
         <load_address>0x1d20</load_address>
         <run_address>0x1d20</run_address>
         <size>0x4c0</size>
         <input_file_ref idref="fl-90"/>
      </object_component>
      <object_component id="oc-124">
         <name>.text:_fputs</name>
         <load_address>0x21e0</load_address>
         <run_address>0x21e0</run_address>
         <size>0x420</size>
         <input_file_ref idref="fl-a0"/>
      </object_component>
      <object_component id="oc-149">
         <name>.text:_fcvt</name>
         <load_address>0x2600</load_address>
         <run_address>0x2600</run_address>
         <size>0x400</size>
         <input_file_ref idref="fl-90"/>
      </object_component>
      <object_component id="oc-133">
         <name>.text:__pproc_fge</name>
         <load_address>0x2a00</load_address>
         <run_address>0x2a00</run_address>
         <size>0x3e0</size>
         <input_file_ref idref="fl-90"/>
      </object_component>
      <object_component id="oc-146">
         <name>.text:_ecvt</name>
         <load_address>0x2de0</load_address>
         <run_address>0x2de0</run_address>
         <size>0x3c0</size>
         <input_file_ref idref="fl-90"/>
      </object_component>
      <object_component id="oc-113">
         <name>.text:__addf</name>
         <load_address>0x31a0</load_address>
         <run_address>0x31a0</run_address>
         <size>0x380</size>
         <input_file_ref idref="fl-81"/>
      </object_component>
      <object_component id="oc-13e">
         <name>.text:__pconv_e</name>
         <load_address>0x3520</load_address>
         <run_address>0x3520</run_address>
         <size>0x320</size>
         <input_file_ref idref="fl-90"/>
      </object_component>
      <object_component id="oc-104">
         <name>.text</name>
         <load_address>0x3840</load_address>
         <run_address>0x3840</run_address>
         <size>0x320</size>
         <input_file_ref idref="fl-4"/>
      </object_component>
      <object_component id="oc-126">
         <name>.text:__pproc_fwp</name>
         <load_address>0x3b60</load_address>
         <run_address>0x3b60</run_address>
         <size>0x300</size>
         <input_file_ref idref="fl-90"/>
      </object_component>
      <object_component id="oc-143">
         <name>.text:_free</name>
         <load_address>0x3e60</load_address>
         <run_address>0x3e60</run_address>
         <size>0x2e0</size>
         <input_file_ref idref="fl-bb"/>
      </object_component>
      <object_component id="oc-154">
         <name>.text:__divull</name>
         <load_address>0x4140</load_address>
         <run_address>0x4140</run_address>
         <size>0x2c0</size>
         <input_file_ref idref="fl-a4"/>
      </object_component>
      <object_component id="oc-134">
         <name>.text:__pproc_diouxp</name>
         <load_address>0x4400</load_address>
         <run_address>0x4400</run_address>
         <size>0x2a0</size>
         <input_file_ref idref="fl-90"/>
      </object_component>
      <object_component id="oc-11e">
         <name>.text:__mpyd</name>
         <load_address>0x46a0</load_address>
         <run_address>0x46a0</run_address>
         <size>0x280</size>
         <input_file_ref idref="fl-ae"/>
      </object_component>
      <object_component id="oc-123">
         <name>.text:__frcaddd</name>
         <load_address>0x4920</load_address>
         <run_address>0x4920</run_address>
         <size>0x260</size>
         <input_file_ref idref="fl-88"/>
      </object_component>
      <object_component id="oc-128">
         <name>.text:__pproc_str</name>
         <load_address>0x4b80</load_address>
         <run_address>0x4b80</run_address>
         <size>0x260</size>
         <input_file_ref idref="fl-90"/>
      </object_component>
      <object_component id="oc-129">
         <name>.text:_fputc</name>
         <load_address>0x4de0</load_address>
         <run_address>0x4de0</run_address>
         <size>0x260</size>
         <input_file_ref idref="fl-9f"/>
      </object_component>
      <object_component id="oc-110">
         <name>.text:__addd</name>
         <load_address>0x5040</load_address>
         <run_address>0x5040</run_address>
         <size>0x240</size>
         <input_file_ref idref="fl-80"/>
      </object_component>
      <object_component id="oc-13c">
         <name>.text:__pconv_g</name>
         <load_address>0x5280</load_address>
         <run_address>0x5280</run_address>
         <size>0x240</size>
         <input_file_ref idref="fl-90"/>
      </object_component>
      <object_component id="oc-11b">
         <name>.text:_ldexp</name>
         <load_address>0x54c0</load_address>
         <run_address>0x54c0</run_address>
         <size>0x240</size>
         <input_file_ref idref="fl-a6"/>
      </object_component>
      <object_component id="oc-138">
         <name>.text:_setvbuf</name>
         <load_address>0x5700</load_address>
         <run_address>0x5700</run_address>
         <size>0x240</size>
         <input_file_ref idref="fl-b9"/>
      </object_component>
      <object_component id="oc-100">
         <name>.text:_HOSTrename</name>
         <load_address>0x5940</load_address>
         <run_address>0x5940</run_address>
         <size>0x200</size>
         <input_file_ref idref="fl-b2"/>
      </object_component>
      <object_component id="oc-148">
         <name>.text:__mcpy</name>
         <load_address>0x5b40</load_address>
         <run_address>0x5b40</run_address>
         <size>0x200</size>
         <input_file_ref idref="fl-90"/>
      </object_component>
      <object_component id="oc-119">
         <name>.text:_frexp</name>
         <load_address>0x5d40</load_address>
         <run_address>0x5d40</run_address>
         <size>0x1e0</size>
         <input_file_ref idref="fl-a2"/>
      </object_component>
      <object_component id="oc-144">
         <name>.text:_malloc</name>
         <load_address>0x5f20</load_address>
         <run_address>0x5f20</run_address>
         <size>0x1c0</size>
         <input_file_ref idref="fl-bb"/>
      </object_component>
      <object_component id="oc-108">
         <name>.text</name>
         <load_address>0x60e0</load_address>
         <run_address>0x60e0</run_address>
         <size>0x1a0</size>
         <input_file_ref idref="fl-5"/>
      </object_component>
      <object_component id="oc-153">
         <name>.text:__divul</name>
         <load_address>0x6280</load_address>
         <run_address>0x6280</run_address>
         <size>0x1a0</size>
         <input_file_ref idref="fl-a3"/>
      </object_component>
      <object_component id="oc-137">
         <name>.text:_fseek</name>
         <load_address>0x6420</load_address>
         <run_address>0x6420</run_address>
         <size>0x180</size>
         <input_file_ref idref="fl-b8"/>
      </object_component>
      <object_component id="oc-15d">
         <name>.text:_getdevice</name>
         <load_address>0x65a0</load_address>
         <run_address>0x65a0</run_address>
         <size>0x180</size>
         <input_file_ref idref="fl-a8"/>
      </object_component>
      <object_component id="oc-141">
         <name>.text:__ltostr</name>
         <load_address>0x6720</load_address>
         <run_address>0x6720</run_address>
         <size>0x160</size>
         <input_file_ref idref="fl-90"/>
      </object_component>
      <object_component id="oc-11f">
         <name>.text:__nround</name>
         <load_address>0x6880</load_address>
         <run_address>0x6880</run_address>
         <size>0x160</size>
         <input_file_ref idref="fl-8c"/>
      </object_component>
      <object_component id="oc-125">
         <name>.text:__pproc_fflags</name>
         <load_address>0x69e0</load_address>
         <run_address>0x69e0</run_address>
         <size>0x160</size>
         <input_file_ref idref="fl-90"/>
      </object_component>
      <object_component id="oc-14e">
         <name>.text:__closefile</name>
         <load_address>0x6b40</load_address>
         <run_address>0x6b40</run_address>
         <size>0x140</size>
         <input_file_ref idref="fl-bc"/>
      </object_component>
      <object_component id="oc-fe">
         <name>.text:_HOSTlseek</name>
         <load_address>0x6c80</load_address>
         <run_address>0x6c80</run_address>
         <size>0x120</size>
         <input_file_ref idref="fl-b2"/>
      </object_component>
      <object_component id="oc-12c">
         <name>.text:__frcmpyd</name>
         <load_address>0x6da0</load_address>
         <run_address>0x6da0</run_address>
         <size>0x120</size>
         <input_file_ref idref="fl-b7"/>
      </object_component>
      <object_component id="oc-12e">
         <name>.text:__wrt_ok</name>
         <load_address>0x6ec0</load_address>
         <run_address>0x6ec0</run_address>
         <size>0x120</size>
         <input_file_ref idref="fl-b4"/>
      </object_component>
      <object_component id="oc-132">
         <name>.text:_atoi</name>
         <load_address>0x6fe0</load_address>
         <run_address>0x6fe0</run_address>
         <size>0x120</size>
         <input_file_ref idref="fl-92"/>
      </object_component>
      <object_component id="oc-fa">
         <name>.text:_HOSTopen</name>
         <load_address>0x7100</load_address>
         <run_address>0x7100</run_address>
         <size>0x100</size>
         <input_file_ref idref="fl-b2"/>
      </object_component>
      <object_component id="oc-fc">
         <name>.text:_HOSTread</name>
         <load_address>0x7200</load_address>
         <run_address>0x7200</run_address>
         <size>0x100</size>
         <input_file_ref idref="fl-b2"/>
      </object_component>
      <object_component id="oc-fd">
         <name>.text:_HOSTwrite</name>
         <load_address>0x7300</load_address>
         <run_address>0x7300</run_address>
         <size>0x100</size>
         <input_file_ref idref="fl-b2"/>
      </object_component>
      <object_component id="oc-12b">
         <name>.text:__frcmpyd_div</name>
         <load_address>0x7400</load_address>
         <run_address>0x7400</run_address>
         <size>0x100</size>
         <input_file_ref idref="fl-a1"/>
      </object_component>
      <object_component id="oc-155">
         <name>.text:_close</name>
         <load_address>0x7500</load_address>
         <run_address>0x7500</run_address>
         <size>0x100</size>
         <input_file_ref idref="fl-a8"/>
      </object_component>
      <object_component id="oc-150">
         <name>.text:_ltoa</name>
         <load_address>0x7600</load_address>
         <run_address>0x7600</run_address>
         <size>0x100</size>
         <input_file_ref idref="fl-a9"/>
      </object_component>
      <object_component id="oc-131">
         <name>.text:_memset</name>
         <load_address>0x7700</load_address>
         <run_address>0x7700</run_address>
         <size>0x100</size>
         <input_file_ref idref="fl-ac"/>
      </object_component>
      <object_component id="oc-ff">
         <name>.text:_HOSTunlink</name>
         <load_address>0x7800</load_address>
         <run_address>0x7800</run_address>
         <size>0xe0</size>
         <input_file_ref idref="fl-b2"/>
      </object_component>
      <object_component id="oc-f6">
         <name>.text:__auto_init</name>
         <load_address>0x78e0</load_address>
         <run_address>0x78e0</run_address>
         <size>0xe0</size>
         <input_file_ref idref="fl-93"/>
      </object_component>
      <object_component id="oc-118">
         <name>.text:__cmpd</name>
         <load_address>0x79c0</load_address>
         <run_address>0x79c0</run_address>
         <size>0xe0</size>
         <input_file_ref idref="fl-94"/>
      </object_component>
      <object_component id="oc-14b">
         <name>.text:__div</name>
         <load_address>0x7aa0</load_address>
         <run_address>0x7aa0</run_address>
         <size>0xe0</size>
         <input_file_ref idref="fl-90"/>
      </object_component>
      <object_component id="oc-12f">
         <name>.text:__doflush</name>
         <load_address>0x7b80</load_address>
         <run_address>0x7b80</run_address>
         <size>0xe0</size>
         <input_file_ref idref="fl-b6"/>
      </object_component>
      <object_component id="oc-13d">
         <name>.text:__pconv_f</name>
         <load_address>0x7c60</load_address>
         <run_address>0x7c60</run_address>
         <size>0xe0</size>
         <input_file_ref idref="fl-90"/>
      </object_component>
      <object_component id="oc-102">
         <name>.text:_memcpy</name>
         <load_address>0x7d40</load_address>
         <run_address>0x7d40</run_address>
         <size>0xe0</size>
         <input_file_ref idref="fl-ab"/>
      </object_component>
      <object_component id="oc-121">
         <name>.text:_modf</name>
         <load_address>0x7e20</load_address>
         <run_address>0x7e20</run_address>
         <size>0xe0</size>
         <input_file_ref idref="fl-ad"/>
      </object_component>
      <object_component id="oc-14c">
         <name>.text:_mremove</name>
         <load_address>0x7f00</load_address>
         <run_address>0x7f00</run_address>
         <size>0xe0</size>
         <input_file_ref idref="fl-bb"/>
      </object_component>
      <object_component id="oc-10a">
         <name>.text:_printf</name>
         <load_address>0x7fe0</load_address>
         <run_address>0x7fe0</run_address>
         <size>0xe0</size>
         <input_file_ref idref="fl-8a"/>
      </object_component>
      <object_component id="oc-fb">
         <name>.text:_HOSTclose</name>
         <load_address>0x80c0</load_address>
         <run_address>0x80c0</run_address>
         <size>0xc0</size>
         <input_file_ref idref="fl-b2"/>
      </object_component>
      <object_component id="oc-145">
         <name>.text:__cleanup</name>
         <load_address>0x8180</load_address>
         <run_address>0x8180</run_address>
         <size>0xc0</size>
         <input_file_ref idref="fl-ba"/>
      </object_component>
      <object_component id="oc-111">
         <name>.text:__cvtdf</name>
         <load_address>0x8240</load_address>
         <run_address>0x8240</run_address>
         <size>0xc0</size>
         <input_file_ref idref="fl-83"/>
      </object_component>
      <object_component id="oc-152">
         <name>.text:__divu</name>
         <load_address>0x8300</load_address>
         <run_address>0x8300</run_address>
         <size>0xc0</size>
         <input_file_ref idref="fl-9a"/>
      </object_component>
      <object_component id="oc-147">
         <name>.text:__ecpy</name>
         <load_address>0x83c0</load_address>
         <run_address>0x83c0</run_address>
         <size>0xc0</size>
         <input_file_ref idref="fl-90"/>
      </object_component>
      <object_component id="oc-14a">
         <name>.text:__fcpy</name>
         <load_address>0x8480</load_address>
         <run_address>0x8480</run_address>
         <size>0xc0</size>
         <input_file_ref idref="fl-90"/>
      </object_component>
      <object_component id="oc-f8">
         <name>.text:_exit</name>
         <load_address>0x8540</load_address>
         <run_address>0x8540</run_address>
         <size>0xc0</size>
         <input_file_ref idref="fl-85"/>
      </object_component>
      <object_component id="oc-142">
         <name>.text:_lseek</name>
         <load_address>0x8600</load_address>
         <run_address>0x8600</run_address>
         <size>0xc0</size>
         <input_file_ref idref="fl-a8"/>
      </object_component>
      <object_component id="oc-14d">
         <name>.text:_minsert</name>
         <load_address>0x86c0</load_address>
         <run_address>0x86c0</run_address>
         <size>0xc0</size>
         <input_file_ref idref="fl-bb"/>
      </object_component>
      <object_component id="oc-130">
         <name>.text:_write</name>
         <load_address>0x8780</load_address>
         <run_address>0x8780</run_address>
         <size>0xc0</size>
         <input_file_ref idref="fl-a8"/>
      </object_component>
      <object_component id="oc-158">
         <name>.text:__divli</name>
         <load_address>0x8840</load_address>
         <run_address>0x8840</run_address>
         <size>0xa0</size>
         <input_file_ref idref="fl-a3"/>
      </object_component>
      <object_component id="oc-11a">
         <name>.text:__fixdi</name>
         <load_address>0x88e0</load_address>
         <run_address>0x88e0</run_address>
         <size>0xa0</size>
         <input_file_ref idref="fl-9c"/>
      </object_component>
      <object_component id="oc-14f">
         <name>.text:__fixdli</name>
         <load_address>0x8980</load_address>
         <run_address>0x8980</run_address>
         <size>0xa0</size>
         <input_file_ref idref="fl-9d"/>
      </object_component>
      <object_component id="oc-12d">
         <name>.text:__renormd</name>
         <load_address>0x8a20</load_address>
         <run_address>0x8a20</run_address>
         <size>0xa0</size>
         <input_file_ref idref="fl-8b"/>
      </object_component>
      <object_component id="oc-101">
         <name>.text:_copy_in</name>
         <load_address>0x8ac0</load_address>
         <run_address>0x8ac0</run_address>
         <size>0xa0</size>
         <input_file_ref idref="fl-96"/>
      </object_component>
      <object_component id="oc-15e">
         <name>.text:_finddevice</name>
         <load_address>0x8b60</load_address>
         <run_address>0x8b60</run_address>
         <size>0xa0</size>
         <input_file_ref idref="fl-a8"/>
      </object_component>
      <object_component id="oc-103">
         <name>.text:___TI_cpp_init</name>
         <load_address>0x8c00</load_address>
         <run_address>0x8c00</run_address>
         <size>0x80</size>
         <input_file_ref idref="fl-95"/>
      </object_component>
      <object_component id="oc-151">
         <name>.text:__fltlid</name>
         <load_address>0x8c80</load_address>
         <run_address>0x8c80</run_address>
         <size>0x80</size>
         <input_file_ref idref="fl-9e"/>
      </object_component>
      <object_component id="oc-159">
         <name>.text:__llshl</name>
         <load_address>0x8d00</load_address>
         <run_address>0x8d00</run_address>
         <size>0x80</size>
         <input_file_ref idref="fl-a7"/>
      </object_component>
      <object_component id="oc-136">
         <name>.text:__mpyll</name>
         <load_address>0x8d80</load_address>
         <run_address>0x8d80</run_address>
         <size>0x80</size>
         <input_file_ref idref="fl-af"/>
      </object_component>
      <object_component id="oc-135">
         <name>.text:_memccpy</name>
         <load_address>0x8e00</load_address>
         <run_address>0x8e00</run_address>
         <size>0x80</size>
         <input_file_ref idref="fl-aa"/>
      </object_component>
      <object_component id="oc-107">
         <name>.text:_readmsg</name>
         <load_address>0x8e80</load_address>
         <run_address>0x8e80</run_address>
         <size>0x80</size>
         <input_file_ref idref="fl-b3"/>
      </object_component>
      <object_component id="oc-15c">
         <name>.text:_unlink</name>
         <load_address>0x8f00</load_address>
         <run_address>0x8f00</run_address>
         <size>0x80</size>
         <input_file_ref idref="fl-a8"/>
      </object_component>
      <object_component id="oc-109">
         <name>.text:__cvtfd</name>
         <load_address>0x8f80</load_address>
         <run_address>0x8f80</run_address>
         <size>0x60</size>
         <input_file_ref idref="fl-84"/>
      </object_component>
      <object_component id="oc-10e">
         <name>.text:__fltid</name>
         <load_address>0x8fe0</load_address>
         <run_address>0x8fe0</run_address>
         <size>0x60</size>
         <input_file_ref idref="fl-86"/>
      </object_component>
      <object_component id="oc-112">
         <name>.text:__fltif</name>
         <load_address>0x9040</load_address>
         <run_address>0x9040</run_address>
         <size>0x60</size>
         <input_file_ref idref="fl-87"/>
      </object_component>
      <object_component id="oc-15b">
         <name>.text:__llshru</name>
         <load_address>0x90a0</load_address>
         <run_address>0x90a0</run_address>
         <size>0x60</size>
         <input_file_ref idref="fl-a7"/>
      </object_component>
      <object_component id="oc-157">
         <name>.text:__remli</name>
         <load_address>0x9100</load_address>
         <run_address>0x9100</run_address>
         <size>0x60</size>
         <input_file_ref idref="fl-a3"/>
      </object_component>
      <object_component id="oc-15a">
         <name>.text:__subcull</name>
         <load_address>0x9160</load_address>
         <run_address>0x9160</run_address>
         <size>0x60</size>
         <input_file_ref idref="fl-a4"/>
      </object_component>
      <object_component id="oc-17">
         <name>.text:_c_int00</name>
         <load_address>0x91c0</load_address>
         <run_address>0x91c0</run_address>
         <size>0x60</size>
         <input_file_ref idref="fl-82"/>
      </object_component>
      <object_component id="oc-106">
         <name>.text:_writemsg</name>
         <load_address>0x9220</load_address>
         <run_address>0x9220</run_address>
         <size>0x60</size>
         <input_file_ref idref="fl-b3"/>
      </object_component>
      <object_component id="oc-10d">
         <name>.text</name>
         <load_address>0x9280</load_address>
         <run_address>0x9280</run_address>
         <size>0x60</size>
         <input_file_ref idref="fl-3"/>
      </object_component>
      <object_component id="oc-13b">
         <name>.text:___isinf</name>
         <load_address>0x92e0</load_address>
         <run_address>0x92e0</run_address>
         <size>0x40</size>
         <input_file_ref idref="fl-a5"/>
      </object_component>
      <object_component id="oc-13a">
         <name>.text:___isnan</name>
         <load_address>0x9320</load_address>
         <run_address>0x9320</run_address>
         <size>0x40</size>
         <input_file_ref idref="fl-90"/>
      </object_component>
      <object_component id="oc-f7">
         <name>.text:__args_main</name>
         <load_address>0x9360</load_address>
         <run_address>0x9360</run_address>
         <size>0x40</size>
         <input_file_ref idref="fl-91"/>
      </object_component>
      <object_component id="oc-122">
         <name>.text:__negd</name>
         <load_address>0x93a0</load_address>
         <run_address>0x93a0</run_address>
         <size>0x40</size>
         <input_file_ref idref="fl-b0"/>
      </object_component>
      <object_component id="oc-11c">
         <name>.text:__subd</name>
         <load_address>0x93e0</load_address>
         <run_address>0x93e0</run_address>
         <size>0x40</size>
         <input_file_ref idref="fl-8d"/>
      </object_component>
      <object_component id="oc-114">
         <name>.text</name>
         <load_address>0x9420</load_address>
         <run_address>0x9420</run_address>
         <size>0x40</size>
         <input_file_ref idref="fl-2"/>
      </object_component>
      <object_component id="oc-140">
         <name>.text:__negll</name>
         <load_address>0x9460</load_address>
         <run_address>0x9460</run_address>
         <size>0x20</size>
         <input_file_ref idref="fl-b1"/>
      </object_component>
      <object_component id="oc-f9">
         <name>.text:__nop</name>
         <load_address>0x9480</load_address>
         <run_address>0x9480</run_address>
         <size>0x20</size>
         <input_file_ref idref="fl-8f"/>
      </object_component>
      <object_component id="oc-117">
         <name>.text:__outc</name>
         <load_address>0x94a0</load_address>
         <run_address>0x94a0</run_address>
         <size>0x20</size>
         <input_file_ref idref="fl-8a"/>
      </object_component>
      <object_component id="oc-115">
         <name>.text:__outs</name>
         <load_address>0x94c0</load_address>
         <run_address>0x94c0</run_address>
         <size>0x20</size>
         <input_file_ref idref="fl-8a"/>
      </object_component>
      <object_component id="oc-120">
         <name>.text:__trunc</name>
         <load_address>0x94e0</load_address>
         <run_address>0x94e0</run_address>
         <size>0x20</size>
         <input_file_ref idref="fl-8e"/>
      </object_component>
      <object_component id="oc-105">
         <name>.text:_abort</name>
         <load_address>0x9500</load_address>
         <run_address>0x9500</run_address>
         <size>0x20</size>
         <input_file_ref idref="fl-85"/>
      </object_component>
      <object_component id="oc-156">
         <name>.text:_remove</name>
         <load_address>0x9520</load_address>
         <run_address>0x9520</run_address>
         <size>0x20</size>
         <input_file_ref idref="fl-bd"/>
      </object_component>
      <object_component id="oc-30">
         <name>.stack</name>
         <uninitialized>true</uninitialized>
         <run_address>0x9540</run_address>
         <size>0x8</size>
         <input_file_ref idref="fl-82"/>
      </object_component>
      <object_component id="oc-17d">
         <name>.stack</name>
         <uninitialized>true</uninitialized>
         <run_address>0x9540</run_address>
         <size>0x0</size>
      </object_component>
      <object_component id="oc-d0">
         <name>.cio</name>
         <uninitialized>true</uninitialized>
         <run_address>0xaef8</run_address>
         <size>0x120</size>
         <input_file_ref idref="fl-b3"/>
      </object_component>
      <object_component id="oc-139">
         <name>.const:.string:__ctypes_</name>
         <load_address>0xad78</load_address>
         <run_address>0xad78</run_address>
         <size>0x101</size>
         <input_file_ref idref="fl-97"/>
      </object_component>
      <object_component id="oc-61">
         <name>.const:.string</name>
         <load_address>0xae79</load_address>
         <run_address>0xae79</run_address>
         <size>0x23</size>
         <input_file_ref idref="fl-90"/>
      </object_component>
      <object_component id="oc-93">
         <name>.const:.string</name>
         <load_address>0xae9c</load_address>
         <run_address>0xae9c</run_address>
         <size>0x2</size>
         <input_file_ref idref="fl-a0"/>
      </object_component>
      <object_component id="oc-10b">
         <name>.const:_$P$T0$1</name>
         <load_address>0xaea0</load_address>
         <run_address>0xaea0</run_address>
         <size>0x1c</size>
         <input_file_ref idref="fl-4"/>
      </object_component>
      <object_component id="oc-10c">
         <name>.const:_$P$T1$2</name>
         <load_address>0xaec0</load_address>
         <run_address>0xaec0</run_address>
         <size>0x1c</size>
         <input_file_ref idref="fl-4"/>
      </object_component>
      <object_component id="oc-21">
         <name>.const:.string</name>
         <load_address>0xaedc</load_address>
         <run_address>0xaedc</run_address>
         <size>0x14</size>
         <input_file_ref idref="fl-4"/>
      </object_component>
      <object_component id="oc-12a">
         <name>.const:.string:_initial_approx$1</name>
         <load_address>0xaef0</load_address>
         <run_address>0xaef0</run_address>
         <size>0x8</size>
         <input_file_ref idref="fl-99"/>
      </object_component>
      <object_component id="oc-ed">
         <name>.sysmem</name>
         <uninitialized>true</uninitialized>
         <run_address>0x9d40</run_address>
         <size>0x8</size>
         <input_file_ref idref="fl-bb"/>
      </object_component>
      <object_component id="oc-17e">
         <name>.sysmem</name>
         <uninitialized>true</uninitialized>
         <run_address>0x9d40</run_address>
         <size>0x0</size>
      </object_component>
      <object_component id="oc-3b">
         <name>.far</name>
         <uninitialized>true</uninitialized>
         <run_address>0xaaa4</run_address>
         <size>0xc</size>
         <input_file_ref idref="fl-85"/>
      </object_component>
      <object_component id="oc-49">
         <name>.far</name>
         <uninitialized>true</uninitialized>
         <run_address>0xa868</run_address>
         <size>0x120</size>
         <input_file_ref idref="fl-89"/>
      </object_component>
      <object_component id="oc-5d">
         <name>.far</name>
         <uninitialized>true</uninitialized>
         <run_address>0xaab0</run_address>
         <size>0x8</size>
         <input_file_ref idref="fl-8f"/>
      </object_component>
      <object_component id="oc-7a">
         <name>.far</name>
         <uninitialized>true</uninitialized>
         <run_address>0xa540</run_address>
         <size>0x324</size>
         <input_file_ref idref="fl-98"/>
      </object_component>
      <object_component id="oc-84">
         <name>.far</name>
         <uninitialized>true</uninitialized>
         <run_address>0xa864</run_address>
         <size>0x4</size>
         <input_file_ref idref="fl-9b"/>
      </object_component>
      <object_component id="oc-ad">
         <name>.far</name>
         <uninitialized>true</uninitialized>
         <run_address>0xa988</run_address>
         <size>0x11c</size>
         <input_file_ref idref="fl-a8"/>
      </object_component>
      <object_component id="oc-cc">
         <name>.far</name>
         <uninitialized>true</uninitialized>
         <run_address>0xaac0</run_address>
         <size>0x8</size>
         <input_file_ref idref="fl-b2"/>
      </object_component>
      <object_component id="oc-e7">
         <name>.far</name>
         <uninitialized>true</uninitialized>
         <run_address>0xaac8</run_address>
         <size>0x4</size>
         <input_file_ref idref="fl-ba"/>
      </object_component>
      <object_component id="oc-ec">
         <name>.far</name>
         <uninitialized>true</uninitialized>
         <run_address>0xaab8</run_address>
         <size>0x8</size>
         <input_file_ref idref="fl-bb"/>
      </object_component>
      <object_component id="oc-48">
         <name>.cinit</name>
         <load_address>0xaad0</load_address>
         <run_address>0xaad0</run_address>
         <size>0x140</size>
         <input_file_ref idref="fl-89"/>
      </object_component>
      <object_component id="oc-79">
         <name>.cinit</name>
         <load_address>0xac10</load_address>
         <run_address>0xac10</run_address>
         <size>0x5c</size>
         <input_file_ref idref="fl-98"/>
      </object_component>
      <object_component id="oc-ac">
         <name>.cinit</name>
         <load_address>0xac70</load_address>
         <run_address>0xac70</run_address>
         <size>0x5c</size>
         <input_file_ref idref="fl-a8"/>
      </object_component>
      <object_component id="oc-3a">
         <name>.cinit</name>
         <load_address>0xacd0</load_address>
         <run_address>0xacd0</run_address>
         <size>0x2c</size>
         <input_file_ref idref="fl-85"/>
      </object_component>
      <object_component id="oc-eb">
         <name>.cinit</name>
         <load_address>0xad00</load_address>
         <run_address>0xad00</run_address>
         <size>0x2c</size>
         <input_file_ref idref="fl-bb"/>
      </object_component>
      <object_component id="oc-5c">
         <name>.cinit</name>
         <load_address>0xad30</load_address>
         <run_address>0xad30</run_address>
         <size>0x1c</size>
         <input_file_ref idref="fl-8f"/>
      </object_component>
      <object_component id="oc-83">
         <name>.cinit</name>
         <load_address>0xad50</load_address>
         <run_address>0xad50</run_address>
         <size>0xc</size>
         <input_file_ref idref="fl-9b"/>
      </object_component>
      <object_component id="oc-e6">
         <name>.cinit</name>
         <load_address>0xad60</load_address>
         <run_address>0xad60</run_address>
         <size>0xc</size>
         <input_file_ref idref="fl-ba"/>
      </object_component>
      <object_component id="oc-18">
         <name>.debug_info</name>
         <load_address>0x0</load_address>
         <run_address>0x0</run_address>
         <size>0x670</size>
         <input_file_ref idref="fl-2"/>
      </object_component>
      <object_component id="oc-1c">
         <name>.debug_info</name>
         <load_address>0x670</load_address>
         <run_address>0x670</run_address>
         <size>0x72e</size>
         <input_file_ref idref="fl-3"/>
      </object_component>
      <object_component id="oc-20">
         <name>.debug_info</name>
         <load_address>0xd9e</load_address>
         <run_address>0xd9e</run_address>
         <size>0xb1a</size>
         <input_file_ref idref="fl-4"/>
      </object_component>
      <object_component id="oc-25">
         <name>.debug_info</name>
         <load_address>0x18b8</load_address>
         <run_address>0x18b8</run_address>
         <size>0x8dc</size>
         <input_file_ref idref="fl-5"/>
      </object_component>
      <object_component id="oc-29">
         <name>.debug_info</name>
         <load_address>0x2194</load_address>
         <run_address>0x2194</run_address>
         <size>0x6d4</size>
         <input_file_ref idref="fl-80"/>
      </object_component>
      <object_component id="oc-2c">
         <name>.debug_info</name>
         <load_address>0x2868</load_address>
         <run_address>0x2868</run_address>
         <size>0x6b1</size>
         <input_file_ref idref="fl-81"/>
      </object_component>
      <object_component id="oc-2f">
         <name>.debug_info</name>
         <load_address>0x2f19</load_address>
         <run_address>0x2f19</run_address>
         <size>0x6f5</size>
         <input_file_ref idref="fl-82"/>
      </object_component>
      <object_component id="oc-33">
         <name>.debug_info</name>
         <load_address>0x360e</load_address>
         <run_address>0x360e</run_address>
         <size>0x68e</size>
         <input_file_ref idref="fl-83"/>
      </object_component>
      <object_component id="oc-36">
         <name>.debug_info</name>
         <load_address>0x3c9c</load_address>
         <run_address>0x3c9c</run_address>
         <size>0x688</size>
         <input_file_ref idref="fl-84"/>
      </object_component>
      <object_component id="oc-39">
         <name>.debug_info</name>
         <load_address>0x4324</load_address>
         <run_address>0x4324</run_address>
         <size>0x7c2</size>
         <input_file_ref idref="fl-85"/>
      </object_component>
      <object_component id="oc-3e">
         <name>.debug_info</name>
         <load_address>0x4ae6</load_address>
         <run_address>0x4ae6</run_address>
         <size>0x691</size>
         <input_file_ref idref="fl-86"/>
      </object_component>
      <object_component id="oc-41">
         <name>.debug_info</name>
         <load_address>0x5177</load_address>
         <run_address>0x5177</run_address>
         <size>0x649</size>
         <input_file_ref idref="fl-87"/>
      </object_component>
      <object_component id="oc-44">
         <name>.debug_info</name>
         <load_address>0x57c0</load_address>
         <run_address>0x57c0</run_address>
         <size>0x6e0</size>
         <input_file_ref idref="fl-88"/>
      </object_component>
      <object_component id="oc-47">
         <name>.debug_info</name>
         <load_address>0x5ea0</load_address>
         <run_address>0x5ea0</run_address>
         <size>0xc8f</size>
         <input_file_ref idref="fl-89"/>
      </object_component>
      <object_component id="oc-4c">
         <name>.debug_info</name>
         <load_address>0x6b2f</load_address>
         <run_address>0x6b2f</run_address>
         <size>0x8ec</size>
         <input_file_ref idref="fl-8a"/>
      </object_component>
      <object_component id="oc-4f">
         <name>.debug_info</name>
         <load_address>0x741b</load_address>
         <run_address>0x741b</run_address>
         <size>0x6f8</size>
         <input_file_ref idref="fl-8b"/>
      </object_component>
      <object_component id="oc-52">
         <name>.debug_info</name>
         <load_address>0x7b13</load_address>
         <run_address>0x7b13</run_address>
         <size>0x690</size>
         <input_file_ref idref="fl-8c"/>
      </object_component>
      <object_component id="oc-55">
         <name>.debug_info</name>
         <load_address>0x81a3</load_address>
         <run_address>0x81a3</run_address>
         <size>0x62e</size>
         <input_file_ref idref="fl-8d"/>
      </object_component>
      <object_component id="oc-58">
         <name>.debug_info</name>
         <load_address>0x87d1</load_address>
         <run_address>0x87d1</run_address>
         <size>0x63b</size>
         <input_file_ref idref="fl-8e"/>
      </object_component>
      <object_component id="oc-5b">
         <name>.debug_info</name>
         <load_address>0x8e0c</load_address>
         <run_address>0x8e0c</run_address>
         <size>0x636</size>
         <input_file_ref idref="fl-8f"/>
      </object_component>
      <object_component id="oc-60">
         <name>.debug_info</name>
         <load_address>0x9442</load_address>
         <run_address>0x9442</run_address>
         <size>0x292c</size>
         <input_file_ref idref="fl-90"/>
      </object_component>
      <object_component id="oc-64">
         <name>.debug_info</name>
         <load_address>0xbd6e</load_address>
         <run_address>0xbd6e</run_address>
         <size>0x6cb</size>
         <input_file_ref idref="fl-91"/>
      </object_component>
      <object_component id="oc-67">
         <name>.debug_info</name>
         <load_address>0xc439</load_address>
         <run_address>0xc439</run_address>
         <size>0x6d8</size>
         <input_file_ref idref="fl-92"/>
      </object_component>
      <object_component id="oc-6a">
         <name>.debug_info</name>
         <load_address>0xcb11</load_address>
         <run_address>0xcb11</run_address>
         <size>0x841</size>
         <input_file_ref idref="fl-93"/>
      </object_component>
      <object_component id="oc-6d">
         <name>.debug_info</name>
         <load_address>0xd352</load_address>
         <run_address>0xd352</run_address>
         <size>0x68f</size>
         <input_file_ref idref="fl-94"/>
      </object_component>
      <object_component id="oc-70">
         <name>.debug_info</name>
         <load_address>0xd9e1</load_address>
         <run_address>0xd9e1</run_address>
         <size>0x6b9</size>
         <input_file_ref idref="fl-95"/>
      </object_component>
      <object_component id="oc-73">
         <name>.debug_info</name>
         <load_address>0xe09a</load_address>
         <run_address>0xe09a</run_address>
         <size>0x7af</size>
         <input_file_ref idref="fl-96"/>
      </object_component>
      <object_component id="oc-76">
         <name>.debug_info</name>
         <load_address>0xe849</load_address>
         <run_address>0xe849</run_address>
         <size>0x5e4</size>
         <input_file_ref idref="fl-97"/>
      </object_component>
      <object_component id="oc-78">
         <name>.debug_info</name>
         <load_address>0xee2d</load_address>
         <run_address>0xee2d</run_address>
         <size>0x6d1</size>
         <input_file_ref idref="fl-98"/>
      </object_component>
      <object_component id="oc-7c">
         <name>.debug_info</name>
         <load_address>0xf4fe</load_address>
         <run_address>0xf4fe</run_address>
         <size>0x993</size>
         <input_file_ref idref="fl-99"/>
      </object_component>
      <object_component id="oc-7f">
         <name>.debug_info</name>
         <load_address>0xfe91</load_address>
         <run_address>0xfe91</run_address>
         <size>0xbc</size>
         <input_file_ref idref="fl-9a"/>
      </object_component>
      <object_component id="oc-82">
         <name>.debug_info</name>
         <load_address>0xff4d</load_address>
         <run_address>0xff4d</run_address>
         <size>0x5cc</size>
         <input_file_ref idref="fl-9b"/>
      </object_component>
      <object_component id="oc-86">
         <name>.debug_info</name>
         <load_address>0x10519</load_address>
         <run_address>0x10519</run_address>
         <size>0x67e</size>
         <input_file_ref idref="fl-9c"/>
      </object_component>
      <object_component id="oc-89">
         <name>.debug_info</name>
         <load_address>0x10b97</load_address>
         <run_address>0x10b97</run_address>
         <size>0x681</size>
         <input_file_ref idref="fl-9d"/>
      </object_component>
      <object_component id="oc-8c">
         <name>.debug_info</name>
         <load_address>0x11218</load_address>
         <run_address>0x11218</run_address>
         <size>0x69a</size>
         <input_file_ref idref="fl-9e"/>
      </object_component>
      <object_component id="oc-8f">
         <name>.debug_info</name>
         <load_address>0x118b2</load_address>
         <run_address>0x118b2</run_address>
         <size>0x814</size>
         <input_file_ref idref="fl-9f"/>
      </object_component>
      <object_component id="oc-92">
         <name>.debug_info</name>
         <load_address>0x120c6</load_address>
         <run_address>0x120c6</run_address>
         <size>0xab3</size>
         <input_file_ref idref="fl-a0"/>
      </object_component>
      <object_component id="oc-96">
         <name>.debug_info</name>
         <load_address>0x12b79</load_address>
         <run_address>0x12b79</run_address>
         <size>0x68e</size>
         <input_file_ref idref="fl-a1"/>
      </object_component>
      <object_component id="oc-99">
         <name>.debug_info</name>
         <load_address>0x13207</load_address>
         <run_address>0x13207</run_address>
         <size>0x6b9</size>
         <input_file_ref idref="fl-a2"/>
      </object_component>
      <object_component id="oc-9c">
         <name>.debug_info</name>
         <load_address>0x138c0</load_address>
         <run_address>0x138c0</run_address>
         <size>0x78d</size>
         <input_file_ref idref="fl-a3"/>
      </object_component>
      <object_component id="oc-9f">
         <name>.debug_info</name>
         <load_address>0x1404d</load_address>
         <run_address>0x1404d</run_address>
         <size>0x788</size>
         <input_file_ref idref="fl-a4"/>
      </object_component>
      <object_component id="oc-a2">
         <name>.debug_info</name>
         <load_address>0x147d5</load_address>
         <run_address>0x147d5</run_address>
         <size>0x800</size>
         <input_file_ref idref="fl-a5"/>
      </object_component>
      <object_component id="oc-a5">
         <name>.debug_info</name>
         <load_address>0x14fd5</load_address>
         <run_address>0x14fd5</run_address>
         <size>0x6c8</size>
         <input_file_ref idref="fl-a6"/>
      </object_component>
      <object_component id="oc-a8">
         <name>.debug_info</name>
         <load_address>0x1569d</load_address>
         <run_address>0x1569d</run_address>
         <size>0x6eb</size>
         <input_file_ref idref="fl-a7"/>
      </object_component>
      <object_component id="oc-ab">
         <name>.debug_info</name>
         <load_address>0x15d88</load_address>
         <run_address>0x15d88</run_address>
         <size>0xe73</size>
         <input_file_ref idref="fl-a8"/>
      </object_component>
      <object_component id="oc-b0">
         <name>.debug_info</name>
         <load_address>0x16bfb</load_address>
         <run_address>0x16bfb</run_address>
         <size>0x719</size>
         <input_file_ref idref="fl-a9"/>
      </object_component>
      <object_component id="oc-b3">
         <name>.debug_info</name>
         <load_address>0x17314</load_address>
         <run_address>0x17314</run_address>
         <size>0x6bc</size>
         <input_file_ref idref="fl-aa"/>
      </object_component>
      <object_component id="oc-b6">
         <name>.debug_info</name>
         <load_address>0x179d0</load_address>
         <run_address>0x179d0</run_address>
         <size>0xcb</size>
         <input_file_ref idref="fl-ab"/>
      </object_component>
      <object_component id="oc-b9">
         <name>.debug_info</name>
         <load_address>0x17a9b</load_address>
         <run_address>0x17a9b</run_address>
         <size>0x7a0</size>
         <input_file_ref idref="fl-ac"/>
      </object_component>
      <object_component id="oc-bc">
         <name>.debug_info</name>
         <load_address>0x1823b</load_address>
         <run_address>0x1823b</run_address>
         <size>0x671</size>
         <input_file_ref idref="fl-ad"/>
      </object_component>
      <object_component id="oc-bf">
         <name>.debug_info</name>
         <load_address>0x188ac</load_address>
         <run_address>0x188ac</run_address>
         <size>0x6cf</size>
         <input_file_ref idref="fl-ae"/>
      </object_component>
      <object_component id="oc-c2">
         <name>.debug_info</name>
         <load_address>0x18f7b</load_address>
         <run_address>0x18f7b</run_address>
         <size>0x6a1</size>
         <input_file_ref idref="fl-af"/>
      </object_component>
      <object_component id="oc-c5">
         <name>.debug_info</name>
         <load_address>0x1961c</load_address>
         <run_address>0x1961c</run_address>
         <size>0x607</size>
         <input_file_ref idref="fl-b0"/>
      </object_component>
      <object_component id="oc-c8">
         <name>.debug_info</name>
         <load_address>0x19c23</load_address>
         <run_address>0x19c23</run_address>
         <size>0x602</size>
         <input_file_ref idref="fl-b1"/>
      </object_component>
      <object_component id="oc-cb">
         <name>.debug_info</name>
         <load_address>0x1a225</load_address>
         <run_address>0x1a225</run_address>
         <size>0xdc6</size>
         <input_file_ref idref="fl-b2"/>
      </object_component>
      <object_component id="oc-cf">
         <name>.debug_info</name>
         <load_address>0x1afeb</load_address>
         <run_address>0x1afeb</run_address>
         <size>0x853</size>
         <input_file_ref idref="fl-b3"/>
      </object_component>
      <object_component id="oc-d3">
         <name>.debug_info</name>
         <load_address>0x1b83e</load_address>
         <run_address>0x1b83e</run_address>
         <size>0x744</size>
         <input_file_ref idref="fl-b4"/>
      </object_component>
      <object_component id="oc-d6">
         <name>.debug_info</name>
         <load_address>0x1bf82</load_address>
         <run_address>0x1bf82</run_address>
         <size>0x5b6</size>
         <input_file_ref idref="fl-b5"/>
      </object_component>
      <object_component id="oc-d9">
         <name>.debug_info</name>
         <load_address>0x1c538</load_address>
         <run_address>0x1c538</run_address>
         <size>0x76b</size>
         <input_file_ref idref="fl-b6"/>
      </object_component>
      <object_component id="oc-dc">
         <name>.debug_info</name>
         <load_address>0x1cca3</load_address>
         <run_address>0x1cca3</run_address>
         <size>0x71c</size>
         <input_file_ref idref="fl-b7"/>
      </object_component>
      <object_component id="oc-df">
         <name>.debug_info</name>
         <load_address>0x1d3bf</load_address>
         <run_address>0x1d3bf</run_address>
         <size>0x7a3</size>
         <input_file_ref idref="fl-b8"/>
      </object_component>
      <object_component id="oc-e2">
         <name>.debug_info</name>
         <load_address>0x1db62</load_address>
         <run_address>0x1db62</run_address>
         <size>0x7f6</size>
         <input_file_ref idref="fl-b9"/>
      </object_component>
      <object_component id="oc-e5">
         <name>.debug_info</name>
         <load_address>0x1e358</load_address>
         <run_address>0x1e358</run_address>
         <size>0x855</size>
         <input_file_ref idref="fl-ba"/>
      </object_component>
      <object_component id="oc-ea">
         <name>.debug_info</name>
         <load_address>0x1ebad</load_address>
         <run_address>0x1ebad</run_address>
         <size>0xac2</size>
         <input_file_ref idref="fl-bb"/>
      </object_component>
      <object_component id="oc-f0">
         <name>.debug_info</name>
         <load_address>0x1f66f</load_address>
         <run_address>0x1f66f</run_address>
         <size>0x7f0</size>
         <input_file_ref idref="fl-bc"/>
      </object_component>
      <object_component id="oc-f3">
         <name>.debug_info</name>
         <load_address>0x1fe5f</load_address>
         <run_address>0x1fe5f</run_address>
         <size>0x64e</size>
         <input_file_ref idref="fl-bd"/>
      </object_component>
      <object_component id="oc-17f">
         <name>.debug_info</name>
         <load_address>0x204ad</load_address>
         <run_address>0x204ad</run_address>
         <size>0x6d</size>
      </object_component>
      <object_component id="oc-19">
         <name>.debug_frame</name>
         <load_address>0x0</load_address>
         <run_address>0x0</run_address>
         <size>0x255</size>
         <input_file_ref idref="fl-2"/>
      </object_component>
      <object_component id="oc-1d">
         <name>.debug_frame</name>
         <load_address>0x255</load_address>
         <run_address>0x255</run_address>
         <size>0x255</size>
         <input_file_ref idref="fl-3"/>
      </object_component>
      <object_component id="oc-22">
         <name>.debug_frame</name>
         <load_address>0x4aa</load_address>
         <run_address>0x4aa</run_address>
         <size>0x2b5</size>
         <input_file_ref idref="fl-4"/>
      </object_component>
      <object_component id="oc-26">
         <name>.debug_frame</name>
         <load_address>0x75f</load_address>
         <run_address>0x75f</run_address>
         <size>0x28b</size>
         <input_file_ref idref="fl-5"/>
      </object_component>
      <object_component id="oc-1a">
         <name>.debug_line</name>
         <load_address>0x0</load_address>
         <run_address>0x0</run_address>
         <size>0x46</size>
         <input_file_ref idref="fl-2"/>
      </object_component>
      <object_component id="oc-1e">
         <name>.debug_line</name>
         <load_address>0x46</load_address>
         <run_address>0x46</run_address>
         <size>0x4f</size>
         <input_file_ref idref="fl-3"/>
      </object_component>
      <object_component id="oc-23">
         <name>.debug_line</name>
         <load_address>0x95</load_address>
         <run_address>0x95</run_address>
         <size>0xb3</size>
         <input_file_ref idref="fl-4"/>
      </object_component>
      <object_component id="oc-27">
         <name>.debug_line</name>
         <load_address>0x148</load_address>
         <run_address>0x148</run_address>
         <size>0x60</size>
         <input_file_ref idref="fl-5"/>
      </object_component>
      <object_component id="oc-2a">
         <name>.debug_line</name>
         <load_address>0x1a8</load_address>
         <run_address>0x1a8</run_address>
         <size>0x3c</size>
         <input_file_ref idref="fl-80"/>
      </object_component>
      <object_component id="oc-2d">
         <name>.debug_line</name>
         <load_address>0x1e4</load_address>
         <run_address>0x1e4</run_address>
         <size>0x59</size>
         <input_file_ref idref="fl-81"/>
      </object_component>
      <object_component id="oc-31">
         <name>.debug_line</name>
         <load_address>0x23d</load_address>
         <run_address>0x23d</run_address>
         <size>0x3d</size>
         <input_file_ref idref="fl-82"/>
      </object_component>
      <object_component id="oc-34">
         <name>.debug_line</name>
         <load_address>0x27a</load_address>
         <run_address>0x27a</run_address>
         <size>0x3d</size>
         <input_file_ref idref="fl-83"/>
      </object_component>
      <object_component id="oc-37">
         <name>.debug_line</name>
         <load_address>0x2b7</load_address>
         <run_address>0x2b7</run_address>
         <size>0x3d</size>
         <input_file_ref idref="fl-84"/>
      </object_component>
      <object_component id="oc-3c">
         <name>.debug_line</name>
         <load_address>0x2f4</load_address>
         <run_address>0x2f4</run_address>
         <size>0x4f</size>
         <input_file_ref idref="fl-85"/>
      </object_component>
      <object_component id="oc-3f">
         <name>.debug_line</name>
         <load_address>0x343</load_address>
         <run_address>0x343</run_address>
         <size>0x3d</size>
         <input_file_ref idref="fl-86"/>
      </object_component>
      <object_component id="oc-42">
         <name>.debug_line</name>
         <load_address>0x380</load_address>
         <run_address>0x380</run_address>
         <size>0x3d</size>
         <input_file_ref idref="fl-87"/>
      </object_component>
      <object_component id="oc-45">
         <name>.debug_line</name>
         <load_address>0x3bd</load_address>
         <run_address>0x3bd</run_address>
         <size>0x3f</size>
         <input_file_ref idref="fl-88"/>
      </object_component>
      <object_component id="oc-4a">
         <name>.debug_line</name>
         <load_address>0x3fc</load_address>
         <run_address>0x3fc</run_address>
         <size>0x5d</size>
         <input_file_ref idref="fl-89"/>
      </object_component>
      <object_component id="oc-4d">
         <name>.debug_line</name>
         <load_address>0x459</load_address>
         <run_address>0x459</run_address>
         <size>0x6a</size>
         <input_file_ref idref="fl-8a"/>
      </object_component>
      <object_component id="oc-50">
         <name>.debug_line</name>
         <load_address>0x4c3</load_address>
         <run_address>0x4c3</run_address>
         <size>0x53</size>
         <input_file_ref idref="fl-8b"/>
      </object_component>
      <object_component id="oc-53">
         <name>.debug_line</name>
         <load_address>0x516</load_address>
         <run_address>0x516</run_address>
         <size>0x3a</size>
         <input_file_ref idref="fl-8c"/>
      </object_component>
      <object_component id="oc-56">
         <name>.debug_line</name>
         <load_address>0x550</load_address>
         <run_address>0x550</run_address>
         <size>0x37</size>
         <input_file_ref idref="fl-8d"/>
      </object_component>
      <object_component id="oc-59">
         <name>.debug_line</name>
         <load_address>0x587</load_address>
         <run_address>0x587</run_address>
         <size>0x38</size>
         <input_file_ref idref="fl-8e"/>
      </object_component>
      <object_component id="oc-5e">
         <name>.debug_line</name>
         <load_address>0x5bf</load_address>
         <run_address>0x5bf</run_address>
         <size>0x35</size>
         <input_file_ref idref="fl-8f"/>
      </object_component>
      <object_component id="oc-62">
         <name>.debug_line</name>
         <load_address>0x5f4</load_address>
         <run_address>0x5f4</run_address>
         <size>0x315</size>
         <input_file_ref idref="fl-90"/>
      </object_component>
      <object_component id="oc-65">
         <name>.debug_line</name>
         <load_address>0x909</load_address>
         <run_address>0x909</run_address>
         <size>0x41</size>
         <input_file_ref idref="fl-91"/>
      </object_component>
      <object_component id="oc-68">
         <name>.debug_line</name>
         <load_address>0x94a</load_address>
         <run_address>0x94a</run_address>
         <size>0x3f</size>
         <input_file_ref idref="fl-92"/>
      </object_component>
      <object_component id="oc-6b">
         <name>.debug_line</name>
         <load_address>0x989</load_address>
         <run_address>0x989</run_address>
         <size>0x47</size>
         <input_file_ref idref="fl-93"/>
      </object_component>
      <object_component id="oc-6e">
         <name>.debug_line</name>
         <load_address>0x9d0</load_address>
         <run_address>0x9d0</run_address>
         <size>0x37</size>
         <input_file_ref idref="fl-94"/>
      </object_component>
      <object_component id="oc-71">
         <name>.debug_line</name>
         <load_address>0xa07</load_address>
         <run_address>0xa07</run_address>
         <size>0x45</size>
         <input_file_ref idref="fl-95"/>
      </object_component>
      <object_component id="oc-74">
         <name>.debug_line</name>
         <load_address>0xa4c</load_address>
         <run_address>0xa4c</run_address>
         <size>0x44</size>
         <input_file_ref idref="fl-96"/>
      </object_component>
      <object_component id="oc-7d">
         <name>.debug_line</name>
         <load_address>0xa90</load_address>
         <run_address>0xa90</run_address>
         <size>0x5a</size>
         <input_file_ref idref="fl-99"/>
      </object_component>
      <object_component id="oc-80">
         <name>.debug_line</name>
         <load_address>0xaea</load_address>
         <run_address>0xaea</run_address>
         <size>0x44</size>
         <input_file_ref idref="fl-9a"/>
      </object_component>
      <object_component id="oc-87">
         <name>.debug_line</name>
         <load_address>0xb2e</load_address>
         <run_address>0xb2e</run_address>
         <size>0x3d</size>
         <input_file_ref idref="fl-9c"/>
      </object_component>
      <object_component id="oc-8a">
         <name>.debug_line</name>
         <load_address>0xb6b</load_address>
         <run_address>0xb6b</run_address>
         <size>0x3d</size>
         <input_file_ref idref="fl-9d"/>
      </object_component>
      <object_component id="oc-8d">
         <name>.debug_line</name>
         <load_address>0xba8</load_address>
         <run_address>0xba8</run_address>
         <size>0x3d</size>
         <input_file_ref idref="fl-9e"/>
      </object_component>
      <object_component id="oc-90">
         <name>.debug_line</name>
         <load_address>0xbe5</load_address>
         <run_address>0xbe5</run_address>
         <size>0x3f</size>
         <input_file_ref idref="fl-9f"/>
      </object_component>
      <object_component id="oc-94">
         <name>.debug_line</name>
         <load_address>0xc24</load_address>
         <run_address>0xc24</run_address>
         <size>0x92</size>
         <input_file_ref idref="fl-a0"/>
      </object_component>
      <object_component id="oc-97">
         <name>.debug_line</name>
         <load_address>0xcb6</load_address>
         <run_address>0xcb6</run_address>
         <size>0x3e</size>
         <input_file_ref idref="fl-a1"/>
      </object_component>
      <object_component id="oc-9a">
         <name>.debug_line</name>
         <load_address>0xcf4</load_address>
         <run_address>0xcf4</run_address>
         <size>0x3a</size>
         <input_file_ref idref="fl-a2"/>
      </object_component>
      <object_component id="oc-9d">
         <name>.debug_line</name>
         <load_address>0xd2e</load_address>
         <run_address>0xd2e</run_address>
         <size>0x73</size>
         <input_file_ref idref="fl-a3"/>
      </object_component>
      <object_component id="oc-a0">
         <name>.debug_line</name>
         <load_address>0xda1</load_address>
         <run_address>0xda1</run_address>
         <size>0x5e</size>
         <input_file_ref idref="fl-a4"/>
      </object_component>
      <object_component id="oc-a3">
         <name>.debug_line</name>
         <load_address>0xdff</load_address>
         <run_address>0xdff</run_address>
         <size>0x38</size>
         <input_file_ref idref="fl-a5"/>
      </object_component>
      <object_component id="oc-a6">
         <name>.debug_line</name>
         <load_address>0xe37</load_address>
         <run_address>0xe37</run_address>
         <size>0x3d</size>
         <input_file_ref idref="fl-a6"/>
      </object_component>
      <object_component id="oc-a9">
         <name>.debug_line</name>
         <load_address>0xe74</load_address>
         <run_address>0xe74</run_address>
         <size>0x56</size>
         <input_file_ref idref="fl-a7"/>
      </object_component>
      <object_component id="oc-ae">
         <name>.debug_line</name>
         <load_address>0xeca</load_address>
         <run_address>0xeca</run_address>
         <size>0xf5</size>
         <input_file_ref idref="fl-a8"/>
      </object_component>
      <object_component id="oc-b1">
         <name>.debug_line</name>
         <load_address>0xfbf</load_address>
         <run_address>0xfbf</run_address>
         <size>0x40</size>
         <input_file_ref idref="fl-a9"/>
      </object_component>
      <object_component id="oc-b4">
         <name>.debug_line</name>
         <load_address>0xfff</load_address>
         <run_address>0xfff</run_address>
         <size>0x3f</size>
         <input_file_ref idref="fl-aa"/>
      </object_component>
      <object_component id="oc-b7">
         <name>.debug_line</name>
         <load_address>0x103e</load_address>
         <run_address>0x103e</run_address>
         <size>0x4f</size>
         <input_file_ref idref="fl-ab"/>
      </object_component>
      <object_component id="oc-ba">
         <name>.debug_line</name>
         <load_address>0x108d</load_address>
         <run_address>0x108d</run_address>
         <size>0x46</size>
         <input_file_ref idref="fl-ac"/>
      </object_component>
      <object_component id="oc-bd">
         <name>.debug_line</name>
         <load_address>0x10d3</load_address>
         <run_address>0x10d3</run_address>
         <size>0x37</size>
         <input_file_ref idref="fl-ad"/>
      </object_component>
[...]
            <available_space>
               <start_address>0xb018</start_address>
               <size>0x34fe8</size>
            </available_space>
         </usage_details>
      </memory_area>
      <memory_area>
         <name>EMIFA_CS0</name>
         <page_id>0x0</page_id>
         <origin>0x80000000</origin>
         <length>0x10000000</length>
         <used_space>0x0</used_space>
         <unused_space>0x10000000</unused_space>
         <attributes>RWIX</attributes>
         <usage_details>
         </usage_details>
      </memory_area>
      <memory_area>
         <name>EMIFA_CS1</name>
         <page_id>0x0</page_id>
         <origin>0x90000000</origin>
         <length>0x10000000</length>
         <used_space>0x0</used_space>
         <unused_space>0x10000000</unused_space>
         <attributes>RWIX</attributes>
         <usage_details>
         </usage_details>
      </memory_area>
      <memory_area>
         <name>EMIFA_CS2</name>
         <page_id>0x0</page_id>
         <origin>0xa0000000</origin>
         <length>0x10000000</length>
         <used_space>0x0</used_space>
         <unused_space>0x10000000</unused_space>
         <attributes>RWIX</attributes>
         <usage_details>
         </usage_details>
      </memory_area>
      <memory_area>
         <name>EMIFA_CS3</name>
         <page_id>0x0</page_id>
         <origin>0xb0000000</origin>
         <length>0x10000000</length>
         <used_space>0x0</used_space>
         <unused_space>0x10000000</unused_space>
         <attributes>RWIX</attributes>
         <usage_details>
         </usage_details>
      </memory_area>
   </placement_map>
   <symbol_table>
      <symbol id="sm-0">
         <name>cinit</name>
         <value>0xaad0</value>
      </symbol>
      <symbol id="sm-1">
         <name>___cinit__</name>
         <value>0xaad0</value>
      </symbol>
      <symbol id="sm-2">
         <name>pinit</name>
         <value>0xffffffff</value>
      </symbol>
      <symbol id="sm-3">
         <name>___pinit__</name>
         <value>0xffffffff</value>
      </symbol>
      <symbol id="sm-4">
         <name>binit</name>
         <value>0xffffffff</value>
      </symbol>
      <symbol id="sm-5">
         <name>___binit__</name>
         <value>0xffffffff</value>
      </symbol>
      <symbol id="sm-6">
         <name>__STACK_SIZE</name>
         <value>0x800</value>
      </symbol>
      <symbol id="sm-7">
         <name>__STACK_END</name>
         <value>0x9d40</value>
      </symbol>
      <symbol id="sm-8">
         <name>__SYSMEM_SIZE</name>
         <value>0x800</value>
      </symbol>
      <symbol id="sm-9">
         <name>___c_args__</name>
         <value>0xffffffff</value>
      </symbol>
      <symbol id="sm-a">
         <name>.text</name>
         <value>0x0</value>
      </symbol>
      <symbol id="sm-b">
         <name>___text__</name>
         <value>0x0</value>
      </symbol>
      <symbol id="sm-c">
         <name>etext</name>
         <value>0x9540</value>
      </symbol>
      <symbol id="sm-d">
         <name>___etext__</name>
         <value>0x9540</value>
      </symbol>
      <symbol id="sm-e">
         <name>.data</name>
         <value>0x0</value>
      </symbol>
      <symbol id="sm-f">
         <name>___data__</name>
         <value>0x0</value>
      </symbol>
      <symbol id="sm-10">
         <name>edata</name>
         <value>0x0</value>
      </symbol>
      <symbol id="sm-11">
         <name>___edata__</name>
         <value>0x0</value>
      </symbol>
      <symbol id="sm-12">
         <name>.bss</name>
         <value>0x0</value>
      </symbol>
      <symbol id="sm-13">
         <name>___bss__</name>
         <value>0x0</value>
      </symbol>
      <symbol id="sm-14">
         <name>end</name>
         <value>0x0</value>
      </symbol>
      <symbol id="sm-15">
         <name>___end__</name>
         <value>0x0</value>
      </symbol>
      <symbol id="sm-16">
         <name>___TI_pprof_out_hndl</name>
         <value>0xffffffff</value>
      </symbol>
      <symbol id="sm-17">
         <name>___TI_prof_data_start</name>
         <value>0xffffffff</value>
      </symbol>
      <symbol id="sm-18">
         <name>___TI_prof_data_size</name>
         <value>0xffffffff</value>
      </symbol>
      <symbol id="sm-19">
         <name>$bss</name>
         <value>0x0</value>
      </symbol>
      <symbol id="sm-55">
         <name>_my_rounding</name>
         <value>0x9420</value>
         <object_component_ref idref="oc-114"/>
      </symbol>
      <symbol id="sm-5f">
         <name>_multiply32</name>
         <value>0x9280</value>
         <object_component_ref idref="oc-10d"/>
      </symbol>
      <symbol id="sm-93">
         <name>_main</name>
         <value>0x3840</value>
         <object_component_ref idref="oc-104"/>
      </symbol>
      <symbol id="sm-94">
         <name>_show_fix_point</name>
         <value>0x3a38</value>
         <object_component_ref idref="oc-104"/>
      </symbol>
      <symbol id="sm-95">
         <name>_test_main</name>
         <value>0x38a0</value>
         <object_component_ref idref="oc-104"/>
      </symbol>
      <symbol id="sm-9f">
         <name>_YCbCr2RGB</name>
         <value>0x60e0</value>
         <object_component_ref idref="oc-108"/>
      </symbol>
      <symbol id="sm-a9">
         <name>__addd</name>
         <value>0x5040</value>
         <object_component_ref idref="oc-110"/>
      </symbol>
      <symbol id="sm-b3">
         <name>__addf</name>
         <value>0x31a0</value>
         <object_component_ref idref="oc-113"/>
      </symbol>
      <symbol id="sm-bf">
         <name>_c_int00</name>
         <value>0x91c0</value>
         <object_component_ref idref="oc-17"/>
      </symbol>
      <symbol id="sm-c0">
         <name>__stack</name>
         <value>0x9540</value>
         <object_component_ref idref="oc-30"/>
      </symbol>
      <symbol id="sm-ca">
         <name>__cvtdf</name>
         <value>0x8240</value>
         <object_component_ref idref="oc-111"/>
      </symbol>
      <symbol id="sm-d4">
         <name>__cvtfd</name>
         <value>0x8f80</value>
         <object_component_ref idref="oc-109"/>
      </symbol>
      <symbol id="sm-e4">
         <name>C$$EXIT</name>
         <value>0x9500</value>
         <object_component_ref idref="oc-105"/>
      </symbol>
      <symbol id="sm-e5">
         <name>_exit</name>
         <value>0x8540</value>
         <object_component_ref idref="oc-f8"/>
      </symbol>
      <symbol id="sm-e6">
         <name>___TI_enable_exit_profile_output</name>
         <value>0xaaac</value>
         <object_component_ref idref="oc-3b"/>
      </symbol>
      <symbol id="sm-e7">
         <name>_abort</name>
         <value>0x9500</value>
         <object_component_ref idref="oc-105"/>
      </symbol>
      <symbol id="sm-e8">
         <name>__cleanup_ptr</name>
         <value>0xaaa4</value>
         <object_component_ref idref="oc-3b"/>
      </symbol>
      <symbol id="sm-e9">
         <name>__dtors_ptr</name>
         <value>0xaaa8</value>
         <object_component_ref idref="oc-3b"/>
      </symbol>
      <symbol id="sm-f3">
         <name>__fltid</name>
         <value>0x8fe0</value>
         <object_component_ref idref="oc-10e"/>
      </symbol>
      <symbol id="sm-fd">
         <name>__fltif</name>
         <value>0x9040</value>
         <object_component_ref idref="oc-112"/>
      </symbol>
      <symbol id="sm-107">
         <name>__frcaddd</name>
         <value>0x4920</value>
         <object_component_ref idref="oc-123"/>
      </symbol>
      <symbol id="sm-115">
         <name>_pow</name>
         <value>0x0</value>
         <object_component_ref idref="oc-10f"/>
      </symbol>
      <symbol id="sm-123">
         <name>_printf</name>
         <value>0x7fe0</value>
         <object_component_ref idref="oc-10a"/>
      </symbol>
      <symbol id="sm-12d">
         <name>__renormd</name>
         <value>0x8a20</value>
         <object_component_ref idref="oc-12d"/>
      </symbol>
      <symbol id="sm-137">
         <name>__nround</name>
         <value>0x6880</value>
         <object_component_ref idref="oc-11f"/>
      </symbol>
      <symbol id="sm-141">
         <name>__subd</name>
         <value>0x93e0</value>
         <object_component_ref idref="oc-11c"/>
      </symbol>
      <symbol id="sm-14b">
         <name>__trunc</name>
         <value>0x94e0</value>
         <object_component_ref idref="oc-120"/>
      </symbol>
      <symbol id="sm-159">
         <name>__unlock</name>
         <value>0xaab4</value>
         <object_component_ref idref="oc-5d"/>
      </symbol>
      <symbol id="sm-15a">
         <name>__lock</name>
         <value>0xaab0</value>
         <object_component_ref idref="oc-5d"/>
      </symbol>
      <symbol id="sm-15b">
         <name>__nop</name>
         <value>0x9480</value>
         <object_component_ref idref="oc-f9"/>
      </symbol>
      <symbol id="sm-18b">
         <name>__printfi</name>
         <value>0x1d20</value>
         <object_component_ref idref="oc-116"/>
      </symbol>
      <symbol id="sm-195">
         <name>__args_main</name>
         <value>0x9360</value>
         <object_component_ref idref="oc-f7"/>
      </symbol>
      <symbol id="sm-196">
         <name>__TI_args_main</name>
         <value>0x1</value>
      </symbol>
      <symbol id="sm-1a0">
         <name>_atoi</name>
         <value>0x6fe0</value>
         <object_component_ref idref="oc-132"/>
      </symbol>
      <symbol id="sm-1aa">
         <name>__auto_init</name>
         <value>0x78e0</value>
         <object_component_ref idref="oc-f6"/>
      </symbol>
      <symbol id="sm-1b4">
         <name>__cmpd</name>
         <value>0x79c0</value>
         <object_component_ref idref="oc-118"/>
      </symbol>
      <symbol id="sm-1be">
         <name>___TI_cpp_init</name>
         <value>0x8c00</value>
         <object_component_ref idref="oc-103"/>
      </symbol>
      <symbol id="sm-1c8">
         <name>_copy_in</name>
         <value>0x8ac0</value>
         <object_component_ref idref="oc-101"/>
      </symbol>
      <symbol id="sm-1d0">
         <name>__ctypes_</name>
         <value>0xad78</value>
         <object_component_ref idref="oc-139"/>
      </symbol>
      <symbol id="sm-1da">
         <name>__tmpnams</name>
         <value>0xa720</value>
         <object_component_ref idref="oc-7a"/>
      </symbol>
      <symbol id="sm-1db">
         <name>__ft_end</name>
         <value>0xa860</value>
         <object_component_ref idref="oc-7a"/>
      </symbol>
      <symbol id="sm-1dc">
         <name>__ftable</name>
         <value>0xa540</value>
         <object_component_ref idref="oc-7a"/>
      </symbol>
      <symbol id="sm-1e8">
         <name>__divd</name>
         <value>0x1280</value>
         <object_component_ref idref="oc-11d"/>
      </symbol>
      <symbol id="sm-1f0">
         <name>__c6xabi_divu</name>
         <value>0x8300</value>
         <object_component_ref idref="oc-152"/>
      </symbol>
      <symbol id="sm-1f1">
         <name>__divu</name>
         <value>0x8300</value>
         <object_component_ref idref="oc-152"/>
      </symbol>
      <symbol id="sm-1fb">
         <name>_errno</name>
         <value>0xa864</value>
         <object_component_ref idref="oc-84"/>
      </symbol>
      <symbol id="sm-205">
         <name>__fixdi</name>
         <value>0x88e0</value>
         <object_component_ref idref="oc-11a"/>
      </symbol>
      <symbol id="sm-20f">
         <name>__fixdli</name>
         <value>0x8980</value>
         <object_component_ref idref="oc-14f"/>
      </symbol>
      <symbol id="sm-219">
         <name>__fltlid</name>
         <value>0x8c80</value>
         <object_component_ref idref="oc-151"/>
      </symbol>
      <symbol id="sm-223">
         <name>_putc</name>
         <value>0x4de0</value>
         <object_component_ref idref="oc-129"/>
      </symbol>
      <symbol id="sm-224">
         <name>_fputc</name>
         <value>0x4de0</value>
         <object_component_ref idref="oc-129"/>
      </symbol>
      <symbol id="sm-230">
         <name>_fputs</name>
         <value>0x21e0</value>
         <object_component_ref idref="oc-124"/>
      </symbol>
      <symbol id="sm-23a">
         <name>__frcmpyd_div</name>
         <value>0x7400</value>
         <object_component_ref idref="oc-12b"/>
      </symbol>
      <symbol id="sm-244">
         <name>_frexp</name>
         <value>0x5d40</value>
         <object_component_ref idref="oc-119"/>
      </symbol>
      <symbol id="sm-252">
         <name>__divul</name>
         <value>0x6280</value>
         <object_component_ref idref="oc-153"/>
      </symbol>
      <symbol id="sm-253">
         <name>__remli</name>
         <value>0x9100</value>
         <object_component_ref idref="oc-157"/>
      </symbol>
      <symbol id="sm-254">
         <name>__divli</name>
         <value>0x8840</value>
         <object_component_ref idref="oc-158"/>
      </symbol>
      <symbol id="sm-260">
         <name>__subcull</name>
         <value>0x9160</value>
         <object_component_ref idref="oc-15a"/>
      </symbol>
      <symbol id="sm-261">
         <name>__divull</name>
         <value>0x4140</value>
         <object_component_ref idref="oc-154"/>
      </symbol>
      <symbol id="sm-26b">
         <name>___isinf</name>
         <value>0x92e0</value>
         <object_component_ref idref="oc-13b"/>
      </symbol>
      <symbol id="sm-275">
         <name>_ldexp</name>
         <value>0x54c0</value>
         <object_component_ref idref="oc-11b"/>
      </symbol>
      <symbol id="sm-281">
         <name>__llshl</name>
         <value>0x8d00</value>
         <object_component_ref idref="oc-159"/>
      </symbol>
      <symbol id="sm-282">
         <name>__llshru</name>
         <value>0x90a0</value>
         <object_component_ref idref="oc-15b"/>
      </symbol>
      <symbol id="sm-29a">
         <name>_unlink</name>
         <value>0x8f00</value>
         <object_component_ref idref="oc-15c"/>
      </symbol>
      <symbol id="sm-29b">
         <name>_lseek</name>
         <value>0x8600</value>
         <object_component_ref idref="oc-142"/>
      </symbol>
      <symbol id="sm-29c">
         <name>_close</name>
         <value>0x7500</value>
         <object_component_ref idref="oc-155"/>
      </symbol>
      <symbol id="sm-29d">
         <name>_write</name>
         <value>0x8780</value>
         <object_component_ref idref="oc-130"/>
      </symbol>
      <symbol id="sm-2a7">
         <name>_ltoa</name>
         <value>0x7600</value>
         <object_component_ref idref="oc-150"/>
      </symbol>
      <symbol id="sm-2b1">
         <name>_memccpy</name>
         <value>0x8e00</value>
         <object_component_ref idref="oc-135"/>
      </symbol>
      <symbol id="sm-2b9">
         <name>_memcpy</name>
         <value>0x7d40</value>
         <object_component_ref idref="oc-102"/>
      </symbol>
      <symbol id="sm-2c3">
         <name>_memset</name>
         <value>0x7700</value>
         <object_component_ref idref="oc-131"/>
      </symbol>
      <symbol id="sm-2cd">
         <name>_modf</name>
         <value>0x7e20</value>
         <object_component_ref idref="oc-121"/>
      </symbol>
      <symbol id="sm-2d7">
         <name>__mpyd</name>
         <value>0x46a0</value>
         <object_component_ref idref="oc-11e"/>
      </symbol>
      <symbol id="sm-2e1">
         <name>__mpyll</name>
         <value>0x8d80</value>
         <object_component_ref idref="oc-136"/>
      </symbol>
      <symbol id="sm-2eb">
         <name>__negd</name>
         <value>0x93a0</value>
         <object_component_ref idref="oc-122"/>
      </symbol>
      <symbol id="sm-2f5">
         <name>__negll</name>
         <value>0x9460</value>
         <object_component_ref idref="oc-140"/>
      </symbol>
      <symbol id="sm-30d">
         <name>_HOSTopen</name>
         <value>0x7100</value>
         <object_component_ref idref="oc-fa"/>
      </symbol>
      <symbol id="sm-30e">
         <name>_HOSTread</name>
         <value>0x7200</value>
         <object_component_ref idref="oc-fc"/>
      </symbol>
      <symbol id="sm-30f">
         <name>_HOSTrename</name>
         <value>0x5940</value>
         <object_component_ref idref="oc-100"/>
      </symbol>
      <symbol id="sm-310">
         <name>_HOSTwrite</name>
         <value>0x7300</value>
         <object_component_ref idref="oc-fd"/>
      </symbol>
      <symbol id="sm-311">
         <name>_HOSTlseek</name>
         <value>0x6c80</value>
         <object_component_ref idref="oc-fe"/>
      </symbol>
      <symbol id="sm-312">
         <name>_HOSTunlink</name>
         <value>0x7800</value>
         <object_component_ref idref="oc-ff"/>
      </symbol>
      <symbol id="sm-313">
         <name>_HOSTclose</name>
         <value>0x80c0</value>
         <object_component_ref idref="oc-fb"/>
      </symbol>
      <symbol id="sm-321">
         <name>C$$IO$$</name>
         <value>0x9278</value>
         <object_component_ref idref="oc-106"/>
      </symbol>
      <symbol id="sm-322">
         <name>__CIOBUF_</name>
         <value>0xaef8</value>
         <object_component_ref idref="oc-d0"/>
      </symbol>
      <symbol id="sm-323">
         <name>_readmsg</name>
         <value>0x8e80</value>
         <object_component_ref idref="oc-107"/>
      </symbol>
      <symbol id="sm-324">
         <name>_writemsg</name>
         <value>0x9220</value>
         <object_component_ref idref="oc-106"/>
      </symbol>
      <symbol id="sm-32e">
         <name>__wrt_ok</name>
         <value>0x6ec0</value>
         <object_component_ref idref="oc-12e"/>
      </symbol>
      <symbol id="sm-33f">
         <name>__doflush</name>
         <value>0x7b80</value>
         <object_component_ref idref="oc-12f"/>
      </symbol>
      <symbol id="sm-349">
         <name>__frcmpyd</name>
         <value>0x6da0</value>
         <object_component_ref idref="oc-12c"/>
      </symbol>
      <symbol id="sm-353">
         <name>_fseek</name>
         <value>0x6420</value>
         <object_component_ref idref="oc-137"/>
      </symbol>
      <symbol id="sm-35d">
         <name>_setvbuf</name>
         <value>0x5700</value>
         <object_component_ref idref="oc-138"/>
      </symbol>
      <symbol id="sm-36b">
         <name>__cleanup</name>
         <value>0x8180</value>
         <object_component_ref idref="oc-145"/>
      </symbol>
      <symbol id="sm-381">
         <name>__sys_memory</name>
         <value>0x9d40</value>
         <object_component_ref idref="oc-ed"/>
      </symbol>
      <symbol id="sm-382">
         <name>_free</name>
         <value>0x3e60</value>
         <object_component_ref idref="oc-143"/>
      </symbol>
      <symbol id="sm-383">
         <name>_malloc</name>
         <value>0x5f20</value>
         <object_component_ref idref="oc-144"/>
      </symbol>
      <symbol id="sm-38d">
         <name>__closefile</name>
         <value>0x6b40</value>
         <object_component_ref idref="oc-14e"/>
      </symbol>
      <symbol id="sm-397">
         <name>_remove</name>
         <value>0x9520</value>
         <object_component_ref idref="oc-156"/>
      </symbol>
   </symbol_table>
</link_info>
